violation type: Short
	srcs: net:net37204 net:net37226
	bbox = (286.4650, 830.2000) - (286.6050, 830.3400) on Layer metal5
violation type: Short
	srcs: net:net37226 net:i_cache_subsystem.i_nbdcache/sram_block_6__data_sram.genblk1_0__i_ram/net30373
	bbox = (286.4650, 829.3600) - (286.6050, 829.5000) on Layer metal5
violation type: Short
	srcs: net:net37226 net:i_cache_subsystem.i_nbdcache/sram_block_6__data_sram.genblk1_0__i_ram/net30366
	bbox = (286.4650, 830.4800) - (286.6050, 830.6200) on Layer metal5
violation type: Short
	srcs: net:net37152 net:net37226
	bbox = (286.4650, 829.6400) - (286.6050, 829.7800) on Layer metal5
violation type: Short
	srcs: net:net37216 net:net37206
	bbox = (293.7450, 834.4000) - (293.8850, 834.5400) on Layer metal5
violation type: Short
	srcs: net:net37216 net:net37210
	bbox = (297.3850, 834.4000) - (297.5250, 834.5400) on Layer metal5
violation type: Short
	srcs: net:net37216 net:net37210
	bbox = (297.1050, 834.4000) - (297.2450, 834.5400) on Layer metal5
violation type: Short
	srcs: net:net37216 net:net37210
	bbox = (297.1050, 834.4000) - (297.5250, 834.5400) on Layer metal5
violation type: Short
	srcs: net:net37210 net:net32627
	bbox = (296.8250, 833.6000) - (296.9650, 833.9800) on Layer metal6
violation type: Short
	srcs: net:i_cache_subsystem.i_icache.sram_block_3__tag_sram.rdata_o\[15\] net:net32627
	bbox = (297.1050, 833.6000) - (297.2450, 833.7400) on Layer metal6
violation type: Short
	srcs: net:net32627 net:net2049
	bbox = (297.3850, 833.6000) - (297.5250, 833.7400) on Layer metal6
violation type: Short
	srcs: net:net37210 net:net32627
	bbox = (296.8250, 833.6000) - (296.9650, 833.7400) on Layer metal6
violation type: Short
	srcs: net:net37216 net:net37190
	bbox = (293.7450, 834.6800) - (293.8850, 834.8200) on Layer metal5
violation type: Short
	srcs: net:net37206 net:net37190
	bbox = (294.8650, 834.6800) - (295.0050, 834.8200) on Layer metal5
