
==========================================================================
global route report_tns
--------------------------------------------------------------------------
tns max -1.86

==========================================================================
global route report_wns
--------------------------------------------------------------------------
wns max -0.10

==========================================================================
global route report_worst_slack
--------------------------------------------------------------------------
worst slack max -0.10

==========================================================================
global route report_clock_min_period
--------------------------------------------------------------------------
clk period_min = 2.90 fmax = 344.34

==========================================================================
global route report_clock_skew
--------------------------------------------------------------------------
Clock clk
   0.43 source latency sa01_sr[1]$_DFF_P_/CLK ^
  -0.58 target latency sa10_sr[2]$_DFF_P_/CLK ^
   0.00 CRPR
--------------
  -0.15 setup skew


==========================================================================
global route report_checks -path_delay min
--------------------------------------------------------------------------
Startpoint: text_in[45] (input port clocked by clk)
Endpoint: text_in_r[45]$_DFFE_PP_
          (rising edge-triggered flip-flop clocked by clk)
Path Group: clk
Path Type: min

Fanout     Cap    Slew   Delay    Time   Description
-----------------------------------------------------------------------------
                          0.00    0.00   clock clk (rise edge)
                          0.00    0.00   clock network delay (propagated)
                          0.56    0.56 ^ input external delay
     1    0.01    0.00    0.00    0.56 ^ text_in[45] (in)
                                         text_in[45] (net)
                  0.00    0.00    0.56 ^ input198/A (sky130_fd_sc_hs__buf_1)
     1    0.00    0.03    0.05    0.61 ^ input198/X (sky130_fd_sc_hs__buf_1)
                                         net198 (net)
                  0.03    0.00    0.61 ^ text_in_r[45]$_DFFE_PP_/D (sky130_fd_sc_hs__edfxtp_1)
                                  0.61   data arrival time

                          0.00    0.00   clock clk (rise edge)
                          0.00    0.00   clock source latency
     1    0.09    0.00    0.00    0.00 ^ clk (in)
                                         clk (net)
                  0.01    0.00    0.00 ^ clkbuf_0_clk/A (sky130_fd_sc_hs__clkbuf_16)
    16    0.42    0.23    0.23    0.23 ^ clkbuf_0_clk/X (sky130_fd_sc_hs__clkbuf_16)
                                         clknet_0_clk (net)
                  0.23    0.01    0.24 ^ clkbuf_4_7_0_clk/A (sky130_fd_sc_hs__clkbuf_16)
    10    0.18    0.11    0.21    0.45 ^ clkbuf_4_7_0_clk/X (sky130_fd_sc_hs__clkbuf_16)
                                         clknet_4_7_0_clk (net)
                  0.11    0.00    0.45 ^ clkbuf_leaf_78_clk/A (sky130_fd_sc_hs__clkbuf_16)
     8    0.04    0.04    0.12    0.58 ^ clkbuf_leaf_78_clk/X (sky130_fd_sc_hs__clkbuf_16)
                                         clknet_leaf_78_clk (net)
                  0.04    0.00    0.58 ^ text_in_r[45]$_DFFE_PP_/CLK (sky130_fd_sc_hs__edfxtp_1)
                          0.00    0.58   clock reconvergence pessimism
                         -0.08    0.50   library hold time
                                  0.50   data required time
-----------------------------------------------------------------------------
                                  0.50   data required time
                                 -0.61   data arrival time
-----------------------------------------------------------------------------
                                  0.11   slack (MET)



==========================================================================
global route report_checks -path_delay max
--------------------------------------------------------------------------
Startpoint: sa11_sr[2]$_DFF_P_ (rising edge-triggered flip-flop clocked by clk)
Endpoint: sa01_sr[1]$_DFF_P_ (rising edge-triggered flip-flop clocked by clk)
Path Group: clk
Path Type: max

Fanout     Cap    Slew   Delay    Time   Description
-----------------------------------------------------------------------------
                          0.00    0.00   clock clk (rise edge)
                          0.00    0.00   clock source latency
     1    0.09    0.00    0.00    0.00 ^ clk (in)
                                         clk (net)
                  0.01    0.00    0.00 ^ clkbuf_0_clk/A (sky130_fd_sc_hs__clkbuf_16)
    16    0.42    0.23    0.23    0.23 ^ clkbuf_0_clk/X (sky130_fd_sc_hs__clkbuf_16)
                                         clknet_0_clk (net)
                  0.23    0.01    0.24 ^ clkbuf_4_11_0_clk/A (sky130_fd_sc_hs__clkbuf_16)
     7    0.15    0.09    0.20    0.44 ^ clkbuf_4_11_0_clk/X (sky130_fd_sc_hs__clkbuf_16)
                                         clknet_4_11_0_clk (net)
                  0.09    0.00    0.44 ^ clkbuf_leaf_36_clk/A (sky130_fd_sc_hs__clkbuf_16)
     9    0.04    0.04    0.12    0.57 ^ clkbuf_leaf_36_clk/X (sky130_fd_sc_hs__clkbuf_16)
                                         clknet_leaf_36_clk (net)
                  0.04    0.00    0.57 ^ sa11_sr[2]$_DFF_P_/CLK (sky130_fd_sc_hs__dfxtp_2)
     5    0.05    0.17    0.29    0.86 ^ sa11_sr[2]$_DFF_P_/Q (sky130_fd_sc_hs__dfxtp_2)
                                         _00054_ (net)
                  0.17    0.00    0.86 ^ _12488_/B (sky130_fd_sc_hs__xor2_1)
     2    0.02    0.29    0.28    1.14 ^ _12488_/X (sky130_fd_sc_hs__xor2_1)
                                         _02117_ (net)
                  0.29    0.00    1.14 ^ _19837_/C (sky130_fd_sc_hs__xor3_1)
     1    0.01    0.09    0.25    1.39 v _19837_/X (sky130_fd_sc_hs__xor3_1)
                                         _09466_ (net)
                  0.09    0.00    1.39 v place7482/A (sky130_fd_sc_hs__buf_4)
     1    0.04    0.05    0.14    1.53 v place7482/X (sky130_fd_sc_hs__buf_4)
                                         net7482 (net)
                  0.05    0.00    1.53 v _19838_/A2 (sky130_fd_sc_hs__o21a_1)
     2    0.03    0.12    0.21    1.75 v _19838_/X (sky130_fd_sc_hs__o21a_1)
                                         _09467_ (net)
                  0.12    0.00    1.75 v _19841_/B (sky130_fd_sc_hs__xnor2_2)
     1    0.01    0.10    0.17    1.91 v _19841_/Y (sky130_fd_sc_hs__xnor2_2)
                                         _09470_ (net)
                  0.10    0.00    1.91 v place6455/A (sky130_fd_sc_hs__buf_8)
    15    0.10    0.06    0.15    2.07 v place6455/X (sky130_fd_sc_hs__buf_8)
                                         net6455 (net)
                  0.06    0.01    2.07 v _19877_/A (sky130_fd_sc_hs__nor2_1)
     2    0.01    0.14    0.14    2.21 ^ _19877_/Y (sky130_fd_sc_hs__nor2_1)
                                         _09506_ (net)
                  0.14    0.00    2.21 ^ place5109/A (sky130_fd_sc_hs__buf_2)
     8    0.06    0.26    0.25    2.46 ^ place5109/X (sky130_fd_sc_hs__buf_2)
                                         net5109 (net)
                  0.26    0.01    2.47 ^ _20292_/A2 (sky130_fd_sc_hs__a21oi_1)
     1    0.00    0.07    0.09    2.55 v _20292_/Y (sky130_fd_sc_hs__a21oi_1)
                                         _09921_ (net)
                  0.07    0.00    2.55 v _20294_/B1 (sky130_fd_sc_hs__o221ai_1)
     1    0.01    0.20    0.17    2.73 ^ _20294_/Y (sky130_fd_sc_hs__o221ai_1)
                                         _09923_ (net)
                  0.20    0.00    2.73 ^ _20295_/B1 (sky130_fd_sc_hs__a21oi_1)
     1    0.01    0.07    0.08    2.80 v _20295_/Y (sky130_fd_sc_hs__a21oi_1)
                                         _09924_ (net)
                  0.07    0.00    2.80 v _20299_/C (sky130_fd_sc_hs__nor4b_1)
     1    0.00    0.22    0.20    3.01 ^ _20299_/Y (sky130_fd_sc_hs__nor4b_1)
                                         _09928_ (net)
                  0.22    0.00    3.01 ^ place4778/A (sky130_fd_sc_hs__buf_1)
     1    0.02    0.12    0.16    3.16 ^ place4778/X (sky130_fd_sc_hs__buf_1)
                                         net4778 (net)
                  0.12    0.00    3.17 ^ _20329_/C1 (sky130_fd_sc_hs__a211oi_1)
     1    0.01    0.07    0.06    3.22 v _20329_/Y (sky130_fd_sc_hs__a211oi_1)
                                         _09958_ (net)
                  0.07    0.00    3.22 v sa01_sr[1]$_DFF_P_/D (sky130_fd_sc_hs__dfxtp_1)
                                  3.22   data arrival time

                          2.80    2.80   clock clk (rise edge)
                          0.00    2.80   clock source latency
     1    0.09    0.00    0.00    2.80 ^ clk (in)
                                         clk (net)
                  0.01    0.00    2.80 ^ clkbuf_0_clk/A (sky130_fd_sc_hs__clkbuf_16)
    16    0.42    0.23    0.23    3.03 ^ clkbuf_0_clk/X (sky130_fd_sc_hs__clkbuf_16)
                                         clknet_0_clk (net)
                  0.23    0.01    3.04 ^ clkbuf_4_10_0_clk/A (sky130_fd_sc_hs__clkbuf_16)
     5    0.12    0.08    0.19    3.23 ^ clkbuf_4_10_0_clk/X (sky130_fd_sc_hs__clkbuf_16)
                                         clknet_4_10_0_clk (net)
                  0.08    0.00    3.23 ^ sa01_sr[1]$_DFF_P_/CLK (sky130_fd_sc_hs__dfxtp_1)
                          0.00    3.23   clock reconvergence pessimism
                         -0.12    3.12   library setup time
                                  3.12   data required time
-----------------------------------------------------------------------------
                                  3.12   data required time
                                 -3.22   data arrival time
-----------------------------------------------------------------------------
                                 -0.10   slack (VIOLATED)



==========================================================================
global route report_checks -unconstrained
--------------------------------------------------------------------------
Startpoint: sa11_sr[2]$_DFF_P_ (rising edge-triggered flip-flop clocked by clk)
Endpoint: sa01_sr[1]$_DFF_P_ (rising edge-triggered flip-flop clocked by clk)
Path Group: clk
Path Type: max

Fanout     Cap    Slew   Delay    Time   Description
-----------------------------------------------------------------------------
                          0.00    0.00   clock clk (rise edge)
                          0.00    0.00   clock source latency
     1    0.09    0.00    0.00    0.00 ^ clk (in)
                                         clk (net)
                  0.01    0.00    0.00 ^ clkbuf_0_clk/A (sky130_fd_sc_hs__clkbuf_16)
    16    0.42    0.23    0.23    0.23 ^ clkbuf_0_clk/X (sky130_fd_sc_hs__clkbuf_16)
                                         clknet_0_clk (net)
                  0.23    0.01    0.24 ^ clkbuf_4_11_0_clk/A (sky130_fd_sc_hs__clkbuf_16)
     7    0.15    0.09    0.20    0.44 ^ clkbuf_4_11_0_clk/X (sky130_fd_sc_hs__clkbuf_16)
                                         clknet_4_11_0_clk (net)
                  0.09    0.00    0.44 ^ clkbuf_leaf_36_clk/A (sky130_fd_sc_hs__clkbuf_16)
     9    0.04    0.04    0.12    0.57 ^ clkbuf_leaf_36_clk/X (sky130_fd_sc_hs__clkbuf_16)
                                         clknet_leaf_36_clk (net)
                  0.04    0.00    0.57 ^ sa11_sr[2]$_DFF_P_/CLK (sky130_fd_sc_hs__dfxtp_2)
     5    0.05    0.17    0.29    0.86 ^ sa11_sr[2]$_DFF_P_/Q (sky130_fd_sc_hs__dfxtp_2)
                                         _00054_ (net)
                  0.17    0.00    0.86 ^ _12488_/B (sky130_fd_sc_hs__xor2_1)
     2    0.02    0.29    0.28    1.14 ^ _12488_/X (sky130_fd_sc_hs__xor2_1)
                                         _02117_ (net)
                  0.29    0.00    1.14 ^ _19837_/C (sky130_fd_sc_hs__xor3_1)
     1    0.01    0.09    0.25    1.39 v _19837_/X (sky130_fd_sc_hs__xor3_1)
                                         _09466_ (net)
                  0.09    0.00    1.39 v place7482/A (sky130_fd_sc_hs__buf_4)
     1    0.04    0.05    0.14    1.53 v place7482/X (sky130_fd_sc_hs__buf_4)
                                         net7482 (net)
                  0.05    0.00    1.53 v _19838_/A2 (sky130_fd_sc_hs__o21a_1)
     2    0.03    0.12    0.21    1.75 v _19838_/X (sky130_fd_sc_hs__o21a_1)
                                         _09467_ (net)
                  0.12    0.00    1.75 v _19841_/B (sky130_fd_sc_hs__xnor2_2)
     1    0.01    0.10    0.17    1.91 v _19841_/Y (sky130_fd_sc_hs__xnor2_2)
                                         _09470_ (net)
                  0.10    0.00    1.91 v place6455/A (sky130_fd_sc_hs__buf_8)
    15    0.10    0.06    0.15    2.07 v place6455/X (sky130_fd_sc_hs__buf_8)
                                         net6455 (net)
                  0.06    0.01    2.07 v _19877_/A (sky130_fd_sc_hs__nor2_1)
     2    0.01    0.14    0.14    2.21 ^ _19877_/Y (sky130_fd_sc_hs__nor2_1)
                                         _09506_ (net)
                  0.14    0.00    2.21 ^ place5109/A (sky130_fd_sc_hs__buf_2)
     8    0.06    0.26    0.25    2.46 ^ place5109/X (sky130_fd_sc_hs__buf_2)
                                         net5109 (net)
                  0.26    0.01    2.47 ^ _20292_/A2 (sky130_fd_sc_hs__a21oi_1)
     1    0.00    0.07    0.09    2.55 v _20292_/Y (sky130_fd_sc_hs__a21oi_1)
                                         _09921_ (net)
                  0.07    0.00    2.55 v _20294_/B1 (sky130_fd_sc_hs__o221ai_1)
     1    0.01    0.20    0.17    2.73 ^ _20294_/Y (sky130_fd_sc_hs__o221ai_1)
                                         _09923_ (net)
                  0.20    0.00    2.73 ^ _20295_/B1 (sky130_fd_sc_hs__a21oi_1)
     1    0.01    0.07    0.08    2.80 v _20295_/Y (sky130_fd_sc_hs__a21oi_1)
                                         _09924_ (net)
                  0.07    0.00    2.80 v _20299_/C (sky130_fd_sc_hs__nor4b_1)
     1    0.00    0.22    0.20    3.01 ^ _20299_/Y (sky130_fd_sc_hs__nor4b_1)
                                         _09928_ (net)
                  0.22    0.00    3.01 ^ place4778/A (sky130_fd_sc_hs__buf_1)
     1    0.02    0.12    0.16    3.16 ^ place4778/X (sky130_fd_sc_hs__buf_1)
                                         net4778 (net)
                  0.12    0.00    3.17 ^ _20329_/C1 (sky130_fd_sc_hs__a211oi_1)
     1    0.01    0.07    0.06    3.22 v _20329_/Y (sky130_fd_sc_hs__a211oi_1)
                                         _09958_ (net)
                  0.07    0.00    3.22 v sa01_sr[1]$_DFF_P_/D (sky130_fd_sc_hs__dfxtp_1)
                                  3.22   data arrival time

                          2.80    2.80   clock clk (rise edge)
                          0.00    2.80   clock source latency
     1    0.09    0.00    0.00    2.80 ^ clk (in)
                                         clk (net)
                  0.01    0.00    2.80 ^ clkbuf_0_clk/A (sky130_fd_sc_hs__clkbuf_16)
    16    0.42    0.23    0.23    3.03 ^ clkbuf_0_clk/X (sky130_fd_sc_hs__clkbuf_16)
                                         clknet_0_clk (net)
                  0.23    0.01    3.04 ^ clkbuf_4_10_0_clk/A (sky130_fd_sc_hs__clkbuf_16)
     5    0.12    0.08    0.19    3.23 ^ clkbuf_4_10_0_clk/X (sky130_fd_sc_hs__clkbuf_16)
                                         clknet_4_10_0_clk (net)
                  0.08    0.00    3.23 ^ sa01_sr[1]$_DFF_P_/CLK (sky130_fd_sc_hs__dfxtp_1)
                          0.00    3.23   clock reconvergence pessimism
                         -0.12    3.12   library setup time
                                  3.12   data required time
-----------------------------------------------------------------------------
                                  3.12   data required time
                                 -3.22   data arrival time
-----------------------------------------------------------------------------
                                 -0.10   slack (VIOLATED)



==========================================================================
global route report_check_types -max_slew -max_cap -max_fanout -violators
--------------------------------------------------------------------------

==========================================================================
global route max_slew_check_slack
--------------------------------------------------------------------------
0.14134904742240906

==========================================================================
global route max_slew_check_limit
--------------------------------------------------------------------------
1.0

==========================================================================
global route max_slew_check_slack_limit
--------------------------------------------------------------------------
0.1413

==========================================================================
global route max_fanout_check_slack
--------------------------------------------------------------------------
1.0000000150474662e+30

==========================================================================
global route max_fanout_check_limit
--------------------------------------------------------------------------
1.0000000150474662e+30

==========================================================================
global route max_capacitance_check_slack
--------------------------------------------------------------------------
0.008626386523246765

==========================================================================
global route max_capacitance_check_limit
--------------------------------------------------------------------------
0.06360000371932983

==========================================================================
global route max_capacitance_check_slack_limit
--------------------------------------------------------------------------
0.1356

==========================================================================
global route max_slew_violation_count
--------------------------------------------------------------------------
max slew violation count 0

==========================================================================
global route max_fanout_violation_count
--------------------------------------------------------------------------
max fanout violation count 0

==========================================================================
global route max_cap_violation_count
--------------------------------------------------------------------------
max cap violation count 0

==========================================================================
global route setup_violation_count
--------------------------------------------------------------------------
setup violation count 67

==========================================================================
global route hold_violation_count
--------------------------------------------------------------------------
hold violation count 0

==========================================================================
global route report_checks -path_delay max reg to reg
--------------------------------------------------------------------------
Startpoint: sa11_sr[2]$_DFF_P_ (rising edge-triggered flip-flop clocked by clk)
Endpoint: sa01_sr[1]$_DFF_P_ (rising edge-triggered flip-flop clocked by clk)
Path Group: clk
Path Type: max

  Delay    Time   Description
---------------------------------------------------------
   0.00    0.00   clock clk (rise edge)
   0.00    0.00   clock source latency
   0.00    0.00 ^ clk (in)
   0.23    0.23 ^ clkbuf_0_clk/X (sky130_fd_sc_hs__clkbuf_16)
   0.21    0.44 ^ clkbuf_4_11_0_clk/X (sky130_fd_sc_hs__clkbuf_16)
   0.13    0.57 ^ clkbuf_leaf_36_clk/X (sky130_fd_sc_hs__clkbuf_16)
   0.00    0.57 ^ sa11_sr[2]$_DFF_P_/CLK (sky130_fd_sc_hs__dfxtp_2)
   0.29    0.86 ^ sa11_sr[2]$_DFF_P_/Q (sky130_fd_sc_hs__dfxtp_2)
   0.28    1.14 ^ _12488_/X (sky130_fd_sc_hs__xor2_1)
   0.25    1.39 v _19837_/X (sky130_fd_sc_hs__xor3_1)
   0.14    1.53 v place7482/X (sky130_fd_sc_hs__buf_4)
   0.22    1.75 v _19838_/X (sky130_fd_sc_hs__o21a_1)
   0.17    1.91 v _19841_/Y (sky130_fd_sc_hs__xnor2_2)
   0.15    2.07 v place6455/X (sky130_fd_sc_hs__buf_8)
   0.15    2.21 ^ _19877_/Y (sky130_fd_sc_hs__nor2_1)
   0.25    2.46 ^ place5109/X (sky130_fd_sc_hs__buf_2)
   0.09    2.55 v _20292_/Y (sky130_fd_sc_hs__a21oi_1)
   0.17    2.73 ^ _20294_/Y (sky130_fd_sc_hs__o221ai_1)
   0.08    2.80 v _20295_/Y (sky130_fd_sc_hs__a21oi_1)
   0.20    3.01 ^ _20299_/Y (sky130_fd_sc_hs__nor4b_1)
   0.16    3.16 ^ place4778/X (sky130_fd_sc_hs__buf_1)
   0.06    3.22 v _20329_/Y (sky130_fd_sc_hs__a211oi_1)
   0.00    3.22 v sa01_sr[1]$_DFF_P_/D (sky130_fd_sc_hs__dfxtp_1)
           3.22   data arrival time

   2.80    2.80   clock clk (rise edge)
   0.00    2.80   clock source latency
   0.00    2.80 ^ clk (in)
   0.23    3.03 ^ clkbuf_0_clk/X (sky130_fd_sc_hs__clkbuf_16)
   0.20    3.23 ^ clkbuf_4_10_0_clk/X (sky130_fd_sc_hs__clkbuf_16)
   0.00    3.23 ^ sa01_sr[1]$_DFF_P_/CLK (sky130_fd_sc_hs__dfxtp_1)
   0.00    3.23   clock reconvergence pessimism
  -0.12    3.12   library setup time
           3.12   data required time
---------------------------------------------------------
           3.12   data required time
          -3.22   data arrival time
---------------------------------------------------------
          -0.10   slack (VIOLATED)



==========================================================================
global route report_checks -path_delay min reg to reg
--------------------------------------------------------------------------
Startpoint: dcnt[1]$_SDFFE_PN0P_
            (rising edge-triggered flip-flop clocked by clk)
Endpoint: done$_DFF_P_ (rising edge-triggered flip-flop clocked by clk)
Path Group: clk
Path Type: min

  Delay    Time   Description
---------------------------------------------------------
   0.00    0.00   clock clk (rise edge)
   0.00    0.00   clock source latency
   0.00    0.00 ^ clk (in)
   0.23    0.23 ^ clkbuf_0_clk/X (sky130_fd_sc_hs__clkbuf_16)
   0.20    0.43 ^ clkbuf_4_10_0_clk/X (sky130_fd_sc_hs__clkbuf_16)
   0.11    0.54 ^ clkbuf_leaf_30_clk/X (sky130_fd_sc_hs__clkbuf_16)
   0.00    0.54 ^ dcnt[1]$_SDFFE_PN0P_/CLK (sky130_fd_sc_hs__dfxtp_1)
   0.20    0.74 ^ dcnt[1]$_SDFFE_PN0P_/Q (sky130_fd_sc_hs__dfxtp_1)
   0.05    0.79 v _20930_/Y (sky130_fd_sc_hs__nor4b_1)
   0.00    0.79 v done$_DFF_P_/D (sky130_fd_sc_hs__dfxtp_1)
           0.79   data arrival time

   0.00    0.00   clock clk (rise edge)
   0.00    0.00   clock source latency
   0.00    0.00 ^ clk (in)
   0.23    0.23 ^ clkbuf_0_clk/X (sky130_fd_sc_hs__clkbuf_16)
   0.20    0.43 ^ clkbuf_4_10_0_clk/X (sky130_fd_sc_hs__clkbuf_16)
   0.11    0.54 ^ clkbuf_leaf_30_clk/X (sky130_fd_sc_hs__clkbuf_16)
   0.00    0.54 ^ done$_DFF_P_/CLK (sky130_fd_sc_hs__dfxtp_1)
   0.00    0.54   clock reconvergence pessimism
  -0.06    0.48   library hold time
           0.48   data required time
---------------------------------------------------------
           0.48   data required time
          -0.79   data arrival time
---------------------------------------------------------
           0.31   slack (MET)



==========================================================================
global route critical path target clock latency max path
--------------------------------------------------------------------------
0.5681

==========================================================================
global route critical path target clock latency min path
--------------------------------------------------------------------------
0.5777

==========================================================================
global route critical path source clock latency min path
--------------------------------------------------------------------------
0.0000

==========================================================================
global route critical path delay
--------------------------------------------------------------------------
3.2224

==========================================================================
global route critical path slack
--------------------------------------------------------------------------
-0.1041

==========================================================================
global route slack div critical path delay
--------------------------------------------------------------------------
-3.230511

==========================================================================
global route report_power
--------------------------------------------------------------------------
Group                  Internal  Switching    Leakage      Total
                          Power      Power      Power      Power (Watts)
----------------------------------------------------------------
Sequential             2.61e-02   6.80e-03   3.55e-07   3.29e-02   3.0%
Combinational          5.60e-01   4.73e-01   1.20e-06   1.03e+00  95.2%
Clock                  1.14e-02   7.80e-03   3.71e-08   1.92e-02   1.8%
Macro                  0.00e+00   0.00e+00   0.00e+00   0.00e+00   0.0%
Pad                    0.00e+00   0.00e+00   0.00e+00   0.00e+00   0.0%
----------------------------------------------------------------
Total                  5.97e-01   4.87e-01   1.59e-06   1.08e+00 100.0%
                          55.1%      44.9%       0.0%
