
==========================================================================
detailed place report_tns
--------------------------------------------------------------------------
tns max -3.67

==========================================================================
detailed place report_wns
--------------------------------------------------------------------------
wns max -0.53

==========================================================================
detailed place report_worst_slack
--------------------------------------------------------------------------
worst slack max -0.53

==========================================================================
detailed place report_clock_min_period
--------------------------------------------------------------------------
clk period_min = 3.33 fmax = 300.06

==========================================================================
detailed place report_checks -path_delay min
--------------------------------------------------------------------------
Startpoint: dcnt[1]$_SDFFE_PN0P_
            (rising edge-triggered flip-flop clocked by clk)
Endpoint: done$_DFF_P_ (rising edge-triggered flip-flop clocked by clk)
Path Group: clk
Path Type: min

Fanout     Cap    Slew   Delay    Time   Description
-----------------------------------------------------------------------------
                  0.00    0.00    0.00   clock clk (rise edge)
                          0.00    0.00   clock network delay (ideal)
                  0.00    0.00    0.00 ^ dcnt[1]$_SDFFE_PN0P_/CLK (sky130_fd_sc_hs__dfxtp_1)
     2    0.01    0.06    0.18    0.18 ^ dcnt[1]$_SDFFE_PN0P_/Q (sky130_fd_sc_hs__dfxtp_1)
                                         _00009_ (net)
                  0.06    0.00    0.18 ^ _20930_/B (sky130_fd_sc_hs__nor4b_1)
     1    0.00    0.03    0.04    0.23 v _20930_/Y (sky130_fd_sc_hs__nor4b_1)
                                         _10559_ (net)
                  0.03    0.00    0.23 v done$_DFF_P_/D (sky130_fd_sc_hs__dfxtp_1)
                                  0.23   data arrival time

                  0.00    0.00    0.00   clock clk (rise edge)
                          0.00    0.00   clock network delay (ideal)
                          0.00    0.00   clock reconvergence pessimism
                                  0.00 ^ done$_DFF_P_/CLK (sky130_fd_sc_hs__dfxtp_1)
                         -0.07   -0.07   library hold time
                                 -0.07   data required time
-----------------------------------------------------------------------------
                                 -0.07   data required time
                                 -0.23   data arrival time
-----------------------------------------------------------------------------
                                  0.29   slack (MET)



==========================================================================
detailed place report_checks -path_delay max
--------------------------------------------------------------------------
Startpoint: sa33_sr[2]$_DFF_P_ (rising edge-triggered flip-flop clocked by clk)
Endpoint: sa30_sr[7]$_DFF_P_ (rising edge-triggered flip-flop clocked by clk)
Path Group: clk
Path Type: max

Fanout     Cap    Slew   Delay    Time   Description
-----------------------------------------------------------------------------
                  0.00    0.00    0.00   clock clk (rise edge)
                          0.00    0.00   clock network delay (ideal)
                  0.00    0.00    0.00 ^ sa33_sr[2]$_DFF_P_/CLK (sky130_fd_sc_hs__dfxtp_1)
     4    0.06    0.38    0.40    0.40 ^ sa33_sr[2]$_DFF_P_/Q (sky130_fd_sc_hs__dfxtp_1)
                                         _00134_ (net)
                  0.38    0.01    0.41 ^ _13567_/A (sky130_fd_sc_hs__xnor3_1)
     1    0.01    0.09    0.36    0.77 v _13567_/X (sky130_fd_sc_hs__xnor3_1)
                                         _03196_ (net)
                  0.09    0.00    0.77 v _13569_/B (sky130_fd_sc_hs__xnor3_1)
     1    0.02    0.14    0.33    1.10 v _13569_/X (sky130_fd_sc_hs__xnor3_1)
                                         _03198_ (net)
                  0.14    0.00    1.10 v _13570_/A1 (sky130_fd_sc_hs__mux2i_1)
     1    0.00    0.14    0.12    1.22 ^ _13570_/Y (sky130_fd_sc_hs__mux2i_1)
                                         _03199_ (net)
                  0.14    0.00    1.22 ^ place7446/A (sky130_fd_sc_hs__buf_2)
     2    0.03    0.11    0.15    1.38 ^ place7446/X (sky130_fd_sc_hs__buf_2)
                                         net7446 (net)
                  0.11    0.00    1.38 ^ _13572_/B (sky130_fd_sc_hs__xnor2_4)
     4    0.02    0.18    0.18    1.56 ^ _13572_/Y (sky130_fd_sc_hs__xnor2_4)
                                         _03201_ (net)
                  0.18    0.00    1.56 ^ place7098/A (sky130_fd_sc_hs__buf_8)
    26    0.13    0.14    0.18    1.74 ^ place7098/X (sky130_fd_sc_hs__buf_8)
                                         net7098 (net)
                  0.14    0.00    1.74 ^ _13651_/A (sky130_fd_sc_hs__nor2_1)
     3    0.02    0.08    0.10    1.84 v _13651_/Y (sky130_fd_sc_hs__nor2_1)
                                         _03280_ (net)
                  0.08    0.00    1.84 v place5961/A (sky130_fd_sc_hs__buf_4)
     6    0.03    0.04    0.12    1.97 v place5961/X (sky130_fd_sc_hs__buf_4)
                                         net5961 (net)
                  0.04    0.00    1.97 v _13654_/B2 (sky130_fd_sc_hs__a22oi_1)
     1    0.00    0.12    0.11    2.08 ^ _13654_/Y (sky130_fd_sc_hs__a22oi_1)
                                         _03283_ (net)
                  0.12    0.00    2.08 ^ _13657_/A2 (sky130_fd_sc_hs__o221ai_1)
     1    0.00    0.10    0.10    2.18 v _13657_/Y (sky130_fd_sc_hs__o221ai_1)
                                         _03286_ (net)
                  0.10    0.00    2.18 v _13658_/A2 (sky130_fd_sc_hs__a211oi_1)
     1    0.01    0.28    0.28    2.46 ^ _13658_/Y (sky130_fd_sc_hs__a211oi_1)
                                         _03287_ (net)
                  0.28    0.00    2.46 ^ _13659_/A2 (sky130_fd_sc_hs__a21oi_1)
     1    0.01    0.10    0.13    2.59 v _13659_/Y (sky130_fd_sc_hs__a21oi_1)
                                         _03288_ (net)
                  0.10    0.00    2.59 v _13720_/A2 (sky130_fd_sc_hs__o2111ai_1)
     1    0.05    0.72    0.57    3.16 ^ _13720_/Y (sky130_fd_sc_hs__o2111ai_1)
                                         _03349_ (net)
                  0.72    0.01    3.17 ^ sa30_sr[7]$_DFF_P_/D (sky130_fd_sc_hs__dfxtp_1)
                                  3.17   data arrival time

                  0.00    2.80    2.80   clock clk (rise edge)
                          0.00    2.80   clock network delay (ideal)
                          0.00    2.80   clock reconvergence pessimism
                                  2.80 ^ sa30_sr[7]$_DFF_P_/CLK (sky130_fd_sc_hs__dfxtp_1)
                         -0.16    2.64   library setup time
                                  2.64   data required time
-----------------------------------------------------------------------------
                                  2.64   data required time
                                 -3.17   data arrival time
-----------------------------------------------------------------------------
                                 -0.53   slack (VIOLATED)



==========================================================================
detailed place report_checks -unconstrained
--------------------------------------------------------------------------
Startpoint: sa33_sr[2]$_DFF_P_ (rising edge-triggered flip-flop clocked by clk)
Endpoint: sa30_sr[7]$_DFF_P_ (rising edge-triggered flip-flop clocked by clk)
Path Group: clk
Path Type: max

Fanout     Cap    Slew   Delay    Time   Description
-----------------------------------------------------------------------------
                  0.00    0.00    0.00   clock clk (rise edge)
                          0.00    0.00   clock network delay (ideal)
                  0.00    0.00    0.00 ^ sa33_sr[2]$_DFF_P_/CLK (sky130_fd_sc_hs__dfxtp_1)
     4    0.06    0.38    0.40    0.40 ^ sa33_sr[2]$_DFF_P_/Q (sky130_fd_sc_hs__dfxtp_1)
                                         _00134_ (net)
                  0.38    0.01    0.41 ^ _13567_/A (sky130_fd_sc_hs__xnor3_1)
     1    0.01    0.09    0.36    0.77 v _13567_/X (sky130_fd_sc_hs__xnor3_1)
                                         _03196_ (net)
                  0.09    0.00    0.77 v _13569_/B (sky130_fd_sc_hs__xnor3_1)
     1    0.02    0.14    0.33    1.10 v _13569_/X (sky130_fd_sc_hs__xnor3_1)
                                         _03198_ (net)
                  0.14    0.00    1.10 v _13570_/A1 (sky130_fd_sc_hs__mux2i_1)
     1    0.00    0.14    0.12    1.22 ^ _13570_/Y (sky130_fd_sc_hs__mux2i_1)
                                         _03199_ (net)
                  0.14    0.00    1.22 ^ place7446/A (sky130_fd_sc_hs__buf_2)
     2    0.03    0.11    0.15    1.38 ^ place7446/X (sky130_fd_sc_hs__buf_2)
                                         net7446 (net)
                  0.11    0.00    1.38 ^ _13572_/B (sky130_fd_sc_hs__xnor2_4)
     4    0.02    0.18    0.18    1.56 ^ _13572_/Y (sky130_fd_sc_hs__xnor2_4)
                                         _03201_ (net)
                  0.18    0.00    1.56 ^ place7098/A (sky130_fd_sc_hs__buf_8)
    26    0.13    0.14    0.18    1.74 ^ place7098/X (sky130_fd_sc_hs__buf_8)
                                         net7098 (net)
                  0.14    0.00    1.74 ^ _13651_/A (sky130_fd_sc_hs__nor2_1)
     3    0.02    0.08    0.10    1.84 v _13651_/Y (sky130_fd_sc_hs__nor2_1)
                                         _03280_ (net)
                  0.08    0.00    1.84 v place5961/A (sky130_fd_sc_hs__buf_4)
     6    0.03    0.04    0.12    1.97 v place5961/X (sky130_fd_sc_hs__buf_4)
                                         net5961 (net)
                  0.04    0.00    1.97 v _13654_/B2 (sky130_fd_sc_hs__a22oi_1)
     1    0.00    0.12    0.11    2.08 ^ _13654_/Y (sky130_fd_sc_hs__a22oi_1)
                                         _03283_ (net)
                  0.12    0.00    2.08 ^ _13657_/A2 (sky130_fd_sc_hs__o221ai_1)
     1    0.00    0.10    0.10    2.18 v _13657_/Y (sky130_fd_sc_hs__o221ai_1)
                                         _03286_ (net)
                  0.10    0.00    2.18 v _13658_/A2 (sky130_fd_sc_hs__a211oi_1)
     1    0.01    0.28    0.28    2.46 ^ _13658_/Y (sky130_fd_sc_hs__a211oi_1)
                                         _03287_ (net)
                  0.28    0.00    2.46 ^ _13659_/A2 (sky130_fd_sc_hs__a21oi_1)
     1    0.01    0.10    0.13    2.59 v _13659_/Y (sky130_fd_sc_hs__a21oi_1)
                                         _03288_ (net)
                  0.10    0.00    2.59 v _13720_/A2 (sky130_fd_sc_hs__o2111ai_1)
     1    0.05    0.72    0.57    3.16 ^ _13720_/Y (sky130_fd_sc_hs__o2111ai_1)
                                         _03349_ (net)
                  0.72    0.01    3.17 ^ sa30_sr[7]$_DFF_P_/D (sky130_fd_sc_hs__dfxtp_1)
                                  3.17   data arrival time

                  0.00    2.80    2.80   clock clk (rise edge)
                          0.00    2.80   clock network delay (ideal)
                          0.00    2.80   clock reconvergence pessimism
                                  2.80 ^ sa30_sr[7]$_DFF_P_/CLK (sky130_fd_sc_hs__dfxtp_1)
                         -0.16    2.64   library setup time
                                  2.64   data required time
-----------------------------------------------------------------------------
                                  2.64   data required time
                                 -3.17   data arrival time
-----------------------------------------------------------------------------
                                 -0.53   slack (VIOLATED)



==========================================================================
detailed place report_check_types -max_slew -max_cap -max_fanout -violators
--------------------------------------------------------------------------

==========================================================================
detailed place max_slew_check_slack
--------------------------------------------------------------------------
0.22042924165725708

==========================================================================
detailed place max_slew_check_limit
--------------------------------------------------------------------------
1.0

==========================================================================
detailed place max_slew_check_slack_limit
--------------------------------------------------------------------------
0.2204

==========================================================================
detailed place max_fanout_check_slack
--------------------------------------------------------------------------
1.0000000150474662e+30

==========================================================================
detailed place max_fanout_check_limit
--------------------------------------------------------------------------
1.0000000150474662e+30

==========================================================================
detailed place max_capacitance_check_slack
--------------------------------------------------------------------------
0.013566238805651665

==========================================================================
detailed place max_capacitance_check_limit
--------------------------------------------------------------------------
0.0416099987924099

==========================================================================
detailed place max_capacitance_check_slack_limit
--------------------------------------------------------------------------
0.3260

==========================================================================
detailed place max_slew_violation_count
--------------------------------------------------------------------------
max slew violation count 0

==========================================================================
detailed place max_fanout_violation_count
--------------------------------------------------------------------------
max fanout violation count 0

==========================================================================
detailed place max_cap_violation_count
--------------------------------------------------------------------------
max cap violation count 0

==========================================================================
detailed place setup_violation_count
--------------------------------------------------------------------------
setup violation count 41

==========================================================================
detailed place hold_violation_count
--------------------------------------------------------------------------
hold violation count 0

==========================================================================
detailed place report_checks -path_delay max reg to reg
--------------------------------------------------------------------------
Startpoint: sa33_sr[2]$_DFF_P_ (rising edge-triggered flip-flop clocked by clk)
Endpoint: sa30_sr[7]$_DFF_P_ (rising edge-triggered flip-flop clocked by clk)
Path Group: clk
Path Type: max

  Delay    Time   Description
---------------------------------------------------------
   0.00    0.00   clock clk (rise edge)
   0.00    0.00   clock network delay (ideal)
   0.00    0.00 ^ sa33_sr[2]$_DFF_P_/CLK (sky130_fd_sc_hs__dfxtp_1)
   0.40    0.40 ^ sa33_sr[2]$_DFF_P_/Q (sky130_fd_sc_hs__dfxtp_1)
   0.37    0.77 v _13567_/X (sky130_fd_sc_hs__xnor3_1)
   0.33    1.10 v _13569_/X (sky130_fd_sc_hs__xnor3_1)
   0.13    1.22 ^ _13570_/Y (sky130_fd_sc_hs__mux2i_1)
   0.15    1.38 ^ place7446/X (sky130_fd_sc_hs__buf_2)
   0.18    1.56 ^ _13572_/Y (sky130_fd_sc_hs__xnor2_4)
   0.18    1.74 ^ place7098/X (sky130_fd_sc_hs__buf_8)
   0.11    1.84 v _13651_/Y (sky130_fd_sc_hs__nor2_1)
   0.13    1.97 v place5961/X (sky130_fd_sc_hs__buf_4)
   0.11    2.08 ^ _13654_/Y (sky130_fd_sc_hs__a22oi_1)
   0.10    2.18 v _13657_/Y (sky130_fd_sc_hs__o221ai_1)
   0.28    2.46 ^ _13658_/Y (sky130_fd_sc_hs__a211oi_1)
   0.13    2.59 v _13659_/Y (sky130_fd_sc_hs__a21oi_1)
   0.57    3.16 ^ _13720_/Y (sky130_fd_sc_hs__o2111ai_1)
   0.01    3.17 ^ sa30_sr[7]$_DFF_P_/D (sky130_fd_sc_hs__dfxtp_1)
           3.17   data arrival time

   2.80    2.80   clock clk (rise edge)
   0.00    2.80   clock network delay (ideal)
   0.00    2.80   clock reconvergence pessimism
           2.80 ^ sa30_sr[7]$_DFF_P_/CLK (sky130_fd_sc_hs__dfxtp_1)
  -0.16    2.64   library setup time
           2.64   data required time
---------------------------------------------------------
           2.64   data required time
          -3.17   data arrival time
---------------------------------------------------------
          -0.53   slack (VIOLATED)



==========================================================================
detailed place report_checks -path_delay min reg to reg
--------------------------------------------------------------------------
Startpoint: dcnt[1]$_SDFFE_PN0P_
            (rising edge-triggered flip-flop clocked by clk)
Endpoint: done$_DFF_P_ (rising edge-triggered flip-flop clocked by clk)
Path Group: clk
Path Type: min

  Delay    Time   Description
---------------------------------------------------------
   0.00    0.00   clock clk (rise edge)
   0.00    0.00   clock network delay (ideal)
   0.00    0.00 ^ dcnt[1]$_SDFFE_PN0P_/CLK (sky130_fd_sc_hs__dfxtp_1)
   0.18    0.18 ^ dcnt[1]$_SDFFE_PN0P_/Q (sky130_fd_sc_hs__dfxtp_1)
   0.04    0.23 v _20930_/Y (sky130_fd_sc_hs__nor4b_1)
   0.00    0.23 v done$_DFF_P_/D (sky130_fd_sc_hs__dfxtp_1)
           0.23   data arrival time

   0.00    0.00   clock clk (rise edge)
   0.00    0.00   clock network delay (ideal)
   0.00    0.00   clock reconvergence pessimism
           0.00 ^ done$_DFF_P_/CLK (sky130_fd_sc_hs__dfxtp_1)
  -0.07   -0.07   library hold time
          -0.07   data required time
---------------------------------------------------------
          -0.07   data required time
          -0.23   data arrival time
---------------------------------------------------------
           0.29   slack (MET)



==========================================================================
detailed place critical path target clock latency max path
--------------------------------------------------------------------------
0.0000

==========================================================================
detailed place critical path target clock latency min path
--------------------------------------------------------------------------
0.0000

==========================================================================
detailed place critical path source clock latency min path
--------------------------------------------------------------------------
0.0000

==========================================================================
detailed place critical path delay
--------------------------------------------------------------------------
3.1712

==========================================================================
detailed place critical path slack
--------------------------------------------------------------------------
-0.5327

==========================================================================
detailed place slack div critical path delay
--------------------------------------------------------------------------
-16.798058

==========================================================================
detailed place report_power
--------------------------------------------------------------------------
Group                  Internal  Switching    Leakage      Total
                          Power      Power      Power      Power (Watts)
----------------------------------------------------------------
Sequential             2.61e-02   5.20e-03   3.57e-07   3.13e-02   3.5%
Combinational          5.18e-01   3.58e-01   1.13e-06   8.76e-01  96.5%
Clock                  0.00e+00   0.00e+00   0.00e+00   0.00e+00   0.0%
Macro                  0.00e+00   0.00e+00   0.00e+00   0.00e+00   0.0%
Pad                    0.00e+00   0.00e+00   0.00e+00   0.00e+00   0.0%
----------------------------------------------------------------
Total                  5.44e-01   3.64e-01   1.48e-06   9.08e-01 100.0%
                          59.9%      40.1%       0.0%
