
==========================================================================
finish report_tns
--------------------------------------------------------------------------
tns max -0.08

==========================================================================
finish report_wns
--------------------------------------------------------------------------
wns max -0.02

==========================================================================
finish report_worst_slack
--------------------------------------------------------------------------
worst slack max -0.02

==========================================================================
finish report_clock_min_period
--------------------------------------------------------------------------
clk period_min = 2.82 fmax = 354.41

==========================================================================
finish report_clock_skew
--------------------------------------------------------------------------
Clock clk
   0.42 source latency sa20_sr[3]$_DFF_P_/CLK ^
  -0.57 target latency sa31_sr[0]$_DFF_P_/CLK ^
   0.00 CRPR
--------------
  -0.14 setup skew


==========================================================================
finish report_checks -path_delay min
--------------------------------------------------------------------------
Startpoint: key[86] (input port clocked by clk)
Endpoint: u0.w[1][22]$_DFF_P_ (rising edge-triggered flip-flop clocked by clk)
Path Group: clk
Path Type: min

Fanout     Cap    Slew   Delay    Time   Description
-----------------------------------------------------------------------------
                          0.00    0.00   clock clk (rise edge)
                          0.00    0.00   clock network delay (propagated)
                          0.56    0.56 ^ input external delay
     1    0.00    0.00    0.00    0.56 ^ key[86] (in)
                                         key[86] (net)
                  0.00    0.00    0.56 ^ input113/A (sky130_fd_sc_hs__buf_1)
     1    0.00    0.03    0.05    0.61 ^ input113/X (sky130_fd_sc_hs__buf_1)
                                         net113 (net)
                  0.03    0.00    0.61 ^ _15336_/A (sky130_fd_sc_hs__nand2_1)
     1    0.00    0.03    0.03    0.65 v _15336_/Y (sky130_fd_sc_hs__nand2_1)
                                         _04965_ (net)
                  0.03    0.00    0.65 v _15349_/B1 (sky130_fd_sc_hs__o21ai_1)
     1    0.00    0.03    0.04    0.68 ^ _15349_/Y (sky130_fd_sc_hs__o21ai_1)
                                         _04978_ (net)
                  0.03    0.00    0.68 ^ u0.w[1][22]$_DFF_P_/D (sky130_fd_sc_hs__dfxtp_1)
                                  0.68   data arrival time

                          0.00    0.00   clock clk (rise edge)
                          0.00    0.00   clock source latency
     1    0.08    0.00    0.00    0.00 ^ clk (in)
                                         clk (net)
                  0.01    0.00    0.00 ^ clkbuf_0_clk/A (sky130_fd_sc_hs__clkbuf_16)
    16    0.40    0.22    0.22    0.22 ^ clkbuf_0_clk/X (sky130_fd_sc_hs__clkbuf_16)
                                         clknet_0_clk (net)
                  0.22    0.01    0.23 ^ clkbuf_4_11_0_clk/A (sky130_fd_sc_hs__clkbuf_16)
     7    0.15    0.09    0.19    0.43 ^ clkbuf_4_11_0_clk/X (sky130_fd_sc_hs__clkbuf_16)
                                         clknet_4_11_0_clk (net)
                  0.09    0.00    0.43 ^ clkbuf_leaf_33_clk/A (sky130_fd_sc_hs__clkbuf_16)
    10    0.04    0.04    0.12    0.55 ^ clkbuf_leaf_33_clk/X (sky130_fd_sc_hs__clkbuf_16)
                                         clknet_leaf_33_clk (net)
                  0.04    0.00    0.55 ^ u0.w[1][22]$_DFF_P_/CLK (sky130_fd_sc_hs__dfxtp_1)
                          0.00    0.55   clock reconvergence pessimism
                          0.01    0.56   library hold time
                                  0.56   data required time
-----------------------------------------------------------------------------
                                  0.56   data required time
                                 -0.68   data arrival time
-----------------------------------------------------------------------------
                                  0.12   slack (MET)



==========================================================================
finish report_checks -path_delay max
--------------------------------------------------------------------------
Startpoint: sa13_sr[3]$_DFF_P_ (rising edge-triggered flip-flop clocked by clk)
Endpoint: sa30_sr[5]$_DFF_P_ (rising edge-triggered flip-flop clocked by clk)
Path Group: clk
Path Type: max

Fanout     Cap    Slew   Delay    Time   Description
-----------------------------------------------------------------------------
                          0.00    0.00   clock clk (rise edge)
                          0.00    0.00   clock source latency
     1    0.08    0.00    0.00    0.00 ^ clk (in)
                                         clk (net)
                  0.01    0.00    0.00 ^ clkbuf_0_clk/A (sky130_fd_sc_hs__clkbuf_16)
    16    0.40    0.22    0.22    0.22 ^ clkbuf_0_clk/X (sky130_fd_sc_hs__clkbuf_16)
                                         clknet_0_clk (net)
                  0.22    0.01    0.23 ^ clkbuf_4_3_0_clk/A (sky130_fd_sc_hs__clkbuf_16)
     8    0.15    0.09    0.20    0.43 ^ clkbuf_4_3_0_clk/X (sky130_fd_sc_hs__clkbuf_16)
                                         clknet_4_3_0_clk (net)
                  0.09    0.01    0.43 ^ clkbuf_leaf_15_clk/A (sky130_fd_sc_hs__clkbuf_16)
     3    0.01    0.02    0.11    0.54 ^ clkbuf_leaf_15_clk/X (sky130_fd_sc_hs__clkbuf_16)
                                         clknet_leaf_15_clk (net)
                  0.02    0.00    0.54 ^ sa13_sr[3]$_DFF_P_/CLK (sky130_fd_sc_hs__dfxtp_2)
     2    0.04    0.08    0.25    0.79 v sa13_sr[3]$_DFF_P_/Q (sky130_fd_sc_hs__dfxtp_2)
                                         _00071_ (net)
                  0.08    0.01    0.79 v rebuffer8307/A (sky130_fd_sc_hs__buf_1)
     1    0.01    0.04    0.11    0.90 v rebuffer8307/X (sky130_fd_sc_hs__buf_1)
                                         net8307 (net)
                  0.04    0.00    0.90 v _13568_/B (sky130_fd_sc_hs__xnor2_2)
     3    0.03    0.25    0.21    1.11 ^ _13568_/Y (sky130_fd_sc_hs__xnor2_2)
                                         _03197_ (net)
                  0.25    0.00    1.11 ^ _13569_/B (sky130_fd_sc_hs__xnor3_2)
     1    0.03    0.11    0.34    1.45 v _13569_/X (sky130_fd_sc_hs__xnor3_2)
                                         _03198_ (net)
                  0.11    0.00    1.45 v _13570_/A1 (sky130_fd_sc_hs__mux2i_1)
     1    0.01    0.14    0.13    1.58 ^ _13570_/Y (sky130_fd_sc_hs__mux2i_1)
                                         _03199_ (net)
                  0.14    0.00    1.58 ^ place7446/A (sky130_fd_sc_hs__buf_4)
     2    0.03    0.08    0.15    1.73 ^ place7446/X (sky130_fd_sc_hs__buf_4)
                                         net7446 (net)
                  0.08    0.00    1.73 ^ _13571_/B (sky130_fd_sc_hs__xor2_4)
     7    0.04    0.27    0.23    1.96 ^ _13571_/X (sky130_fd_sc_hs__xor2_4)
                                         _03200_ (net)
                  0.27    0.00    1.96 ^ _13600_/A (sky130_fd_sc_hs__nor2_2)
     6    0.04    0.17    0.22    2.18 v _13600_/Y (sky130_fd_sc_hs__nor2_2)
                                         _03229_ (net)
                  0.17    0.00    2.18 v _13662_/B (sky130_fd_sc_hs__nand2_4)
     6    0.06    0.25    0.25    2.43 ^ _13662_/Y (sky130_fd_sc_hs__nand2_4)
                                         _03291_ (net)
                  0.25    0.00    2.43 ^ _13826_/B1 (sky130_fd_sc_hs__o2111a_1)
     1    0.00    0.05    0.16    2.59 ^ _13826_/X (sky130_fd_sc_hs__o2111a_1)
                                         _03455_ (net)
                  0.05    0.00    2.59 ^ _13828_/B1 (sky130_fd_sc_hs__o22ai_1)
     1    0.01    0.09    0.08    2.67 v _13828_/Y (sky130_fd_sc_hs__o22ai_1)
                                         _03457_ (net)
                  0.09    0.00    2.67 v _13829_/B2 (sky130_fd_sc_hs__a221oi_2)
     1    0.02    0.35    0.33    3.01 ^ _13829_/Y (sky130_fd_sc_hs__a221oi_2)
                                         _03458_ (net)
                  0.35    0.00    3.01 ^ _13844_/C (sky130_fd_sc_hs__nor4_4)
     1    0.01    0.10    0.10    3.11 v _13844_/Y (sky130_fd_sc_hs__nor4_4)
                                         _03473_ (net)
                  0.10    0.00    3.11 v wire7775/A (sky130_fd_sc_hs__buf_4)
     1    0.04    0.06    0.14    3.25 v wire7775/X (sky130_fd_sc_hs__buf_4)
                                         net7775 (net)
                  0.06    0.01    3.26 v sa30_sr[5]$_DFF_P_/D (sky130_fd_sc_hs__dfxtp_1)
                                  3.26   data arrival time

                          2.80    2.80   clock clk (rise edge)
                          0.00    2.80   clock source latency
     1    0.08    0.00    0.00    2.80 ^ clk (in)
                                         clk (net)
                  0.01    0.00    2.80 ^ clkbuf_0_clk/A (sky130_fd_sc_hs__clkbuf_16)
    16    0.40    0.22    0.22    3.02 ^ clkbuf_0_clk/X (sky130_fd_sc_hs__clkbuf_16)
                                         clknet_0_clk (net)
                  0.22    0.01    3.03 ^ clkbuf_4_14_0_clk/A (sky130_fd_sc_hs__clkbuf_16)
    12    0.17    0.10    0.20    3.23 ^ clkbuf_4_14_0_clk/X (sky130_fd_sc_hs__clkbuf_16)
                                         clknet_4_14_0_clk (net)
                  0.10    0.00    3.24 ^ clkbuf_leaf_43_clk/A (sky130_fd_sc_hs__clkbuf_16)
     4    0.04    0.04    0.12    3.36 ^ clkbuf_leaf_43_clk/X (sky130_fd_sc_hs__clkbuf_16)
                                         clknet_leaf_43_clk (net)
                  0.04    0.00    3.36 ^ sa30_sr[5]$_DFF_P_/CLK (sky130_fd_sc_hs__dfxtp_1)
                          0.00    3.36   clock reconvergence pessimism
                         -0.12    3.24   library setup time
                                  3.24   data required time
-----------------------------------------------------------------------------
                                  3.24   data required time
                                 -3.26   data arrival time
-----------------------------------------------------------------------------
                                 -0.02   slack (VIOLATED)



==========================================================================
finish report_checks -unconstrained
--------------------------------------------------------------------------
Startpoint: sa13_sr[3]$_DFF_P_ (rising edge-triggered flip-flop clocked by clk)
Endpoint: sa30_sr[5]$_DFF_P_ (rising edge-triggered flip-flop clocked by clk)
Path Group: clk
Path Type: max

Fanout     Cap    Slew   Delay    Time   Description
-----------------------------------------------------------------------------
                          0.00    0.00   clock clk (rise edge)
                          0.00    0.00   clock source latency
     1    0.08    0.00    0.00    0.00 ^ clk (in)
                                         clk (net)
                  0.01    0.00    0.00 ^ clkbuf_0_clk/A (sky130_fd_sc_hs__clkbuf_16)
    16    0.40    0.22    0.22    0.22 ^ clkbuf_0_clk/X (sky130_fd_sc_hs__clkbuf_16)
                                         clknet_0_clk (net)
                  0.22    0.01    0.23 ^ clkbuf_4_3_0_clk/A (sky130_fd_sc_hs__clkbuf_16)
     8    0.15    0.09    0.20    0.43 ^ clkbuf_4_3_0_clk/X (sky130_fd_sc_hs__clkbuf_16)
                                         clknet_4_3_0_clk (net)
                  0.09    0.01    0.43 ^ clkbuf_leaf_15_clk/A (sky130_fd_sc_hs__clkbuf_16)
     3    0.01    0.02    0.11    0.54 ^ clkbuf_leaf_15_clk/X (sky130_fd_sc_hs__clkbuf_16)
                                         clknet_leaf_15_clk (net)
                  0.02    0.00    0.54 ^ sa13_sr[3]$_DFF_P_/CLK (sky130_fd_sc_hs__dfxtp_2)
     2    0.04    0.08    0.25    0.79 v sa13_sr[3]$_DFF_P_/Q (sky130_fd_sc_hs__dfxtp_2)
                                         _00071_ (net)
                  0.08    0.01    0.79 v rebuffer8307/A (sky130_fd_sc_hs__buf_1)
     1    0.01    0.04    0.11    0.90 v rebuffer8307/X (sky130_fd_sc_hs__buf_1)
                                         net8307 (net)
                  0.04    0.00    0.90 v _13568_/B (sky130_fd_sc_hs__xnor2_2)
     3    0.03    0.25    0.21    1.11 ^ _13568_/Y (sky130_fd_sc_hs__xnor2_2)
                                         _03197_ (net)
                  0.25    0.00    1.11 ^ _13569_/B (sky130_fd_sc_hs__xnor3_2)
     1    0.03    0.11    0.34    1.45 v _13569_/X (sky130_fd_sc_hs__xnor3_2)
                                         _03198_ (net)
                  0.11    0.00    1.45 v _13570_/A1 (sky130_fd_sc_hs__mux2i_1)
     1    0.01    0.14    0.13    1.58 ^ _13570_/Y (sky130_fd_sc_hs__mux2i_1)
                                         _03199_ (net)
                  0.14    0.00    1.58 ^ place7446/A (sky130_fd_sc_hs__buf_4)
     2    0.03    0.08    0.15    1.73 ^ place7446/X (sky130_fd_sc_hs__buf_4)
                                         net7446 (net)
                  0.08    0.00    1.73 ^ _13571_/B (sky130_fd_sc_hs__xor2_4)
     7    0.04    0.27    0.23    1.96 ^ _13571_/X (sky130_fd_sc_hs__xor2_4)
                                         _03200_ (net)
                  0.27    0.00    1.96 ^ _13600_/A (sky130_fd_sc_hs__nor2_2)
     6    0.04    0.17    0.22    2.18 v _13600_/Y (sky130_fd_sc_hs__nor2_2)
                                         _03229_ (net)
                  0.17    0.00    2.18 v _13662_/B (sky130_fd_sc_hs__nand2_4)
     6    0.06    0.25    0.25    2.43 ^ _13662_/Y (sky130_fd_sc_hs__nand2_4)
                                         _03291_ (net)
                  0.25    0.00    2.43 ^ _13826_/B1 (sky130_fd_sc_hs__o2111a_1)
     1    0.00    0.05    0.16    2.59 ^ _13826_/X (sky130_fd_sc_hs__o2111a_1)
                                         _03455_ (net)
                  0.05    0.00    2.59 ^ _13828_/B1 (sky130_fd_sc_hs__o22ai_1)
     1    0.01    0.09    0.08    2.67 v _13828_/Y (sky130_fd_sc_hs__o22ai_1)
                                         _03457_ (net)
                  0.09    0.00    2.67 v _13829_/B2 (sky130_fd_sc_hs__a221oi_2)
     1    0.02    0.35    0.33    3.01 ^ _13829_/Y (sky130_fd_sc_hs__a221oi_2)
                                         _03458_ (net)
                  0.35    0.00    3.01 ^ _13844_/C (sky130_fd_sc_hs__nor4_4)
     1    0.01    0.10    0.10    3.11 v _13844_/Y (sky130_fd_sc_hs__nor4_4)
                                         _03473_ (net)
                  0.10    0.00    3.11 v wire7775/A (sky130_fd_sc_hs__buf_4)
     1    0.04    0.06    0.14    3.25 v wire7775/X (sky130_fd_sc_hs__buf_4)
                                         net7775 (net)
                  0.06    0.01    3.26 v sa30_sr[5]$_DFF_P_/D (sky130_fd_sc_hs__dfxtp_1)
                                  3.26   data arrival time

                          2.80    2.80   clock clk (rise edge)
                          0.00    2.80   clock source latency
     1    0.08    0.00    0.00    2.80 ^ clk (in)
                                         clk (net)
                  0.01    0.00    2.80 ^ clkbuf_0_clk/A (sky130_fd_sc_hs__clkbuf_16)
    16    0.40    0.22    0.22    3.02 ^ clkbuf_0_clk/X (sky130_fd_sc_hs__clkbuf_16)
                                         clknet_0_clk (net)
                  0.22    0.01    3.03 ^ clkbuf_4_14_0_clk/A (sky130_fd_sc_hs__clkbuf_16)
    12    0.17    0.10    0.20    3.23 ^ clkbuf_4_14_0_clk/X (sky130_fd_sc_hs__clkbuf_16)
                                         clknet_4_14_0_clk (net)
                  0.10    0.00    3.24 ^ clkbuf_leaf_43_clk/A (sky130_fd_sc_hs__clkbuf_16)
     4    0.04    0.04    0.12    3.36 ^ clkbuf_leaf_43_clk/X (sky130_fd_sc_hs__clkbuf_16)
                                         clknet_leaf_43_clk (net)
                  0.04    0.00    3.36 ^ sa30_sr[5]$_DFF_P_/CLK (sky130_fd_sc_hs__dfxtp_1)
                          0.00    3.36   clock reconvergence pessimism
                         -0.12    3.24   library setup time
                                  3.24   data required time
-----------------------------------------------------------------------------
                                  3.24   data required time
                                 -3.26   data arrival time
-----------------------------------------------------------------------------
                                 -0.02   slack (VIOLATED)



==========================================================================
finish report_check_types -max_slew -max_cap -max_fanout -violators
--------------------------------------------------------------------------

==========================================================================
finish max_slew_check_slack
--------------------------------------------------------------------------
0.13445867598056793

==========================================================================
finish max_slew_check_limit
--------------------------------------------------------------------------
1.0

==========================================================================
finish max_slew_check_slack_limit
--------------------------------------------------------------------------
0.1345

==========================================================================
finish max_fanout_check_slack
--------------------------------------------------------------------------
1.0000000150474662e+30

==========================================================================
finish max_fanout_check_limit
--------------------------------------------------------------------------
1.0000000150474662e+30

==========================================================================
finish max_capacitance_check_slack
--------------------------------------------------------------------------
0.00816652923822403

==========================================================================
finish max_capacitance_check_limit
--------------------------------------------------------------------------
0.06360000371932983

==========================================================================
finish max_capacitance_check_slack_limit
--------------------------------------------------------------------------
0.1284

==========================================================================
finish max_slew_violation_count
--------------------------------------------------------------------------
max slew violation count 0

==========================================================================
finish max_fanout_violation_count
--------------------------------------------------------------------------
max fanout violation count 0

==========================================================================
finish max_cap_violation_count
--------------------------------------------------------------------------
max cap violation count 0

==========================================================================
finish setup_violation_count
--------------------------------------------------------------------------
setup violation count 7

==========================================================================
finish hold_violation_count
--------------------------------------------------------------------------
hold violation count 0

==========================================================================
finish report_checks -path_delay max reg to reg
--------------------------------------------------------------------------
Startpoint: sa13_sr[3]$_DFF_P_ (rising edge-triggered flip-flop clocked by clk)
Endpoint: sa30_sr[5]$_DFF_P_ (rising edge-triggered flip-flop clocked by clk)
Path Group: clk
Path Type: max

  Delay    Time   Description
---------------------------------------------------------
   0.00    0.00   clock clk (rise edge)
   0.00    0.00   clock source latency
   0.00    0.00 ^ clk (in)
   0.22    0.22 ^ clkbuf_0_clk/X (sky130_fd_sc_hs__clkbuf_16)
   0.20    0.43 ^ clkbuf_4_3_0_clk/X (sky130_fd_sc_hs__clkbuf_16)
   0.11    0.54 ^ clkbuf_leaf_15_clk/X (sky130_fd_sc_hs__clkbuf_16)
   0.00    0.54 ^ sa13_sr[3]$_DFF_P_/CLK (sky130_fd_sc_hs__dfxtp_2)
   0.25    0.79 v sa13_sr[3]$_DFF_P_/Q (sky130_fd_sc_hs__dfxtp_2)
   0.11    0.90 v rebuffer8307/X (sky130_fd_sc_hs__buf_1)
   0.21    1.11 ^ _13568_/Y (sky130_fd_sc_hs__xnor2_2)
   0.34    1.45 v _13569_/X (sky130_fd_sc_hs__xnor3_2)
   0.13    1.58 ^ _13570_/Y (sky130_fd_sc_hs__mux2i_1)
   0.15    1.73 ^ place7446/X (sky130_fd_sc_hs__buf_4)
   0.23    1.96 ^ _13571_/X (sky130_fd_sc_hs__xor2_4)
   0.22    2.18 v _13600_/Y (sky130_fd_sc_hs__nor2_2)
   0.25    2.43 ^ _13662_/Y (sky130_fd_sc_hs__nand2_4)
   0.16    2.59 ^ _13826_/X (sky130_fd_sc_hs__o2111a_1)
   0.08    2.67 v _13828_/Y (sky130_fd_sc_hs__o22ai_1)
   0.33    3.01 ^ _13829_/Y (sky130_fd_sc_hs__a221oi_2)
   0.10    3.11 v _13844_/Y (sky130_fd_sc_hs__nor4_4)
   0.14    3.25 v wire7775/X (sky130_fd_sc_hs__buf_4)
   0.01    3.26 v sa30_sr[5]$_DFF_P_/D (sky130_fd_sc_hs__dfxtp_1)
           3.26   data arrival time

   2.80    2.80   clock clk (rise edge)
   0.00    2.80   clock source latency
   0.00    2.80 ^ clk (in)
   0.22    3.02 ^ clkbuf_0_clk/X (sky130_fd_sc_hs__clkbuf_16)
   0.21    3.23 ^ clkbuf_4_14_0_clk/X (sky130_fd_sc_hs__clkbuf_16)
   0.12    3.36 ^ clkbuf_leaf_43_clk/X (sky130_fd_sc_hs__clkbuf_16)
   0.00    3.36 ^ sa30_sr[5]$_DFF_P_/CLK (sky130_fd_sc_hs__dfxtp_1)
   0.00    3.36   clock reconvergence pessimism
  -0.12    3.24   library setup time
           3.24   data required time
---------------------------------------------------------
           3.24   data required time
          -3.26   data arrival time
---------------------------------------------------------
          -0.02   slack (VIOLATED)



==========================================================================
finish report_checks -path_delay min reg to reg
--------------------------------------------------------------------------
Startpoint: dcnt[1]$_SDFFE_PN0P_
            (rising edge-triggered flip-flop clocked by clk)
Endpoint: done$_DFF_P_ (rising edge-triggered flip-flop clocked by clk)
Path Group: clk
Path Type: min

  Delay    Time   Description
---------------------------------------------------------
   0.00    0.00   clock clk (rise edge)
   0.00    0.00   clock source latency
   0.00    0.00 ^ clk (in)
   0.22    0.22 ^ clkbuf_0_clk/X (sky130_fd_sc_hs__clkbuf_16)
   0.19    0.42 ^ clkbuf_4_10_0_clk/X (sky130_fd_sc_hs__clkbuf_16)
   0.11    0.53 ^ clkbuf_leaf_30_clk/X (sky130_fd_sc_hs__clkbuf_16)
   0.00    0.53 ^ dcnt[1]$_SDFFE_PN0P_/CLK (sky130_fd_sc_hs__dfxtp_1)
   0.19    0.73 ^ dcnt[1]$_SDFFE_PN0P_/Q (sky130_fd_sc_hs__dfxtp_1)
   0.04    0.77 v _20930_/Y (sky130_fd_sc_hs__nor4b_1)
   0.00    0.77 v done$_DFF_P_/D (sky130_fd_sc_hs__dfxtp_1)
           0.77   data arrival time

   0.00    0.00   clock clk (rise edge)
   0.00    0.00   clock source latency
   0.00    0.00 ^ clk (in)
   0.22    0.22 ^ clkbuf_0_clk/X (sky130_fd_sc_hs__clkbuf_16)
   0.19    0.42 ^ clkbuf_4_10_0_clk/X (sky130_fd_sc_hs__clkbuf_16)
   0.11    0.53 ^ clkbuf_leaf_30_clk/X (sky130_fd_sc_hs__clkbuf_16)
   0.00    0.53 ^ done$_DFF_P_/CLK (sky130_fd_sc_hs__dfxtp_1)
   0.00    0.53   clock reconvergence pessimism
  -0.06    0.47   library hold time
           0.47   data required time
---------------------------------------------------------
           0.47   data required time
          -0.77   data arrival time
---------------------------------------------------------
           0.30   slack (MET)



==========================================================================
finish critical path target clock latency max path
--------------------------------------------------------------------------
0.5496

==========================================================================
finish critical path target clock latency min path
--------------------------------------------------------------------------
0.5519

==========================================================================
finish critical path source clock latency min path
--------------------------------------------------------------------------
0.0000

==========================================================================
finish critical path delay
--------------------------------------------------------------------------
3.2612

==========================================================================
finish critical path slack
--------------------------------------------------------------------------
-0.0216

==========================================================================
finish slack div critical path delay
--------------------------------------------------------------------------
-0.662333

==========================================================================
finish report_power
--------------------------------------------------------------------------
Group                  Internal  Switching    Leakage      Total
                          Power      Power      Power      Power (Watts)
----------------------------------------------------------------
Sequential             2.62e-02   6.56e-03   3.55e-07   3.27e-02   3.1%
Combinational          5.60e-01   4.39e-01   1.20e-06   9.99e-01  95.1%
Clock                  1.14e-02   7.10e-03   3.71e-08   1.85e-02   1.8%
Macro                  0.00e+00   0.00e+00   0.00e+00   0.00e+00   0.0%
Pad                    0.00e+00   0.00e+00   0.00e+00   0.00e+00   0.0%
----------------------------------------------------------------
Total                  5.97e-01   4.53e-01   1.59e-06   1.05e+00 100.0%
                          56.9%      43.1%       0.0%
