
==========================================================================
resizer report_tns
--------------------------------------------------------------------------
tns max -9804.19

==========================================================================
resizer report_wns
--------------------------------------------------------------------------
wns max -189.66

==========================================================================
resizer report_worst_slack
--------------------------------------------------------------------------
worst slack max -189.66

==========================================================================
resizer report_clock_min_period
--------------------------------------------------------------------------
clk period_min = 639.66 fmax = 1563.32

==========================================================================
resizer report_checks -path_delay min
--------------------------------------------------------------------------
Startpoint: text_in_r[10]$_DFFE_PP_
            (rising edge-triggered flip-flop clocked by clk)
Endpoint: text_in_r[10]$_DFFE_PP_
          (rising edge-triggered flip-flop clocked by clk)
Path Group: clk
Path Type: min

Fanout     Cap    Slew   Delay    Time   Description
-----------------------------------------------------------------------------
                  0.00    0.00    0.00   clock clk (rise edge)
                          0.00    0.00   clock network delay (ideal)
                  0.00    0.00    0.00 ^ text_in_r[10]$_DFFE_PP_/CLK (DFFHQNx1_ASAP7_75t_R)
     2    1.18   15.42   34.32   34.32 ^ text_in_r[10]$_DFFE_PP_/QN (DFFHQNx1_ASAP7_75t_R)
                                         _0374_ (net)
                 15.42    0.03   34.35 ^ _5733_/B (NOR2x1_ASAP7_75t_R)
     1    0.60    8.04    8.66   43.02 v _5733_/Y (NOR2x1_ASAP7_75t_R)
                                         _2970_ (net)
                  8.04    0.02   43.04 v _5734_/B (AO21x1_ASAP7_75t_R)
     1    0.65    6.24   12.98   56.02 v _5734_/Y (AO21x1_ASAP7_75t_R)
                                         _0662_ (net)
                  6.24    0.03   56.04 v text_in_r[10]$_DFFE_PP_/D (DFFHQNx1_ASAP7_75t_R)
                                 56.04   data arrival time

                  0.00    0.00    0.00   clock clk (rise edge)
                          0.00    0.00   clock network delay (ideal)
                          0.00    0.00   clock reconvergence pessimism
                                  0.00 ^ text_in_r[10]$_DFFE_PP_/CLK (DFFHQNx1_ASAP7_75t_R)
                          8.63    8.63   library hold time
                                  8.63   data required time
-----------------------------------------------------------------------------
                                  8.63   data required time
                                -56.04   data arrival time
-----------------------------------------------------------------------------
                                 47.41   slack (MET)



==========================================================================
resizer report_checks -path_delay max
--------------------------------------------------------------------------
Startpoint: sa22[0]$_DFF_P_ (rising edge-triggered flip-flop clocked by clk)
Endpoint: sa20[3]$_DFF_P_ (rising edge-triggered flip-flop clocked by clk)
Path Group: clk
Path Type: max

Fanout     Cap    Slew   Delay    Time   Description
-----------------------------------------------------------------------------
                  0.00    0.00    0.00   clock clk (rise edge)
                          0.00    0.00   clock network delay (ideal)
                  0.00    0.00    0.00 ^ sa22[0]$_DFF_P_/CLK (DFFHQNx1_ASAP7_75t_R)
     1   24.67  139.22   78.75   78.75 v sa22[0]$_DFF_P_/QN (DFFHQNx1_ASAP7_75t_R)
                                         _0472_ (net)
                204.05   49.47  128.22 v _5531_/A (INVx1_ASAP7_75t_R)
     1    1.02   34.23   26.88  155.10 ^ _5531_/Y (INVx1_ASAP7_75t_R)
                                         sa22[0] (net)
                 34.23    0.06  155.16 ^ us22/a[0] (aes_sbox)
     3   18.82   53.44  230.22  385.38 v us22/d[7] (aes_sbox)
                                         sa20_sr[7] (net)
                 95.99   26.16  411.54 v place1018/A (BUFx6f_ASAP7_75t_R)
     7    9.37   15.27   32.10  443.65 v place1018/Y (BUFx6f_ASAP7_75t_R)
                                         net1018 (net)
                 15.62    1.27  444.91 v _3551_/B (XNOR2x2_ASAP7_75t_R)
     1    1.13    9.08   26.15  471.07 ^ _3551_/Y (XNOR2x2_ASAP7_75t_R)
                                         _1166_ (net)
                  9.08    0.05  471.12 ^ _3552_/B (XNOR2x2_ASAP7_75t_R)
     2    1.95   11.39   30.64  501.76 v _3552_/Y (XNOR2x2_ASAP7_75t_R)
                                         _1167_ (net)
                 11.40    0.16  501.91 v _3557_/A (INVx1_ASAP7_75t_R)
     2    2.66   18.82   12.40  514.32 ^ _3557_/Y (INVx1_ASAP7_75t_R)
                                         _1172_ (net)
                 18.82    0.20  514.51 ^ _3564_/B (NAND2x1_ASAP7_75t_R)
     1    1.49   13.40   11.22  525.73 v _3564_/Y (NAND2x1_ASAP7_75t_R)
                                         _1179_ (net)
                 13.41    0.13  525.86 v _3565_/A2 (AOI21x1_ASAP7_75t_R)
     1    1.37   17.93   11.16  537.02 ^ _3565_/Y (AOI21x1_ASAP7_75t_R)
                                         _1180_ (net)
                 17.93    0.10  537.12 ^ _3566_/A2 (OAI21x1_ASAP7_75t_R)
     1    1.29   25.85    9.45  546.57 v _3566_/Y (OAI21x1_ASAP7_75t_R)
                                         _1181_ (net)
                 25.86    0.08  546.65 v _3567_/B (NAND2x1_ASAP7_75t_R)
     1   15.48  120.77   52.82  599.47 ^ _3567_/Y (NAND2x1_ASAP7_75t_R)
                                         _0068_ (net)
                134.50   21.20  620.66 ^ sa20[3]$_DFF_P_/D (DFFHQNx1_ASAP7_75t_R)
                                620.66   data arrival time

                  0.00  450.00  450.00   clock clk (rise edge)
                          0.00  450.00   clock network delay (ideal)
                          0.00  450.00   clock reconvergence pessimism
                                450.00 ^ sa20[3]$_DFF_P_/CLK (DFFHQNx1_ASAP7_75t_R)
                        -19.00  431.00   library setup time
                                431.00   data required time
-----------------------------------------------------------------------------
                                431.00   data required time
                               -620.66   data arrival time
-----------------------------------------------------------------------------
                               -189.66   slack (VIOLATED)



==========================================================================
resizer report_checks -unconstrained
--------------------------------------------------------------------------
Startpoint: sa22[0]$_DFF_P_ (rising edge-triggered flip-flop clocked by clk)
Endpoint: sa20[3]$_DFF_P_ (rising edge-triggered flip-flop clocked by clk)
Path Group: clk
Path Type: max

Fanout     Cap    Slew   Delay    Time   Description
-----------------------------------------------------------------------------
                  0.00    0.00    0.00   clock clk (rise edge)
                          0.00    0.00   clock network delay (ideal)
                  0.00    0.00    0.00 ^ sa22[0]$_DFF_P_/CLK (DFFHQNx1_ASAP7_75t_R)
     1   24.67  139.22   78.75   78.75 v sa22[0]$_DFF_P_/QN (DFFHQNx1_ASAP7_75t_R)
                                         _0472_ (net)
                204.05   49.47  128.22 v _5531_/A (INVx1_ASAP7_75t_R)
     1    1.02   34.23   26.88  155.10 ^ _5531_/Y (INVx1_ASAP7_75t_R)
                                         sa22[0] (net)
                 34.23    0.06  155.16 ^ us22/a[0] (aes_sbox)
     3   18.82   53.44  230.22  385.38 v us22/d[7] (aes_sbox)
                                         sa20_sr[7] (net)
                 95.99   26.16  411.54 v place1018/A (BUFx6f_ASAP7_75t_R)
     7    9.37   15.27   32.10  443.65 v place1018/Y (BUFx6f_ASAP7_75t_R)
                                         net1018 (net)
                 15.62    1.27  444.91 v _3551_/B (XNOR2x2_ASAP7_75t_R)
     1    1.13    9.08   26.15  471.07 ^ _3551_/Y (XNOR2x2_ASAP7_75t_R)
                                         _1166_ (net)
                  9.08    0.05  471.12 ^ _3552_/B (XNOR2x2_ASAP7_75t_R)
     2    1.95   11.39   30.64  501.76 v _3552_/Y (XNOR2x2_ASAP7_75t_R)
                                         _1167_ (net)
                 11.40    0.16  501.91 v _3557_/A (INVx1_ASAP7_75t_R)
     2    2.66   18.82   12.40  514.32 ^ _3557_/Y (INVx1_ASAP7_75t_R)
                                         _1172_ (net)
                 18.82    0.20  514.51 ^ _3564_/B (NAND2x1_ASAP7_75t_R)
     1    1.49   13.40   11.22  525.73 v _3564_/Y (NAND2x1_ASAP7_75t_R)
                                         _1179_ (net)
                 13.41    0.13  525.86 v _3565_/A2 (AOI21x1_ASAP7_75t_R)
     1    1.37   17.93   11.16  537.02 ^ _3565_/Y (AOI21x1_ASAP7_75t_R)
                                         _1180_ (net)
                 17.93    0.10  537.12 ^ _3566_/A2 (OAI21x1_ASAP7_75t_R)
     1    1.29   25.85    9.45  546.57 v _3566_/Y (OAI21x1_ASAP7_75t_R)
                                         _1181_ (net)
                 25.86    0.08  546.65 v _3567_/B (NAND2x1_ASAP7_75t_R)
     1   15.48  120.77   52.82  599.47 ^ _3567_/Y (NAND2x1_ASAP7_75t_R)
                                         _0068_ (net)
                134.50   21.20  620.66 ^ sa20[3]$_DFF_P_/D (DFFHQNx1_ASAP7_75t_R)
                                620.66   data arrival time

                  0.00  450.00  450.00   clock clk (rise edge)
                          0.00  450.00   clock network delay (ideal)
                          0.00  450.00   clock reconvergence pessimism
                                450.00 ^ sa20[3]$_DFF_P_/CLK (DFFHQNx1_ASAP7_75t_R)
                        -19.00  431.00   library setup time
                                431.00   data required time
-----------------------------------------------------------------------------
                                431.00   data required time
                               -620.66   data arrival time
-----------------------------------------------------------------------------
                               -189.66   slack (VIOLATED)



==========================================================================
resizer report_check_types -max_slew -max_cap -max_fanout -violators
--------------------------------------------------------------------------

==========================================================================
resizer max_slew_check_slack
--------------------------------------------------------------------------
99.72297668457031

==========================================================================
resizer max_slew_check_limit
--------------------------------------------------------------------------
320.0

==========================================================================
resizer max_slew_check_slack_limit
--------------------------------------------------------------------------
0.3116

==========================================================================
resizer max_fanout_check_slack
--------------------------------------------------------------------------
1.0000000150474662e+30

==========================================================================
resizer max_fanout_check_limit
--------------------------------------------------------------------------
1.0000000150474662e+30

==========================================================================
resizer max_capacitance_check_slack
--------------------------------------------------------------------------
15.210408210754395

==========================================================================
resizer max_capacitance_check_limit
--------------------------------------------------------------------------
23.040000915527344

==========================================================================
resizer max_capacitance_check_slack_limit
--------------------------------------------------------------------------
0.6602

==========================================================================
resizer max_slew_violation_count
--------------------------------------------------------------------------
max slew violation count 0

==========================================================================
resizer max_fanout_violation_count
--------------------------------------------------------------------------
max fanout violation count 0

==========================================================================
resizer max_cap_violation_count
--------------------------------------------------------------------------
max cap violation count 0

==========================================================================
resizer setup_violation_count
--------------------------------------------------------------------------
setup violation count 192

==========================================================================
resizer hold_violation_count
--------------------------------------------------------------------------
hold violation count 0

==========================================================================
resizer report_checks -path_delay max reg to reg
--------------------------------------------------------------------------
Startpoint: sa22[0]$_DFF_P_ (rising edge-triggered flip-flop clocked by clk)
Endpoint: sa20[3]$_DFF_P_ (rising edge-triggered flip-flop clocked by clk)
Path Group: clk
Path Type: max

  Delay    Time   Description
---------------------------------------------------------
   0.00    0.00   clock clk (rise edge)
   0.00    0.00   clock network delay (ideal)
   0.00    0.00 ^ sa22[0]$_DFF_P_/CLK (DFFHQNx1_ASAP7_75t_R)
  78.75   78.75 v sa22[0]$_DFF_P_/QN (DFFHQNx1_ASAP7_75t_R)
  76.36  155.10 ^ _5531_/Y (INVx1_ASAP7_75t_R)
 230.28  385.38 v us22/d[7] (aes_sbox)
  58.26  443.65 v place1018/Y (BUFx6f_ASAP7_75t_R)
  27.42  471.07 ^ _3551_/Y (XNOR2x2_ASAP7_75t_R)
  30.69  501.76 v _3552_/Y (XNOR2x2_ASAP7_75t_R)
  12.56  514.32 ^ _3557_/Y (INVx1_ASAP7_75t_R)
  11.42  525.73 v _3564_/Y (NAND2x1_ASAP7_75t_R)
  11.29  537.02 ^ _3565_/Y (AOI21x1_ASAP7_75t_R)
   9.55  546.57 v _3566_/Y (OAI21x1_ASAP7_75t_R)
  52.90  599.47 ^ _3567_/Y (NAND2x1_ASAP7_75t_R)
  21.20  620.66 ^ sa20[3]$_DFF_P_/D (DFFHQNx1_ASAP7_75t_R)
         620.66   data arrival time

 450.00  450.00   clock clk (rise edge)
   0.00  450.00   clock network delay (ideal)
   0.00  450.00   clock reconvergence pessimism
         450.00 ^ sa20[3]$_DFF_P_/CLK (DFFHQNx1_ASAP7_75t_R)
 -19.00  431.00   library setup time
         431.00   data required time
---------------------------------------------------------
         431.00   data required time
        -620.66   data arrival time
---------------------------------------------------------
        -189.66   slack (VIOLATED)



==========================================================================
resizer report_checks -path_delay min reg to reg
--------------------------------------------------------------------------
Startpoint: text_in_r[10]$_DFFE_PP_
            (rising edge-triggered flip-flop clocked by clk)
Endpoint: text_in_r[10]$_DFFE_PP_
          (rising edge-triggered flip-flop clocked by clk)
Path Group: clk
Path Type: min

  Delay    Time   Description
---------------------------------------------------------
   0.00    0.00   clock clk (rise edge)
   0.00    0.00   clock network delay (ideal)
   0.00    0.00 ^ text_in_r[10]$_DFFE_PP_/CLK (DFFHQNx1_ASAP7_75t_R)
  34.32   34.32 ^ text_in_r[10]$_DFFE_PP_/QN (DFFHQNx1_ASAP7_75t_R)
   8.69   43.02 v _5733_/Y (NOR2x1_ASAP7_75t_R)
  13.00   56.02 v _5734_/Y (AO21x1_ASAP7_75t_R)
   0.03   56.04 v text_in_r[10]$_DFFE_PP_/D (DFFHQNx1_ASAP7_75t_R)
          56.04   data arrival time

   0.00    0.00   clock clk (rise edge)
   0.00    0.00   clock network delay (ideal)
   0.00    0.00   clock reconvergence pessimism
           0.00 ^ text_in_r[10]$_DFFE_PP_/CLK (DFFHQNx1_ASAP7_75t_R)
   8.63    8.63   library hold time
           8.63   data required time
---------------------------------------------------------
           8.63   data required time
         -56.04   data arrival time
---------------------------------------------------------
          47.41   slack (MET)



==========================================================================
resizer critical path target clock latency max path
--------------------------------------------------------------------------
0.0000

==========================================================================
resizer critical path target clock latency min path
--------------------------------------------------------------------------
0.0000

==========================================================================
resizer critical path source clock latency min path
--------------------------------------------------------------------------
0.0000

==========================================================================
resizer critical path delay
--------------------------------------------------------------------------
620.6627

==========================================================================
resizer critical path slack
--------------------------------------------------------------------------
-189.6646

==========================================================================
resizer slack div critical path delay
--------------------------------------------------------------------------
-30.558402

==========================================================================
resizer report_power
--------------------------------------------------------------------------
Group                  Internal  Switching    Leakage      Total
                          Power      Power      Power      Power (Watts)
----------------------------------------------------------------
Sequential             2.36e-03   4.02e-04   7.83e-08   2.76e-03  50.9%
Combinational          9.81e-04   1.68e-03   3.43e-07   2.67e-03  49.1%
Clock                  0.00e+00   0.00e+00   0.00e+00   0.00e+00   0.0%
Macro                  0.00e+00   0.00e+00   0.00e+00   0.00e+00   0.0%
Pad                    0.00e+00   0.00e+00   0.00e+00   0.00e+00   0.0%
----------------------------------------------------------------
Total                  3.34e-03   2.09e-03   4.21e-07   5.43e-03 100.0%
                          61.5%      38.5%       0.0%
