
==========================================================================
cts final report_tns
--------------------------------------------------------------------------
tns max -8939.60

==========================================================================
cts final report_wns
--------------------------------------------------------------------------
wns max -139.34

==========================================================================
cts final report_worst_slack
--------------------------------------------------------------------------
worst slack max -139.34

==========================================================================
cts final report_clock_min_period
--------------------------------------------------------------------------
clk period_min = 589.34 fmax = 1696.83

==========================================================================
cts final report_clock_skew
--------------------------------------------------------------------------
Clock clk
 211.24 source latency sa33[0]$_DFF_P_/CLK ^
-127.65 target latency sa20[7]$_DFF_P_/CLK ^
  -6.79 CRPR
--------------
  76.80 setup skew


==========================================================================
cts final report_checks -path_delay min
--------------------------------------------------------------------------
Startpoint: text_in[81] (input port clocked by clk)
Endpoint: text_in_r[81]$_DFFE_PP_
          (rising edge-triggered flip-flop clocked by clk)
Path Group: clk
Path Type: min

Fanout     Cap    Slew   Delay    Time   Description
-----------------------------------------------------------------------------
                          0.00    0.00   clock clk (rise edge)
                          0.00    0.00   clock network delay (propagated)
                         90.00   90.00 v input external delay
     1    0.56    0.00    0.00   90.00 v text_in[81] (in)
                                         text_in[81] (net)
                  0.05    0.02   90.02 v hold2759/A (BUFx2_ASAP7_75t_R)
     1    0.55    4.78   10.41  100.43 v hold2759/Y (BUFx2_ASAP7_75t_R)
                                         net2759 (net)
                  4.78    0.02  100.45 v hold2055/A (BUFx2_ASAP7_75t_R)
     1    0.70    5.11   12.17  112.62 v hold2055/Y (BUFx2_ASAP7_75t_R)
                                         net2055 (net)
                  5.11    0.04  112.66 v input238/A (BUFx2_ASAP7_75t_R)
     1    4.43   15.40   17.11  129.77 v input238/Y (BUFx2_ASAP7_75t_R)
                                         net238 (net)
                 16.15    1.81  131.59 v hold2056/A (BUFx2_ASAP7_75t_R)
     1    4.37   15.30   20.59  152.18 v hold2056/Y (BUFx2_ASAP7_75t_R)
                                         net2056 (net)
                 16.02    1.77  153.95 v _5944_/A2 (AO21x1_ASAP7_75t_R)
     1    0.49    5.57   15.77  169.72 v _5944_/Y (AO21x1_ASAP7_75t_R)
                                         _0758_ (net)
                  5.57    0.02  169.73 v hold2057/A (BUFx2_ASAP7_75t_R)
     1    0.59    4.87   12.27  182.00 v hold2057/Y (BUFx2_ASAP7_75t_R)
                                         net2057 (net)
                  4.87    0.02  182.02 v text_in_r[81]$_DFFE_PP_/D (DFFHQNx1_ASAP7_75t_R)
                                182.02   data arrival time

                          0.00    0.00   clock clk (rise edge)
                          0.00    0.00   clock source latency
     2   16.71    0.00    0.00    0.00 ^ clk (in)
                                         clk (net)
                 76.62   24.17   24.17 ^ clkbuf_regs_0_clk/A (BUFx24_ASAP7_75t_R)
     1    2.89    9.46   31.58   55.75 ^ clkbuf_regs_0_clk/Y (BUFx24_ASAP7_75t_R)
                                         clk_regs (net)
                  9.46    0.34   56.09 ^ clkbuf_0_clk_regs/A (BUFx24_ASAP7_75t_R)
     4   20.20   11.18   18.62   74.71 ^ clkbuf_0_clk_regs/Y (BUFx24_ASAP7_75t_R)
                                         clknet_0_clk_regs (net)
                 34.23    9.96   84.66 ^ clkbuf_2_2_0_clk_regs/A (BUFx24_ASAP7_75t_R)
    10   47.04   15.54   27.02  111.68 ^ clkbuf_2_2_0_clk_regs/Y (BUFx24_ASAP7_75t_R)
                                         clknet_2_2_0_clk_regs (net)
                 79.12   23.77  135.46 ^ clkbuf_leaf_0_clk_regs/A (BUFx24_ASAP7_75t_R)
    16   13.66   13.64   33.94  169.40 ^ clkbuf_leaf_0_clk_regs/Y (BUFx24_ASAP7_75t_R)
                                         clknet_leaf_0_clk_regs (net)
                 13.72    0.47  169.86 ^ text_in_r[81]$_DFFE_PP_/CLK (DFFHQNx1_ASAP7_75t_R)
                          0.00  169.86   clock reconvergence pessimism
                         12.13  182.00   library hold time
                                182.00   data required time
-----------------------------------------------------------------------------
                                182.00   data required time
                               -182.02   data arrival time
-----------------------------------------------------------------------------
                                  0.02   slack (MET)



==========================================================================
cts final report_checks -path_delay max
--------------------------------------------------------------------------
Startpoint: sa22[0]$_DFF_P_ (rising edge-triggered flip-flop clocked by clk)
Endpoint: sa20[7]$_DFF_P_ (rising edge-triggered flip-flop clocked by clk)
Path Group: clk
Path Type: max

Fanout     Cap    Slew   Delay    Time   Description
-----------------------------------------------------------------------------
                          0.00    0.00   clock clk (rise edge)
                          0.00    0.00   clock source latency
     2   16.71    0.00    0.00    0.00 ^ clk (in)
                                         clk (net)
                 76.62   24.17   24.17 ^ clkbuf_regs_0_clk/A (BUFx24_ASAP7_75t_R)
     1    2.89    9.46   31.58   55.75 ^ clkbuf_regs_0_clk/Y (BUFx24_ASAP7_75t_R)
                                         clk_regs (net)
                  9.46    0.34   56.09 ^ clkbuf_0_clk_regs/A (BUFx24_ASAP7_75t_R)
     4   20.20   11.18   18.62   74.71 ^ clkbuf_0_clk_regs/Y (BUFx24_ASAP7_75t_R)
                                         clknet_0_clk_regs (net)
                 33.57    9.71   84.42 ^ clkbuf_2_0_0_clk_regs/A (BUFx24_ASAP7_75t_R)
    13   55.52   20.86   25.58  110.00 ^ clkbuf_2_0_0_clk_regs/Y (BUFx24_ASAP7_75t_R)
                                         clknet_2_0_0_clk_regs (net)
                 82.33   24.46  134.46 ^ clkbuf_leaf_34_clk_regs/A (BUFx24_ASAP7_75t_R)
    23   17.05   15.11   34.96  169.42 ^ clkbuf_leaf_34_clk_regs/Y (BUFx24_ASAP7_75t_R)
                                         clknet_leaf_34_clk_regs (net)
                 15.19    0.52  169.94 ^ sa22[0]$_DFF_P_/CLK (DFFHQNx3_ASAP7_75t_R)
     1   25.63   52.65   70.53  240.47 v sa22[0]$_DFF_P_/QN (DFFHQNx3_ASAP7_75t_R)
                                         _0472_ (net)
                162.09   47.87  288.33 v _5531_/A (INVx2_ASAP7_75t_R)
     1    1.34   25.50   19.93  308.27 ^ _5531_/Y (INVx2_ASAP7_75t_R)
                                         sa22[0] (net)
                 25.50    0.13  308.40 ^ us22/a[0] (aes_sbox)
     2   18.07   50.38  228.46  536.87 v us22/d[6] (aes_sbox)
                                         sa20_sr[6] (net)
                 90.89   24.63  561.49 v place1020/A (BUFx6f_ASAP7_75t_R)
     2    2.39    8.37   27.86  589.36 v place1020/Y (BUFx6f_ASAP7_75t_R)
                                         net1020 (net)
                  8.41    0.27  589.63 v _3323_/A (XOR2x2_ASAP7_75t_R)
     2    1.79   11.78   28.85  618.47 ^ _3323_/Y (XOR2x2_ASAP7_75t_R)
                                         _0951_ (net)
                 11.78    0.07  618.54 ^ _3619_/A (XOR2x2_ASAP7_75t_R)
     3    3.76   16.58   27.55  646.09 v _3619_/Y (XOR2x2_ASAP7_75t_R)
                                         _1230_ (net)
                 16.59    0.22  646.30 v _3622_/A (INVx2_ASAP7_75t_R)
     2    2.23   10.99    9.07  655.37 ^ _3622_/Y (INVx2_ASAP7_75t_R)
                                         _1233_ (net)
                 10.99    0.05  655.42 ^ _3623_/B (NAND2x1_ASAP7_75t_R)
     1    1.29   10.48    8.77  664.18 v _3623_/Y (NAND2x1_ASAP7_75t_R)
                                         _1234_ (net)
                 10.48    0.07  664.26 v _3624_/A2 (AOI21x1_ASAP7_75t_R)
     1    1.42   23.42   10.69  674.95 ^ _3624_/Y (AOI21x1_ASAP7_75t_R)
                                         _1235_ (net)
                 23.42    0.08  675.02 ^ _3625_/A1 (OAI21x1_ASAP7_75t_R)
     1    2.28   27.78   11.84  686.86 v _3625_/Y (OAI21x1_ASAP7_75t_R)
                                         _1236_ (net)
                 27.78    0.09  686.95 v _3633_/B (NAND2x2_ASAP7_75t_R)
     1    4.79   25.23   19.62  706.57 ^ _3633_/Y (NAND2x2_ASAP7_75t_R)
                                         _0072_ (net)
                 25.85    2.14  708.71 ^ sa20[7]$_DFF_P_/D (DFFHQNx1_ASAP7_75t_R)
                                708.71   data arrival time

                        450.00  450.00   clock clk (rise edge)
                          0.00  450.00   clock source latency
     2   15.51    0.00    0.00  450.00 ^ clk (in)
                                         clk (net)
                 70.92   22.37  472.37 ^ clkbuf_regs_0_clk/A (BUFx24_ASAP7_75t_R)
     1    2.29    8.99   30.52  502.89 ^ clkbuf_regs_0_clk/Y (BUFx24_ASAP7_75t_R)
                                         clk_regs (net)
                  9.00    0.26  503.15 ^ clkbuf_0_clk_regs/A (BUFx24_ASAP7_75t_R)
     4   17.80   10.68   18.43  521.58 ^ clkbuf_0_clk_regs/Y (BUFx24_ASAP7_75t_R)
                                         clknet_0_clk_regs (net)
                 29.22    8.36  529.94 ^ clkbuf_2_1_0_clk_regs/A (BUFx24_ASAP7_75t_R)
     9   41.65   14.30   25.65  555.59 ^ clkbuf_2_1_0_clk_regs/Y (BUFx24_ASAP7_75t_R)
                                         clknet_2_1_0_clk_regs (net)
                 14.53    0.78  556.37 ^ clkbuf_leaf_26_clk_regs/A (BUFx24_ASAP7_75t_R)
    14   13.48   11.42   20.75  577.12 ^ clkbuf_leaf_26_clk_regs/Y (BUFx24_ASAP7_75t_R)
                                         clknet_leaf_26_clk_regs (net)
                 11.51    0.53  577.65 ^ sa20[7]$_DFF_P_/CLK (DFFHQNx1_ASAP7_75t_R)
                          3.12  580.77   clock reconvergence pessimism
                        -11.40  569.37   library setup time
                                569.37   data required time
-----------------------------------------------------------------------------
                                569.37   data required time
                               -708.71   data arrival time
-----------------------------------------------------------------------------
                               -139.34   slack (VIOLATED)



==========================================================================
cts final report_checks -unconstrained
--------------------------------------------------------------------------
Startpoint: sa22[0]$_DFF_P_ (rising edge-triggered flip-flop clocked by clk)
Endpoint: sa20[7]$_DFF_P_ (rising edge-triggered flip-flop clocked by clk)
Path Group: clk
Path Type: max

Fanout     Cap    Slew   Delay    Time   Description
-----------------------------------------------------------------------------
                          0.00    0.00   clock clk (rise edge)
                          0.00    0.00   clock source latency
     2   16.71    0.00    0.00    0.00 ^ clk (in)
                                         clk (net)
                 76.62   24.17   24.17 ^ clkbuf_regs_0_clk/A (BUFx24_ASAP7_75t_R)
     1    2.89    9.46   31.58   55.75 ^ clkbuf_regs_0_clk/Y (BUFx24_ASAP7_75t_R)
                                         clk_regs (net)
                  9.46    0.34   56.09 ^ clkbuf_0_clk_regs/A (BUFx24_ASAP7_75t_R)
     4   20.20   11.18   18.62   74.71 ^ clkbuf_0_clk_regs/Y (BUFx24_ASAP7_75t_R)
                                         clknet_0_clk_regs (net)
                 33.57    9.71   84.42 ^ clkbuf_2_0_0_clk_regs/A (BUFx24_ASAP7_75t_R)
    13   55.52   20.86   25.58  110.00 ^ clkbuf_2_0_0_clk_regs/Y (BUFx24_ASAP7_75t_R)
                                         clknet_2_0_0_clk_regs (net)
                 82.33   24.46  134.46 ^ clkbuf_leaf_34_clk_regs/A (BUFx24_ASAP7_75t_R)
    23   17.05   15.11   34.96  169.42 ^ clkbuf_leaf_34_clk_regs/Y (BUFx24_ASAP7_75t_R)
                                         clknet_leaf_34_clk_regs (net)
                 15.19    0.52  169.94 ^ sa22[0]$_DFF_P_/CLK (DFFHQNx3_ASAP7_75t_R)
     1   25.63   52.65   70.53  240.47 v sa22[0]$_DFF_P_/QN (DFFHQNx3_ASAP7_75t_R)
                                         _0472_ (net)
                162.09   47.87  288.33 v _5531_/A (INVx2_ASAP7_75t_R)
     1    1.34   25.50   19.93  308.27 ^ _5531_/Y (INVx2_ASAP7_75t_R)
                                         sa22[0] (net)
                 25.50    0.13  308.40 ^ us22/a[0] (aes_sbox)
     2   18.07   50.38  228.46  536.87 v us22/d[6] (aes_sbox)
                                         sa20_sr[6] (net)
                 90.89   24.63  561.49 v place1020/A (BUFx6f_ASAP7_75t_R)
     2    2.39    8.37   27.86  589.36 v place1020/Y (BUFx6f_ASAP7_75t_R)
                                         net1020 (net)
                  8.41    0.27  589.63 v _3323_/A (XOR2x2_ASAP7_75t_R)
     2    1.79   11.78   28.85  618.47 ^ _3323_/Y (XOR2x2_ASAP7_75t_R)
                                         _0951_ (net)
                 11.78    0.07  618.54 ^ _3619_/A (XOR2x2_ASAP7_75t_R)
     3    3.76   16.58   27.55  646.09 v _3619_/Y (XOR2x2_ASAP7_75t_R)
                                         _1230_ (net)
                 16.59    0.22  646.30 v _3622_/A (INVx2_ASAP7_75t_R)
     2    2.23   10.99    9.07  655.37 ^ _3622_/Y (INVx2_ASAP7_75t_R)
                                         _1233_ (net)
                 10.99    0.05  655.42 ^ _3623_/B (NAND2x1_ASAP7_75t_R)
     1    1.29   10.48    8.77  664.18 v _3623_/Y (NAND2x1_ASAP7_75t_R)
                                         _1234_ (net)
                 10.48    0.07  664.26 v _3624_/A2 (AOI21x1_ASAP7_75t_R)
     1    1.42   23.42   10.69  674.95 ^ _3624_/Y (AOI21x1_ASAP7_75t_R)
                                         _1235_ (net)
                 23.42    0.08  675.02 ^ _3625_/A1 (OAI21x1_ASAP7_75t_R)
     1    2.28   27.78   11.84  686.86 v _3625_/Y (OAI21x1_ASAP7_75t_R)
                                         _1236_ (net)
                 27.78    0.09  686.95 v _3633_/B (NAND2x2_ASAP7_75t_R)
     1    4.79   25.23   19.62  706.57 ^ _3633_/Y (NAND2x2_ASAP7_75t_R)
                                         _0072_ (net)
                 25.85    2.14  708.71 ^ sa20[7]$_DFF_P_/D (DFFHQNx1_ASAP7_75t_R)
                                708.71   data arrival time

                        450.00  450.00   clock clk (rise edge)
                          0.00  450.00   clock source latency
     2   15.51    0.00    0.00  450.00 ^ clk (in)
                                         clk (net)
                 70.92   22.37  472.37 ^ clkbuf_regs_0_clk/A (BUFx24_ASAP7_75t_R)
     1    2.29    8.99   30.52  502.89 ^ clkbuf_regs_0_clk/Y (BUFx24_ASAP7_75t_R)
                                         clk_regs (net)
                  9.00    0.26  503.15 ^ clkbuf_0_clk_regs/A (BUFx24_ASAP7_75t_R)
     4   17.80   10.68   18.43  521.58 ^ clkbuf_0_clk_regs/Y (BUFx24_ASAP7_75t_R)
                                         clknet_0_clk_regs (net)
                 29.22    8.36  529.94 ^ clkbuf_2_1_0_clk_regs/A (BUFx24_ASAP7_75t_R)
     9   41.65   14.30   25.65  555.59 ^ clkbuf_2_1_0_clk_regs/Y (BUFx24_ASAP7_75t_R)
                                         clknet_2_1_0_clk_regs (net)
                 14.53    0.78  556.37 ^ clkbuf_leaf_26_clk_regs/A (BUFx24_ASAP7_75t_R)
    14   13.48   11.42   20.75  577.12 ^ clkbuf_leaf_26_clk_regs/Y (BUFx24_ASAP7_75t_R)
                                         clknet_leaf_26_clk_regs (net)
                 11.51    0.53  577.65 ^ sa20[7]$_DFF_P_/CLK (DFFHQNx1_ASAP7_75t_R)
                          3.12  580.77   clock reconvergence pessimism
                        -11.40  569.37   library setup time
                                569.37   data required time
-----------------------------------------------------------------------------
                                569.37   data required time
                               -708.71   data arrival time
-----------------------------------------------------------------------------
                               -139.34   slack (VIOLATED)



==========================================================================
cts final report_check_types -max_slew -max_cap -max_fanout -violators
--------------------------------------------------------------------------

==========================================================================
cts final max_slew_check_slack
--------------------------------------------------------------------------
131.18228149414062

==========================================================================
cts final max_slew_check_limit
--------------------------------------------------------------------------
320.0

==========================================================================
cts final max_slew_check_slack_limit
--------------------------------------------------------------------------
0.4099

==========================================================================
cts final max_fanout_check_slack
--------------------------------------------------------------------------
1.0000000150474662e+30

==========================================================================
cts final max_fanout_check_limit
--------------------------------------------------------------------------
1.0000000150474662e+30

==========================================================================
cts final max_capacitance_check_slack
--------------------------------------------------------------------------
15.28235149383545

==========================================================================
cts final max_capacitance_check_limit
--------------------------------------------------------------------------
23.040000915527344

==========================================================================
cts final max_capacitance_check_slack_limit
--------------------------------------------------------------------------
0.6633

==========================================================================
cts final max_slew_violation_count
--------------------------------------------------------------------------
max slew violation count 0

==========================================================================
cts final max_fanout_violation_count
--------------------------------------------------------------------------
max fanout violation count 0

==========================================================================
cts final max_cap_violation_count
--------------------------------------------------------------------------
max cap violation count 0

==========================================================================
cts final setup_violation_count
--------------------------------------------------------------------------
setup violation count 199

==========================================================================
cts final hold_violation_count
--------------------------------------------------------------------------
hold violation count 0

==========================================================================
cts final report_checks -path_delay max reg to reg
--------------------------------------------------------------------------
Startpoint: sa22[0]$_DFF_P_ (rising edge-triggered flip-flop clocked by clk)
Endpoint: sa20[7]$_DFF_P_ (rising edge-triggered flip-flop clocked by clk)
Path Group: clk
Path Type: max

  Delay    Time   Description
---------------------------------------------------------
   0.00    0.00   clock clk (rise edge)
   0.00    0.00   clock source latency
   0.00    0.00 ^ clk (in)
  55.75   55.75 ^ clkbuf_regs_0_clk/Y (BUFx24_ASAP7_75t_R)
  18.96   74.71 ^ clkbuf_0_clk_regs/Y (BUFx24_ASAP7_75t_R)
  35.29  110.00 ^ clkbuf_2_0_0_clk_regs/Y (BUFx24_ASAP7_75t_R)
  59.42  169.42 ^ clkbuf_leaf_34_clk_regs/Y (BUFx24_ASAP7_75t_R)
   0.52  169.94 ^ sa22[0]$_DFF_P_/CLK (DFFHQNx3_ASAP7_75t_R)
  70.53  240.47 v sa22[0]$_DFF_P_/QN (DFFHQNx3_ASAP7_75t_R)
  67.80  308.27 ^ _5531_/Y (INVx2_ASAP7_75t_R)
 228.60  536.87 v us22/d[6] (aes_sbox)
  52.49  589.36 v place1020/Y (BUFx6f_ASAP7_75t_R)
  29.12  618.47 ^ _3323_/Y (XOR2x2_ASAP7_75t_R)
  27.61  646.09 v _3619_/Y (XOR2x2_ASAP7_75t_R)
   9.28  655.37 ^ _3622_/Y (INVx2_ASAP7_75t_R)
   8.82  664.18 v _3623_/Y (NAND2x1_ASAP7_75t_R)
  10.76  674.95 ^ _3624_/Y (AOI21x1_ASAP7_75t_R)
  11.92  686.86 v _3625_/Y (OAI21x1_ASAP7_75t_R)
  19.71  706.57 ^ _3633_/Y (NAND2x2_ASAP7_75t_R)
   2.14  708.71 ^ sa20[7]$_DFF_P_/D (DFFHQNx1_ASAP7_75t_R)
         708.71   data arrival time

 450.00  450.00   clock clk (rise edge)
   0.00  450.00   clock source latency
   0.00  450.00 ^ clk (in)
  52.89  502.89 ^ clkbuf_regs_0_clk/Y (BUFx24_ASAP7_75t_R)
  18.69  521.58 ^ clkbuf_0_clk_regs/Y (BUFx24_ASAP7_75t_R)
  34.00  555.59 ^ clkbuf_2_1_0_clk_regs/Y (BUFx24_ASAP7_75t_R)
  21.53  577.12 ^ clkbuf_leaf_26_clk_regs/Y (BUFx24_ASAP7_75t_R)
   0.53  577.65 ^ sa20[7]$_DFF_P_/CLK (DFFHQNx1_ASAP7_75t_R)
   3.12  580.77   clock reconvergence pessimism
 -11.40  569.37   library setup time
         569.37   data required time
---------------------------------------------------------
         569.37   data required time
        -708.71   data arrival time
---------------------------------------------------------
        -139.34   slack (VIOLATED)



==========================================================================
cts final report_checks -path_delay min reg to reg
--------------------------------------------------------------------------
Startpoint: text_in_r[65]$_DFFE_PP_
            (rising edge-triggered flip-flop clocked by clk)
Endpoint: sa31[1]$_DFF_P_ (rising edge-triggered flip-flop clocked by clk)
Path Group: clk
Path Type: min

  Delay    Time   Description
---------------------------------------------------------
   0.00    0.00   clock clk (rise edge)
   0.00    0.00   clock source latency
   0.00    0.00 ^ clk (in)
  52.89   52.89 ^ clkbuf_regs_0_clk/Y (BUFx24_ASAP7_75t_R)
  18.69   71.58 ^ clkbuf_0_clk_regs/Y (BUFx24_ASAP7_75t_R)
  32.58  104.17 ^ clkbuf_2_0_0_clk_regs/Y (BUFx24_ASAP7_75t_R)
  39.70  143.86 ^ clkbuf_leaf_29_clk_regs/Y (BUFx24_ASAP7_75t_R)
   0.97  144.84 ^ text_in_r[65]$_DFFE_PP_/CLK (DFFHQNx1_ASAP7_75t_R)
  39.90  184.74 ^ text_in_r[65]$_DFFE_PP_/QN (DFFHQNx1_ASAP7_75t_R)
  13.18  197.92 v _4205_/Y (NOR2x1_ASAP7_75t_R)
  11.99  209.90 ^ _4222_/Y (OAI21x1_ASAP7_75t_R)
  12.32  222.22 v _4229_/Y (NAND2x2_ASAP7_75t_R)
   5.14  227.36 v sa31[1]$_DFF_P_/D (DFFHQNx1_ASAP7_75t_R)
         227.36   data arrival time

   0.00    0.00   clock clk (rise edge)
   0.00    0.00   clock source latency
   0.00    0.00 ^ clk (in)
  55.75   55.75 ^ clkbuf_regs_0_clk/Y (BUFx24_ASAP7_75t_R)
  18.96   74.71 ^ clkbuf_0_clk_regs/Y (BUFx24_ASAP7_75t_R)
  37.68  112.38 ^ clkbuf_2_1_0_clk_regs/Y (BUFx24_ASAP7_75t_R)
  96.92  209.30 ^ clkbuf_leaf_21_clk_regs/Y (BUFx24_ASAP7_75t_R)
   2.03  211.33 ^ sa31[1]$_DFF_P_/CLK (DFFHQNx1_ASAP7_75t_R)
  -3.12  208.21   clock reconvergence pessimism
  10.92  219.13   library hold time
         219.13   data required time
---------------------------------------------------------
         219.13   data required time
        -227.36   data arrival time
---------------------------------------------------------
           8.23   slack (MET)



==========================================================================
cts final critical path target clock latency max path
--------------------------------------------------------------------------
143.8705

==========================================================================
cts final critical path target clock latency min path
--------------------------------------------------------------------------
169.8633

==========================================================================
cts final critical path source clock latency min path
--------------------------------------------------------------------------
0.0000

==========================================================================
cts final critical path delay
--------------------------------------------------------------------------
708.7090

==========================================================================
cts final critical path slack
--------------------------------------------------------------------------
-139.3355

==========================================================================
cts final slack div critical path delay
--------------------------------------------------------------------------
-19.660467

==========================================================================
cts final report_power
--------------------------------------------------------------------------
Group                  Internal  Switching    Leakage      Total
                          Power      Power      Power      Power (Watts)
----------------------------------------------------------------
Sequential             2.30e-03   4.12e-04   7.85e-08   2.71e-03  31.1%
Combinational          1.20e-03   1.80e-03   4.19e-07   3.01e-03  34.5%
Clock                  1.91e-03   1.09e-03   3.01e-08   3.00e-03  34.4%
Macro                  0.00e+00   0.00e+00   0.00e+00   0.00e+00   0.0%
Pad                    0.00e+00   0.00e+00   0.00e+00   0.00e+00   0.0%
----------------------------------------------------------------
Total                  5.42e-03   3.30e-03   5.27e-07   8.72e-03 100.0%
                          62.1%      37.9%       0.0%
