
==========================================================================
resizer report_tns
--------------------------------------------------------------------------
tns max -3.79

==========================================================================
resizer report_wns
--------------------------------------------------------------------------
wns max -0.57

==========================================================================
resizer report_worst_slack
--------------------------------------------------------------------------
worst slack max -0.57

==========================================================================
resizer report_clock_min_period
--------------------------------------------------------------------------
clk period_min = 3.37 fmax = 297.08

==========================================================================
resizer report_checks -path_delay min
--------------------------------------------------------------------------
Startpoint: dcnt[1]$_SDFFE_PN0P_
            (rising edge-triggered flip-flop clocked by clk)
Endpoint: done$_DFF_P_ (rising edge-triggered flip-flop clocked by clk)
Path Group: clk
Path Type: min

Fanout     Cap    Slew   Delay    Time   Description
-----------------------------------------------------------------------------
                  0.00    0.00    0.00   clock clk (rise edge)
                          0.00    0.00   clock network delay (ideal)
                  0.00    0.00    0.00 ^ dcnt[1]$_SDFFE_PN0P_/CLK (sky130_fd_sc_hs__dfxtp_1)
     2    0.01    0.05    0.18    0.18 ^ dcnt[1]$_SDFFE_PN0P_/Q (sky130_fd_sc_hs__dfxtp_1)
                                         _00009_ (net)
                  0.05    0.00    0.18 ^ _20930_/B (sky130_fd_sc_hs__nor4b_1)
     1    0.00    0.03    0.04    0.22 v _20930_/Y (sky130_fd_sc_hs__nor4b_1)
                                         _10559_ (net)
                  0.03    0.00    0.22 v done$_DFF_P_/D (sky130_fd_sc_hs__dfxtp_1)
                                  0.22   data arrival time

                  0.00    0.00    0.00   clock clk (rise edge)
                          0.00    0.00   clock network delay (ideal)
                          0.00    0.00   clock reconvergence pessimism
                                  0.00 ^ done$_DFF_P_/CLK (sky130_fd_sc_hs__dfxtp_1)
                         -0.07   -0.07   library hold time
                                 -0.07   data required time
-----------------------------------------------------------------------------
                                 -0.07   data required time
                                 -0.22   data arrival time
-----------------------------------------------------------------------------
                                  0.29   slack (MET)



==========================================================================
resizer report_checks -path_delay max
--------------------------------------------------------------------------
Startpoint: sa33_sr[2]$_DFF_P_ (rising edge-triggered flip-flop clocked by clk)
Endpoint: sa30_sr[7]$_DFF_P_ (rising edge-triggered flip-flop clocked by clk)
Path Group: clk
Path Type: max

Fanout     Cap    Slew   Delay    Time   Description
-----------------------------------------------------------------------------
                  0.00    0.00    0.00   clock clk (rise edge)
                          0.00    0.00   clock network delay (ideal)
                  0.00    0.00    0.00 ^ sa33_sr[2]$_DFF_P_/CLK (sky130_fd_sc_hs__dfxtp_1)
     4    0.06    0.38    0.40    0.40 ^ sa33_sr[2]$_DFF_P_/Q (sky130_fd_sc_hs__dfxtp_1)
                                         _00134_ (net)
                  0.39    0.01    0.41 ^ _13567_/A (sky130_fd_sc_hs__xnor3_1)
     1    0.01    0.09    0.36    0.77 v _13567_/X (sky130_fd_sc_hs__xnor3_1)
                                         _03196_ (net)
                  0.09    0.00    0.77 v _13569_/B (sky130_fd_sc_hs__xnor3_1)
     1    0.02    0.13    0.32    1.10 v _13569_/X (sky130_fd_sc_hs__xnor3_1)
                                         _03198_ (net)
                  0.13    0.00    1.10 v _13570_/A1 (sky130_fd_sc_hs__mux2i_1)
     1    0.01    0.16    0.15    1.24 ^ _13570_/Y (sky130_fd_sc_hs__mux2i_1)
                                         _03199_ (net)
                  0.16    0.00    1.24 ^ place7446/A (sky130_fd_sc_hs__buf_2)
     2    0.02    0.11    0.15    1.40 ^ place7446/X (sky130_fd_sc_hs__buf_2)
                                         net7446 (net)
                  0.11    0.00    1.40 ^ _13572_/B (sky130_fd_sc_hs__xnor2_4)
     4    0.03    0.18    0.18    1.58 ^ _13572_/Y (sky130_fd_sc_hs__xnor2_4)
                                         _03201_ (net)
                  0.18    0.00    1.58 ^ place7098/A (sky130_fd_sc_hs__buf_8)
    26    0.12    0.14    0.18    1.76 ^ place7098/X (sky130_fd_sc_hs__buf_8)
                                         net7098 (net)
                  0.14    0.00    1.76 ^ _13651_/A (sky130_fd_sc_hs__nor2_1)
     3    0.02    0.08    0.11    1.87 v _13651_/Y (sky130_fd_sc_hs__nor2_1)
                                         _03280_ (net)
                  0.08    0.00    1.87 v place5961/A (sky130_fd_sc_hs__buf_4)
     6    0.03    0.04    0.13    2.00 v place5961/X (sky130_fd_sc_hs__buf_4)
                                         net5961 (net)
                  0.04    0.00    2.00 v _13654_/B2 (sky130_fd_sc_hs__a22oi_1)
     1    0.01    0.13    0.12    2.12 ^ _13654_/Y (sky130_fd_sc_hs__a22oi_1)
                                         _03283_ (net)
                  0.13    0.00    2.12 ^ _13657_/A2 (sky130_fd_sc_hs__o221ai_1)
     1    0.00    0.09    0.10    2.22 v _13657_/Y (sky130_fd_sc_hs__o221ai_1)
                                         _03286_ (net)
                  0.09    0.00    2.22 v _13658_/A2 (sky130_fd_sc_hs__a211oi_1)
     1    0.01    0.27    0.28    2.50 ^ _13658_/Y (sky130_fd_sc_hs__a211oi_1)
                                         _03287_ (net)
                  0.27    0.00    2.50 ^ _13659_/A2 (sky130_fd_sc_hs__a21oi_1)
     1    0.01    0.10    0.13    2.63 v _13659_/Y (sky130_fd_sc_hs__a21oi_1)
                                         _03288_ (net)
                  0.10    0.00    2.63 v _13720_/A2 (sky130_fd_sc_hs__o2111ai_1)
     1    0.05    0.71    0.57    3.20 ^ _13720_/Y (sky130_fd_sc_hs__o2111ai_1)
                                         _03349_ (net)
                  0.71    0.01    3.20 ^ sa30_sr[7]$_DFF_P_/D (sky130_fd_sc_hs__dfxtp_1)
                                  3.20   data arrival time

                  0.00    2.80    2.80   clock clk (rise edge)
                          0.00    2.80   clock network delay (ideal)
                          0.00    2.80   clock reconvergence pessimism
                                  2.80 ^ sa30_sr[7]$_DFF_P_/CLK (sky130_fd_sc_hs__dfxtp_1)
                         -0.16    2.64   library setup time
                                  2.64   data required time
-----------------------------------------------------------------------------
                                  2.64   data required time
                                 -3.20   data arrival time
-----------------------------------------------------------------------------
                                 -0.57   slack (VIOLATED)



==========================================================================
resizer report_checks -unconstrained
--------------------------------------------------------------------------
Startpoint: sa33_sr[2]$_DFF_P_ (rising edge-triggered flip-flop clocked by clk)
Endpoint: sa30_sr[7]$_DFF_P_ (rising edge-triggered flip-flop clocked by clk)
Path Group: clk
Path Type: max

Fanout     Cap    Slew   Delay    Time   Description
-----------------------------------------------------------------------------
                  0.00    0.00    0.00   clock clk (rise edge)
                          0.00    0.00   clock network delay (ideal)
                  0.00    0.00    0.00 ^ sa33_sr[2]$_DFF_P_/CLK (sky130_fd_sc_hs__dfxtp_1)
     4    0.06    0.38    0.40    0.40 ^ sa33_sr[2]$_DFF_P_/Q (sky130_fd_sc_hs__dfxtp_1)
                                         _00134_ (net)
                  0.39    0.01    0.41 ^ _13567_/A (sky130_fd_sc_hs__xnor3_1)
     1    0.01    0.09    0.36    0.77 v _13567_/X (sky130_fd_sc_hs__xnor3_1)
                                         _03196_ (net)
                  0.09    0.00    0.77 v _13569_/B (sky130_fd_sc_hs__xnor3_1)
     1    0.02    0.13    0.32    1.10 v _13569_/X (sky130_fd_sc_hs__xnor3_1)
                                         _03198_ (net)
                  0.13    0.00    1.10 v _13570_/A1 (sky130_fd_sc_hs__mux2i_1)
     1    0.01    0.16    0.15    1.24 ^ _13570_/Y (sky130_fd_sc_hs__mux2i_1)
                                         _03199_ (net)
                  0.16    0.00    1.24 ^ place7446/A (sky130_fd_sc_hs__buf_2)
     2    0.02    0.11    0.15    1.40 ^ place7446/X (sky130_fd_sc_hs__buf_2)
                                         net7446 (net)
                  0.11    0.00    1.40 ^ _13572_/B (sky130_fd_sc_hs__xnor2_4)
     4    0.03    0.18    0.18    1.58 ^ _13572_/Y (sky130_fd_sc_hs__xnor2_4)
                                         _03201_ (net)
                  0.18    0.00    1.58 ^ place7098/A (sky130_fd_sc_hs__buf_8)
    26    0.12    0.14    0.18    1.76 ^ place7098/X (sky130_fd_sc_hs__buf_8)
                                         net7098 (net)
                  0.14    0.00    1.76 ^ _13651_/A (sky130_fd_sc_hs__nor2_1)
     3    0.02    0.08    0.11    1.87 v _13651_/Y (sky130_fd_sc_hs__nor2_1)
                                         _03280_ (net)
                  0.08    0.00    1.87 v place5961/A (sky130_fd_sc_hs__buf_4)
     6    0.03    0.04    0.13    2.00 v place5961/X (sky130_fd_sc_hs__buf_4)
                                         net5961 (net)
                  0.04    0.00    2.00 v _13654_/B2 (sky130_fd_sc_hs__a22oi_1)
     1    0.01    0.13    0.12    2.12 ^ _13654_/Y (sky130_fd_sc_hs__a22oi_1)
                                         _03283_ (net)
                  0.13    0.00    2.12 ^ _13657_/A2 (sky130_fd_sc_hs__o221ai_1)
     1    0.00    0.09    0.10    2.22 v _13657_/Y (sky130_fd_sc_hs__o221ai_1)
                                         _03286_ (net)
                  0.09    0.00    2.22 v _13658_/A2 (sky130_fd_sc_hs__a211oi_1)
     1    0.01    0.27    0.28    2.50 ^ _13658_/Y (sky130_fd_sc_hs__a211oi_1)
                                         _03287_ (net)
                  0.27    0.00    2.50 ^ _13659_/A2 (sky130_fd_sc_hs__a21oi_1)
     1    0.01    0.10    0.13    2.63 v _13659_/Y (sky130_fd_sc_hs__a21oi_1)
                                         _03288_ (net)
                  0.10    0.00    2.63 v _13720_/A2 (sky130_fd_sc_hs__o2111ai_1)
     1    0.05    0.71    0.57    3.20 ^ _13720_/Y (sky130_fd_sc_hs__o2111ai_1)
                                         _03349_ (net)
                  0.71    0.01    3.20 ^ sa30_sr[7]$_DFF_P_/D (sky130_fd_sc_hs__dfxtp_1)
                                  3.20   data arrival time

                  0.00    2.80    2.80   clock clk (rise edge)
                          0.00    2.80   clock network delay (ideal)
                          0.00    2.80   clock reconvergence pessimism
                                  2.80 ^ sa30_sr[7]$_DFF_P_/CLK (sky130_fd_sc_hs__dfxtp_1)
                         -0.16    2.64   library setup time
                                  2.64   data required time
-----------------------------------------------------------------------------
                                  2.64   data required time
                                 -3.20   data arrival time
-----------------------------------------------------------------------------
                                 -0.57   slack (VIOLATED)



==========================================================================
resizer report_check_types -max_slew -max_cap -max_fanout -violators
--------------------------------------------------------------------------

==========================================================================
resizer max_slew_check_slack
--------------------------------------------------------------------------
0.219573974609375

==========================================================================
resizer max_slew_check_limit
--------------------------------------------------------------------------
1.0

==========================================================================
resizer max_slew_check_slack_limit
--------------------------------------------------------------------------
0.2196

==========================================================================
resizer max_fanout_check_slack
--------------------------------------------------------------------------
1.0000000150474662e+30

==========================================================================
resizer max_fanout_check_limit
--------------------------------------------------------------------------
1.0000000150474662e+30

==========================================================================
resizer max_capacitance_check_slack
--------------------------------------------------------------------------
0.013209309428930283

==========================================================================
resizer max_capacitance_check_limit
--------------------------------------------------------------------------
0.0416099987924099

==========================================================================
resizer max_capacitance_check_slack_limit
--------------------------------------------------------------------------
0.3175

==========================================================================
resizer max_slew_violation_count
--------------------------------------------------------------------------
max slew violation count 0

==========================================================================
resizer max_fanout_violation_count
--------------------------------------------------------------------------
max fanout violation count 0

==========================================================================
resizer max_cap_violation_count
--------------------------------------------------------------------------
max cap violation count 0

==========================================================================
resizer setup_violation_count
--------------------------------------------------------------------------
setup violation count 46

==========================================================================
resizer hold_violation_count
--------------------------------------------------------------------------
hold violation count 0

==========================================================================
resizer report_checks -path_delay max reg to reg
--------------------------------------------------------------------------
Startpoint: sa33_sr[2]$_DFF_P_ (rising edge-triggered flip-flop clocked by clk)
Endpoint: sa30_sr[7]$_DFF_P_ (rising edge-triggered flip-flop clocked by clk)
Path Group: clk
Path Type: max

  Delay    Time   Description
---------------------------------------------------------
   0.00    0.00   clock clk (rise edge)
   0.00    0.00   clock network delay (ideal)
   0.00    0.00 ^ sa33_sr[2]$_DFF_P_/CLK (sky130_fd_sc_hs__dfxtp_1)
   0.40    0.40 ^ sa33_sr[2]$_DFF_P_/Q (sky130_fd_sc_hs__dfxtp_1)
   0.37    0.77 v _13567_/X (sky130_fd_sc_hs__xnor3_1)
   0.32    1.10 v _13569_/X (sky130_fd_sc_hs__xnor3_1)
   0.15    1.24 ^ _13570_/Y (sky130_fd_sc_hs__mux2i_1)
   0.15    1.40 ^ place7446/X (sky130_fd_sc_hs__buf_2)
   0.18    1.58 ^ _13572_/Y (sky130_fd_sc_hs__xnor2_4)
   0.18    1.76 ^ place7098/X (sky130_fd_sc_hs__buf_8)
   0.11    1.87 v _13651_/Y (sky130_fd_sc_hs__nor2_1)
   0.13    2.00 v place5961/X (sky130_fd_sc_hs__buf_4)
   0.12    2.12 ^ _13654_/Y (sky130_fd_sc_hs__a22oi_1)
   0.10    2.22 v _13657_/Y (sky130_fd_sc_hs__o221ai_1)
   0.28    2.50 ^ _13658_/Y (sky130_fd_sc_hs__a211oi_1)
   0.13    2.63 v _13659_/Y (sky130_fd_sc_hs__a21oi_1)
   0.57    3.20 ^ _13720_/Y (sky130_fd_sc_hs__o2111ai_1)
   0.01    3.20 ^ sa30_sr[7]$_DFF_P_/D (sky130_fd_sc_hs__dfxtp_1)
           3.20   data arrival time

   2.80    2.80   clock clk (rise edge)
   0.00    2.80   clock network delay (ideal)
   0.00    2.80   clock reconvergence pessimism
           2.80 ^ sa30_sr[7]$_DFF_P_/CLK (sky130_fd_sc_hs__dfxtp_1)
  -0.16    2.64   library setup time
           2.64   data required time
---------------------------------------------------------
           2.64   data required time
          -3.20   data arrival time
---------------------------------------------------------
          -0.57   slack (VIOLATED)



==========================================================================
resizer report_checks -path_delay min reg to reg
--------------------------------------------------------------------------
Startpoint: dcnt[1]$_SDFFE_PN0P_
            (rising edge-triggered flip-flop clocked by clk)
Endpoint: done$_DFF_P_ (rising edge-triggered flip-flop clocked by clk)
Path Group: clk
Path Type: min

  Delay    Time   Description
---------------------------------------------------------
   0.00    0.00   clock clk (rise edge)
   0.00    0.00   clock network delay (ideal)
   0.00    0.00 ^ dcnt[1]$_SDFFE_PN0P_/CLK (sky130_fd_sc_hs__dfxtp_1)
   0.18    0.18 ^ dcnt[1]$_SDFFE_PN0P_/Q (sky130_fd_sc_hs__dfxtp_1)
   0.04    0.22 v _20930_/Y (sky130_fd_sc_hs__nor4b_1)
   0.00    0.22 v done$_DFF_P_/D (sky130_fd_sc_hs__dfxtp_1)
           0.22   data arrival time

   0.00    0.00   clock clk (rise edge)
   0.00    0.00   clock network delay (ideal)
   0.00    0.00   clock reconvergence pessimism
           0.00 ^ done$_DFF_P_/CLK (sky130_fd_sc_hs__dfxtp_1)
  -0.07   -0.07   library hold time
          -0.07   data required time
---------------------------------------------------------
          -0.07   data required time
          -0.22   data arrival time
---------------------------------------------------------
           0.29   slack (MET)



==========================================================================
resizer critical path target clock latency max path
--------------------------------------------------------------------------
0.0000

==========================================================================
resizer critical path target clock latency min path
--------------------------------------------------------------------------
0.0000

==========================================================================
resizer critical path source clock latency min path
--------------------------------------------------------------------------
0.0000

==========================================================================
resizer critical path delay
--------------------------------------------------------------------------
3.2048

==========================================================================
resizer critical path slack
--------------------------------------------------------------------------
-0.5661

==========================================================================
resizer slack div critical path delay
--------------------------------------------------------------------------
-17.664129

==========================================================================
resizer report_power
--------------------------------------------------------------------------
Group                  Internal  Switching    Leakage      Total
                          Power      Power      Power      Power (Watts)
----------------------------------------------------------------
Sequential             2.61e-02   5.19e-03   3.57e-07   3.13e-02   3.4%
Combinational          5.18e-01   3.63e-01   1.13e-06   8.81e-01  96.6%
Clock                  0.00e+00   0.00e+00   0.00e+00   0.00e+00   0.0%
Macro                  0.00e+00   0.00e+00   0.00e+00   0.00e+00   0.0%
Pad                    0.00e+00   0.00e+00   0.00e+00   0.00e+00   0.0%
----------------------------------------------------------------
Total                  5.44e-01   3.68e-01   1.48e-06   9.12e-01 100.0%
                          59.6%      40.4%       0.0%
