
==========================================================================
floorplan final report_tns
--------------------------------------------------------------------------
tns max -19710.59

==========================================================================
floorplan final report_wns
--------------------------------------------------------------------------
wns max -13.89

==========================================================================
floorplan final report_worst_slack
--------------------------------------------------------------------------
worst slack max -13.89

==========================================================================
floorplan final report_clock_min_period
--------------------------------------------------------------------------
core_clock period_min = 23.89 fmax = 41.86

==========================================================================
floorplan final report_checks -path_delay min
--------------------------------------------------------------------------
Startpoint: rst_ni (input port clocked by core_clock)
Endpoint: core_busy_q$_DFF_PN0_
          (removal check against rising-edge clock core_clock)
Path Group: asynchronous
Path Type: min

Fanout     Cap    Slew   Delay    Time   Description
-----------------------------------------------------------------------------
                  0.00    0.00    0.00   clock core_clock (rise edge)
                          0.00    0.00   clock network delay (ideal)
                          2.00    2.00 ^ input external delay
  1665    6.05    0.00    0.00    2.00 ^ rst_ni (in)
                                         rst_ni (net)
                  0.00    0.00    2.00 ^ core_busy_q$_DFF_PN0_/RESET_B (sky130_fd_sc_hd__dfrtp_1)
                                  2.00   data arrival time

                  0.00    0.00    0.00   clock core_clock (rise edge)
                          0.00    0.00   clock network delay (ideal)
                          0.00    0.00   clock reconvergence pessimism
                                  0.00 ^ core_busy_q$_DFF_PN0_/CLK (sky130_fd_sc_hd__dfrtp_1)
                          0.30    0.30   library removal time
                                  0.30   data required time
-----------------------------------------------------------------------------
                                  0.30   data required time
                                 -2.00   data arrival time
-----------------------------------------------------------------------------
                                  1.70   slack (MET)


Startpoint: id_stage_i.controller_i.ctrl_fsm_cs[0]$_DFF_PN1_
            (rising edge-triggered flip-flop clocked by core_clock)
Endpoint: id_stage_i.controller_i.ctrl_fsm_cs[5]$_DFF_PN0_
          (rising edge-triggered flip-flop clocked by core_clock)
Path Group: core_clock
Path Type: min

Fanout     Cap    Slew   Delay    Time   Description
-----------------------------------------------------------------------------
                  0.00    0.00    0.00   clock core_clock (rise edge)
                          0.00    0.00   clock network delay (ideal)
                  0.00    0.00    0.00 ^ id_stage_i.controller_i.ctrl_fsm_cs[0]$_DFF_PN1_/CLK (sky130_fd_sc_hd__dfstp_2)
     3    0.01    0.03    0.35    0.35 v id_stage_i.controller_i.ctrl_fsm_cs[0]$_DFF_PN1_/Q (sky130_fd_sc_hd__dfstp_2)
                                         _01598_ (net)
                  0.03    0.00    0.35 v id_stage_i.controller_i.ctrl_fsm_cs[5]$_DFF_PN0_/D (sky130_fd_sc_hd__dfrtp_1)
                                  0.35   data arrival time

                  0.00    0.00    0.00   clock core_clock (rise edge)
                          0.00    0.00   clock network delay (ideal)
                          0.00    0.00   clock reconvergence pessimism
                                  0.00 ^ id_stage_i.controller_i.ctrl_fsm_cs[5]$_DFF_PN0_/CLK (sky130_fd_sc_hd__dfrtp_1)
                         -0.05   -0.05   library hold time
                                 -0.05   data required time
-----------------------------------------------------------------------------
                                 -0.05   data required time
                                 -0.35   data arrival time
-----------------------------------------------------------------------------
                                  0.40   slack (MET)



==========================================================================
floorplan final report_checks -path_delay max
--------------------------------------------------------------------------
Startpoint: rst_ni (input port clocked by core_clock)
Endpoint: cs_registers_i.priv_mode_id_o[0]$_DFFE_PN1P_
          (recovery check against rising-edge clock core_clock)
Path Group: asynchronous
Path Type: max

Fanout     Cap    Slew   Delay    Time   Description
-----------------------------------------------------------------------------
                  0.00    0.00    0.00   clock core_clock (rise edge)
                          0.00    0.00   clock network delay (ideal)
                          2.00    2.00 ^ input external delay
  1665    6.05    0.00    0.00    2.00 ^ rst_ni (in)
                                         rst_ni (net)
                  0.00    0.00    2.00 ^ cs_registers_i.priv_mode_id_o[0]$_DFFE_PN1P_/SET_B (sky130_fd_sc_hd__dfstp_2)
                                  2.00   data arrival time

                  0.00   10.00   10.00   clock core_clock (rise edge)
                          0.00   10.00   clock network delay (ideal)
                          0.00   10.00   clock reconvergence pessimism
                                 10.00 ^ cs_registers_i.priv_mode_id_o[0]$_DFFE_PN1P_/CLK (sky130_fd_sc_hd__dfstp_2)
                          0.13   10.13   library recovery time
                                 10.13   data required time
-----------------------------------------------------------------------------
                                 10.13   data required time
                                 -2.00   data arrival time
-----------------------------------------------------------------------------
                                  8.13   slack (MET)


Startpoint: if_stage_i.instr_rdata_id_o[15]$_DFFE_PP_
            (rising edge-triggered flip-flop clocked by core_clock)
Endpoint: if_stage_i.gen_prefetch_buffer.prefetch_buffer_i.fifo_i.err_q[1]$_DFFE_PP_
          (rising edge-triggered flip-flop clocked by core_clock)
Path Group: core_clock
Path Type: max

Fanout     Cap    Slew   Delay    Time   Description
-----------------------------------------------------------------------------
                  0.00    0.00    0.00   clock core_clock (rise edge)
                          0.00    0.00   clock network delay (ideal)
                  0.00    0.00    0.00 ^ if_stage_i.instr_rdata_id_o[15]$_DFFE_PP_/CLK (sky130_fd_sc_hd__edfxtp_1)
   395    1.94   16.84   12.03   12.03 ^ if_stage_i.instr_rdata_id_o[15]$_DFFE_PP_/Q (sky130_fd_sc_hd__edfxtp_1)
                                         _01891_ (net)
                 16.84    0.00   12.03 ^ _19452_/B_N (sky130_fd_sc_hd__nor2b_1)
    30    0.07    1.36    1.58   13.61 ^ _19452_/Y (sky130_fd_sc_hd__nor2b_1)
                                         _07968_ (net)
                  1.36    0.00   13.61 ^ _19463_/B1 (sky130_fd_sc_hd__a221oi_1)
     1    0.00    0.47    0.17   13.78 v _19463_/Y (sky130_fd_sc_hd__a221oi_1)
                                         _07979_ (net)
                  0.47    0.00   13.78 v _19785_/A3 (sky130_fd_sc_hd__o32a_1)
     1    0.00    0.05    0.44   14.22 v _19785_/X (sky130_fd_sc_hd__o32a_1)
                                         _08301_ (net)
                  0.05    0.00   14.22 v _19787_/C (sky130_fd_sc_hd__nand3_1)
     6    0.01    0.17    0.15   14.37 ^ _19787_/Y (sky130_fd_sc_hd__nand3_1)
                                         _08303_ (net)
                  0.17    0.00   14.37 ^ _14672_/C (sky130_fd_sc_hd__and3b_1)
     1    0.00    0.13    0.17   14.54 ^ _14672_/X (sky130_fd_sc_hd__and3b_1)
                                         _03220_ (net)
                  0.13    0.00   14.54 ^ _14677_/C1 (sky130_fd_sc_hd__a221o_1)
     8    0.02    0.29    0.26   14.80 ^ _14677_/X (sky130_fd_sc_hd__a221o_1)
                                         _03225_ (net)
                  0.29    0.00   14.80 ^ _14679_/A2 (sky130_fd_sc_hd__o21a_1)
     2    0.01    0.12    0.20   15.00 ^ _14679_/X (sky130_fd_sc_hd__o21a_1)
                                         _03227_ (net)
                  0.12    0.00   15.00 ^ alu_adder_result_ex\\ALU_33_0_33_0_33_unused_CO_X_Y[0]_HAN_CARLSON/_376_/B (sky130_fd_sc_hd__xor3_1)
     2    0.01    0.09    0.34   15.34 v alu_adder_result_ex\\ALU_33_0_33_0_33_unused_CO_X_Y[0]_HAN_CARLSON/_376_/X (sky130_fd_sc_hd__xor3_1)
                                         alu_adder_result_ex\\ALU_33_0_33_0_33_unused_CO_X_Y[0]_HAN_CARLSON/_090_ (net)
                  0.09    0.00   15.34 v alu_adder_result_ex\\ALU_33_0_33_0_33_unused_CO_X_Y[0]_HAN_CARLSON/_441_/C1 (sky130_fd_sc_hd__o211ai_1)
     3    0.01    0.14    0.13   15.47 ^ alu_adder_result_ex\\ALU_33_0_33_0_33_unused_CO_X_Y[0]_HAN_CARLSON/_441_/Y (sky130_fd_sc_hd__o211ai_1)
                                         alu_adder_result_ex\\ALU_33_0_33_0_33_unused_CO_X_Y[0]_HAN_CARLSON/_149_ (net)
                  0.14    0.00   15.47 ^ alu_adder_result_ex\\ALU_33_0_33_0_33_unused_CO_X_Y[0]_HAN_CARLSON/_456_/B (sky130_fd_sc_hd__nand2_1)
     2    0.01    0.06    0.09   15.56 v alu_adder_result_ex\\ALU_33_0_33_0_33_unused_CO_X_Y[0]_HAN_CARLSON/_456_/Y (sky130_fd_sc_hd__nand2_1)
                                         alu_adder_result_ex\\ALU_33_0_33_0_33_unused_CO_X_Y[0]_HAN_CARLSON/_162_ (net)
                  0.06    0.00   15.56 v alu_adder_result_ex\\ALU_33_0_33_0_33_unused_CO_X_Y[0]_HAN_CARLSON/_485_/A (sky130_fd_sc_hd__xnor2_1)
    49    0.15    3.18    2.38   17.94 ^ alu_adder_result_ex\\ALU_33_0_33_0_33_unused_CO_X_Y[0]_HAN_CARLSON/_485_/Y (sky130_fd_sc_hd__xnor2_1)
                                         alu_adder_result_ex[1] (net)
                  3.18    0.00   17.94 ^ _16863_/B (sky130_fd_sc_hd__nor2_1)
     4    0.01    0.46    0.25   18.19 v _16863_/Y (sky130_fd_sc_hd__nor2_1)
                                         _05411_ (net)
                  0.46    0.00   18.19 v _17103_/A (sky130_fd_sc_hd__nand2_1)
     1    0.00    0.10    0.15   18.34 ^ _17103_/Y (sky130_fd_sc_hd__nand2_1)
                                         _05650_ (net)
                  0.10    0.00   18.34 ^ _17107_/B (sky130_fd_sc_hd__or4_1)
     2    0.00    0.06    0.13   18.47 ^ _17107_/X (sky130_fd_sc_hd__or4_1)
                                         _05654_ (net)
                  0.06    0.00   18.47 ^ _17141_/A (sky130_fd_sc_hd__nor4_1)
     5    0.01    0.07    0.08   18.55 v _17141_/Y (sky130_fd_sc_hd__nor4_1)
                                         _05688_ (net)
                  0.07    0.00   18.55 v _17146_/A3 (sky130_fd_sc_hd__o311ai_0)
     1    0.00    0.28    0.27   18.82 ^ _17146_/Y (sky130_fd_sc_hd__o311ai_0)
                                         _05693_ (net)
                  0.28    0.00   18.82 ^ _17152_/A2 (sky130_fd_sc_hd__o31a_1)
     8    0.02    0.21    0.30   19.11 ^ _17152_/X (sky130_fd_sc_hd__o31a_1)
                                         _05699_ (net)
                  0.21    0.00   19.11 ^ _17153_/B (sky130_fd_sc_hd__nand2b_1)
     2    0.00    0.07    0.09   19.21 v _17153_/Y (sky130_fd_sc_hd__nand2b_1)
                                         _05700_ (net)
                  0.07    0.00   19.21 v _17154_/D (sky130_fd_sc_hd__nor4_1)
     3    0.01    0.36    0.28   19.48 ^ _17154_/Y (sky130_fd_sc_hd__nor4_1)
                                         _05701_ (net)
                  0.36    0.00   19.48 ^ _17198_/C1 (sky130_fd_sc_hd__o211a_1)
    87    0.29    2.38    1.84   21.33 ^ _17198_/X (sky130_fd_sc_hd__o211a_1)
                                         _05745_ (net)
                  2.38    0.00   21.33 ^ _17942_/A (sky130_fd_sc_hd__nand2_1)
     5    0.01    0.42    0.33   21.65 v _17942_/Y (sky130_fd_sc_hd__nand2_1)
                                         _06458_ (net)
                  0.42    0.00   21.65 v _17957_/A1 (sky130_fd_sc_hd__o211ai_1)
    33    0.11    2.18    1.80   23.46 ^ _17957_/Y (sky130_fd_sc_hd__o211ai_1)
                                         _06473_ (net)
                  2.18    0.00   23.46 ^ if_stage_i.gen_prefetch_buffer.prefetch_buffer_i.fifo_i.err_q[1]$_DFFE_PP_/DE (sky130_fd_sc_hd__edfxtp_1)
                                 23.46   data arrival time

                  0.00   10.00   10.00   clock core_clock (rise edge)
                          0.00   10.00   clock network delay (ideal)
                          0.00   10.00   clock reconvergence pessimism
                                 10.00 ^ if_stage_i.gen_prefetch_buffer.prefetch_buffer_i.fifo_i.err_q[1]$_DFFE_PP_/CLK (sky130_fd_sc_hd__edfxtp_1)
                         -0.43    9.57   library setup time
                                  9.57   data required time
-----------------------------------------------------------------------------
                                  9.57   data required time
                                -23.46   data arrival time
-----------------------------------------------------------------------------
                                -13.89   slack (VIOLATED)



==========================================================================
floorplan final report_checks -unconstrained
--------------------------------------------------------------------------
Startpoint: rst_ni (input port clocked by core_clock)
Endpoint: cs_registers_i.priv_mode_id_o[0]$_DFFE_PN1P_
          (recovery check against rising-edge clock core_clock)
Path Group: asynchronous
Path Type: max

Fanout     Cap    Slew   Delay    Time   Description
-----------------------------------------------------------------------------
                  0.00    0.00    0.00   clock core_clock (rise edge)
                          0.00    0.00   clock network delay (ideal)
                          2.00    2.00 ^ input external delay
  1665    6.05    0.00    0.00    2.00 ^ rst_ni (in)
                                         rst_ni (net)
                  0.00    0.00    2.00 ^ cs_registers_i.priv_mode_id_o[0]$_DFFE_PN1P_/SET_B (sky130_fd_sc_hd__dfstp_2)
                                  2.00   data arrival time

                  0.00   10.00   10.00   clock core_clock (rise edge)
                          0.00   10.00   clock network delay (ideal)
                          0.00   10.00   clock reconvergence pessimism
                                 10.00 ^ cs_registers_i.priv_mode_id_o[0]$_DFFE_PN1P_/CLK (sky130_fd_sc_hd__dfstp_2)
                          0.13   10.13   library recovery time
                                 10.13   data required time
-----------------------------------------------------------------------------
                                 10.13   data required time
                                 -2.00   data arrival time
-----------------------------------------------------------------------------
                                  8.13   slack (MET)


Startpoint: if_stage_i.instr_rdata_id_o[15]$_DFFE_PP_
            (rising edge-triggered flip-flop clocked by core_clock)
Endpoint: if_stage_i.gen_prefetch_buffer.prefetch_buffer_i.fifo_i.err_q[1]$_DFFE_PP_
          (rising edge-triggered flip-flop clocked by core_clock)
Path Group: core_clock
Path Type: max

Fanout     Cap    Slew   Delay    Time   Description
-----------------------------------------------------------------------------
                  0.00    0.00    0.00   clock core_clock (rise edge)
                          0.00    0.00   clock network delay (ideal)
                  0.00    0.00    0.00 ^ if_stage_i.instr_rdata_id_o[15]$_DFFE_PP_/CLK (sky130_fd_sc_hd__edfxtp_1)
   395    1.94   16.84   12.03   12.03 ^ if_stage_i.instr_rdata_id_o[15]$_DFFE_PP_/Q (sky130_fd_sc_hd__edfxtp_1)
                                         _01891_ (net)
                 16.84    0.00   12.03 ^ _19452_/B_N (sky130_fd_sc_hd__nor2b_1)
    30    0.07    1.36    1.58   13.61 ^ _19452_/Y (sky130_fd_sc_hd__nor2b_1)
                                         _07968_ (net)
                  1.36    0.00   13.61 ^ _19463_/B1 (sky130_fd_sc_hd__a221oi_1)
     1    0.00    0.47    0.17   13.78 v _19463_/Y (sky130_fd_sc_hd__a221oi_1)
                                         _07979_ (net)
                  0.47    0.00   13.78 v _19785_/A3 (sky130_fd_sc_hd__o32a_1)
     1    0.00    0.05    0.44   14.22 v _19785_/X (sky130_fd_sc_hd__o32a_1)
                                         _08301_ (net)
                  0.05    0.00   14.22 v _19787_/C (sky130_fd_sc_hd__nand3_1)
     6    0.01    0.17    0.15   14.37 ^ _19787_/Y (sky130_fd_sc_hd__nand3_1)
                                         _08303_ (net)
                  0.17    0.00   14.37 ^ _14672_/C (sky130_fd_sc_hd__and3b_1)
     1    0.00    0.13    0.17   14.54 ^ _14672_/X (sky130_fd_sc_hd__and3b_1)
                                         _03220_ (net)
                  0.13    0.00   14.54 ^ _14677_/C1 (sky130_fd_sc_hd__a221o_1)
     8    0.02    0.29    0.26   14.80 ^ _14677_/X (sky130_fd_sc_hd__a221o_1)
                                         _03225_ (net)
                  0.29    0.00   14.80 ^ _14679_/A2 (sky130_fd_sc_hd__o21a_1)
     2    0.01    0.12    0.20   15.00 ^ _14679_/X (sky130_fd_sc_hd__o21a_1)
                                         _03227_ (net)
                  0.12    0.00   15.00 ^ alu_adder_result_ex\\ALU_33_0_33_0_33_unused_CO_X_Y[0]_HAN_CARLSON/_376_/B (sky130_fd_sc_hd__xor3_1)
     2    0.01    0.09    0.34   15.34 v alu_adder_result_ex\\ALU_33_0_33_0_33_unused_CO_X_Y[0]_HAN_CARLSON/_376_/X (sky130_fd_sc_hd__xor3_1)
                                         alu_adder_result_ex\\ALU_33_0_33_0_33_unused_CO_X_Y[0]_HAN_CARLSON/_090_ (net)
                  0.09    0.00   15.34 v alu_adder_result_ex\\ALU_33_0_33_0_33_unused_CO_X_Y[0]_HAN_CARLSON/_441_/C1 (sky130_fd_sc_hd__o211ai_1)
     3    0.01    0.14    0.13   15.47 ^ alu_adder_result_ex\\ALU_33_0_33_0_33_unused_CO_X_Y[0]_HAN_CARLSON/_441_/Y (sky130_fd_sc_hd__o211ai_1)
                                         alu_adder_result_ex\\ALU_33_0_33_0_33_unused_CO_X_Y[0]_HAN_CARLSON/_149_ (net)
                  0.14    0.00   15.47 ^ alu_adder_result_ex\\ALU_33_0_33_0_33_unused_CO_X_Y[0]_HAN_CARLSON/_456_/B (sky130_fd_sc_hd__nand2_1)
     2    0.01    0.06    0.09   15.56 v alu_adder_result_ex\\ALU_33_0_33_0_33_unused_CO_X_Y[0]_HAN_CARLSON/_456_/Y (sky130_fd_sc_hd__nand2_1)
                                         alu_adder_result_ex\\ALU_33_0_33_0_33_unused_CO_X_Y[0]_HAN_CARLSON/_162_ (net)
                  0.06    0.00   15.56 v alu_adder_result_ex\\ALU_33_0_33_0_33_unused_CO_X_Y[0]_HAN_CARLSON/_485_/A (sky130_fd_sc_hd__xnor2_1)
    49    0.15    3.18    2.38   17.94 ^ alu_adder_result_ex\\ALU_33_0_33_0_33_unused_CO_X_Y[0]_HAN_CARLSON/_485_/Y (sky130_fd_sc_hd__xnor2_1)
                                         alu_adder_result_ex[1] (net)
                  3.18    0.00   17.94 ^ _16863_/B (sky130_fd_sc_hd__nor2_1)
     4    0.01    0.46    0.25   18.19 v _16863_/Y (sky130_fd_sc_hd__nor2_1)
                                         _05411_ (net)
                  0.46    0.00   18.19 v _17103_/A (sky130_fd_sc_hd__nand2_1)
     1    0.00    0.10    0.15   18.34 ^ _17103_/Y (sky130_fd_sc_hd__nand2_1)
                                         _05650_ (net)
                  0.10    0.00   18.34 ^ _17107_/B (sky130_fd_sc_hd__or4_1)
     2    0.00    0.06    0.13   18.47 ^ _17107_/X (sky130_fd_sc_hd__or4_1)
                                         _05654_ (net)
                  0.06    0.00   18.47 ^ _17141_/A (sky130_fd_sc_hd__nor4_1)
     5    0.01    0.07    0.08   18.55 v _17141_/Y (sky130_fd_sc_hd__nor4_1)
                                         _05688_ (net)
                  0.07    0.00   18.55 v _17146_/A3 (sky130_fd_sc_hd__o311ai_0)
     1    0.00    0.28    0.27   18.82 ^ _17146_/Y (sky130_fd_sc_hd__o311ai_0)
                                         _05693_ (net)
                  0.28    0.00   18.82 ^ _17152_/A2 (sky130_fd_sc_hd__o31a_1)
     8    0.02    0.21    0.30   19.11 ^ _17152_/X (sky130_fd_sc_hd__o31a_1)
                                         _05699_ (net)
                  0.21    0.00   19.11 ^ _17153_/B (sky130_fd_sc_hd__nand2b_1)
     2    0.00    0.07    0.09   19.21 v _17153_/Y (sky130_fd_sc_hd__nand2b_1)
                                         _05700_ (net)
                  0.07    0.00   19.21 v _17154_/D (sky130_fd_sc_hd__nor4_1)
     3    0.01    0.36    0.28   19.48 ^ _17154_/Y (sky130_fd_sc_hd__nor4_1)
                                         _05701_ (net)
                  0.36    0.00   19.48 ^ _17198_/C1 (sky130_fd_sc_hd__o211a_1)
    87    0.29    2.38    1.84   21.33 ^ _17198_/X (sky130_fd_sc_hd__o211a_1)
                                         _05745_ (net)
                  2.38    0.00   21.33 ^ _17942_/A (sky130_fd_sc_hd__nand2_1)
     5    0.01    0.42    0.33   21.65 v _17942_/Y (sky130_fd_sc_hd__nand2_1)
                                         _06458_ (net)
                  0.42    0.00   21.65 v _17957_/A1 (sky130_fd_sc_hd__o211ai_1)
    33    0.11    2.18    1.80   23.46 ^ _17957_/Y (sky130_fd_sc_hd__o211ai_1)
                                         _06473_ (net)
                  2.18    0.00   23.46 ^ if_stage_i.gen_prefetch_buffer.prefetch_buffer_i.fifo_i.err_q[1]$_DFFE_PP_/DE (sky130_fd_sc_hd__edfxtp_1)
                                 23.46   data arrival time

                  0.00   10.00   10.00   clock core_clock (rise edge)
                          0.00   10.00   clock network delay (ideal)
                          0.00   10.00   clock reconvergence pessimism
                                 10.00 ^ if_stage_i.gen_prefetch_buffer.prefetch_buffer_i.fifo_i.err_q[1]$_DFFE_PP_/CLK (sky130_fd_sc_hd__edfxtp_1)
                         -0.43    9.57   library setup time
                                  9.57   data required time
-----------------------------------------------------------------------------
                                  9.57   data required time
                                -23.46   data arrival time
-----------------------------------------------------------------------------
                                -13.89   slack (VIOLATED)



==========================================================================
floorplan final report_power
--------------------------------------------------------------------------
Group                  Internal  Switching    Leakage      Total
                          Power      Power      Power      Power (Watts)
----------------------------------------------------------------
Sequential             6.01e-03   6.62e-04   2.52e-08   6.67e-03  54.9%
Combinational          2.85e-03   2.48e-03   2.62e-08   5.33e-03  43.8%
Clock                 -3.84e-07   1.61e-04   1.87e-12   1.61e-04   1.3%
Macro                  0.00e+00   0.00e+00   0.00e+00   0.00e+00   0.0%
Pad                    0.00e+00   0.00e+00   0.00e+00   0.00e+00   0.0%
----------------------------------------------------------------
Total                  8.86e-03   3.30e-03   5.14e-08   1.22e-02 100.0%
                          72.8%      27.2%       0.0%
