
==========================================================================
detailed place report_tns
--------------------------------------------------------------------------
tns max -10.00

==========================================================================
detailed place report_wns
--------------------------------------------------------------------------
wns max -0.34

==========================================================================
detailed place report_worst_slack
--------------------------------------------------------------------------
worst slack max -0.34

==========================================================================
detailed place report_clock_min_period
--------------------------------------------------------------------------
core_clock period_min = 10.34 fmax = 96.67

==========================================================================
detailed place report_checks -path_delay min
--------------------------------------------------------------------------
Startpoint: rst_ni (input port clocked by core_clock)
Endpoint: gen_regfile_ff.register_file_i.rf_reg[786]$_DFFE_PN0P_
          (removal check against rising-edge clock core_clock)
Path Group: asynchronous
Path Type: min

Fanout     Cap    Slew   Delay    Time   Description
-----------------------------------------------------------------------------
                  0.00    0.00    0.00   clock core_clock (rise edge)
                          0.00    0.00   clock network delay (ideal)
                          2.00    2.00 ^ input external delay
     1    0.02    0.00    0.00    2.00 ^ rst_ni (in)
                                         rst_ni (net)
                  0.00    0.00    2.00 ^ input164/A (sky130_fd_sc_hd__buf_16)
    83    0.53    0.54    0.38    2.38 ^ input164/X (sky130_fd_sc_hd__buf_16)
                                         net163 (net)
                  0.54    0.02    2.40 ^ gen_regfile_ff.register_file_i.rf_reg[786]$_DFFE_PN0P_/RESET_B (sky130_fd_sc_hd__dfrtp_1)
                                  2.40   data arrival time

                  0.00    0.00    0.00   clock core_clock (rise edge)
                          0.00    0.00   clock network delay (ideal)
                          0.00    0.00   clock reconvergence pessimism
                                  0.00 ^ gen_regfile_ff.register_file_i.rf_reg[786]$_DFFE_PN0P_/CLK (sky130_fd_sc_hd__dfrtp_1)
                          0.44    0.44   library removal time
                                  0.44   data required time
-----------------------------------------------------------------------------
                                  0.44   data required time
                                 -2.40   data arrival time
-----------------------------------------------------------------------------
                                  1.96   slack (MET)


Startpoint: core_clock_gate_i.en_latch$_DLATCH_N_
            (negative level-sensitive latch clocked by core_clock)
Endpoint: _16765_ (rising clock gating-check end-point clocked by core_clock)
Path Group: gated clock
Path Type: min

Fanout     Cap    Slew   Delay    Time   Description
-----------------------------------------------------------------------------
                  0.00    5.00    5.00   clock core_clock (fall edge)
                          0.00    5.00   clock network delay (ideal)
                  0.00    0.00    5.00 v core_clock_gate_i.en_latch$_DLATCH_N_/GATE_N (sky130_fd_sc_hd__dlxtn_1)
     1    0.00    0.02    0.23    5.23 v core_clock_gate_i.en_latch$_DLATCH_N_/Q (sky130_fd_sc_hd__dlxtn_1)
                                         core_clock_gate_i.en_latch (net)
                  0.02    0.00    5.23 v _16765_/B (sky130_fd_sc_hd__and2_0)
                                  5.23   data arrival time

                  0.00    5.00    5.00   clock core_clock (fall edge)
                          0.00    5.00   clock network delay (ideal)
                          0.00    5.00   clock reconvergence pessimism
                                  5.00 v _16765_/A (sky130_fd_sc_hd__and2_0)
                          0.00    5.00   clock gating hold time
                                  5.00   data required time
-----------------------------------------------------------------------------
                                  5.00   data required time
                                 -5.23   data arrival time
-----------------------------------------------------------------------------
                                  0.23   slack (MET)


Startpoint: id_stage_i.controller_i.ctrl_fsm_cs[0]$_DFF_PN1_
            (rising edge-triggered flip-flop clocked by core_clock)
Endpoint: id_stage_i.controller_i.ctrl_fsm_cs[5]$_DFF_PN0_
          (rising edge-triggered flip-flop clocked by core_clock)
Path Group: core_clock
Path Type: min

Fanout     Cap    Slew   Delay    Time   Description
-----------------------------------------------------------------------------
                  0.00    0.00    0.00   clock core_clock (rise edge)
                          0.00    0.00   clock network delay (ideal)
                  0.00    0.00    0.00 ^ id_stage_i.controller_i.ctrl_fsm_cs[0]$_DFF_PN1_/CLK (sky130_fd_sc_hd__dfstp_2)
     3    0.01    0.04    0.36    0.36 v id_stage_i.controller_i.ctrl_fsm_cs[0]$_DFF_PN1_/Q (sky130_fd_sc_hd__dfstp_2)
                                         _01598_ (net)
                  0.04    0.00    0.36 v id_stage_i.controller_i.ctrl_fsm_cs[5]$_DFF_PN0_/D (sky130_fd_sc_hd__dfrtp_1)
                                  0.36   data arrival time

                  0.00    0.00    0.00   clock core_clock (rise edge)
                          0.00    0.00   clock network delay (ideal)
                          0.00    0.00   clock reconvergence pessimism
                                  0.00 ^ id_stage_i.controller_i.ctrl_fsm_cs[5]$_DFF_PN0_/CLK (sky130_fd_sc_hd__dfrtp_1)
                         -0.05   -0.05   library hold time
                                 -0.05   data required time
-----------------------------------------------------------------------------
                                 -0.05   data required time
                                 -0.36   data arrival time
-----------------------------------------------------------------------------
                                  0.41   slack (MET)



==========================================================================
detailed place report_checks -path_delay max
--------------------------------------------------------------------------
Startpoint: rst_ni (input port clocked by core_clock)
Endpoint: gen_regfile_ff.register_file_i.rf_reg[432]$_DFFE_PN0P_
          (recovery check against rising-edge clock core_clock)
Path Group: asynchronous
Path Type: max

Fanout     Cap    Slew   Delay    Time   Description
-----------------------------------------------------------------------------
                  0.00    0.00    0.00   clock core_clock (rise edge)
                          0.00    0.00   clock network delay (ideal)
                          2.00    2.00 ^ input external delay
     1    0.02    0.00    0.00    2.00 ^ rst_ni (in)
                                         rst_ni (net)
                  0.00    0.00    2.00 ^ input164/A (sky130_fd_sc_hd__buf_16)
    83    0.53    0.54    0.38    2.38 ^ input164/X (sky130_fd_sc_hd__buf_16)
                                         net163 (net)
                  0.54    0.02    2.40 ^ place3205/A (sky130_fd_sc_hd__buf_4)
    50    0.27    0.73    0.70    3.10 ^ place3205/X (sky130_fd_sc_hd__buf_4)
                                         net3204 (net)
                  0.73    0.00    3.10 ^ place3200/A (sky130_fd_sc_hd__buf_4)
    59    0.29    0.78    0.76    3.86 ^ place3200/X (sky130_fd_sc_hd__buf_4)
                                         net3199 (net)
                  0.79    0.02    3.89 ^ place3199/A (sky130_fd_sc_hd__buf_4)
    50    0.25    0.67    0.69    4.57 ^ place3199/X (sky130_fd_sc_hd__buf_4)
                                         net3198 (net)
                  0.67    0.01    4.59 ^ gen_regfile_ff.register_file_i.rf_reg[432]$_DFFE_PN0P_/RESET_B (sky130_fd_sc_hd__dfrtp_1)
                                  4.59   data arrival time

                  0.00   10.00   10.00   clock core_clock (rise edge)
                          0.00   10.00   clock network delay (ideal)
                          0.00   10.00   clock reconvergence pessimism
                                 10.00 ^ gen_regfile_ff.register_file_i.rf_reg[432]$_DFFE_PN0P_/CLK (sky130_fd_sc_hd__dfrtp_1)
                          0.05   10.05   library recovery time
                                 10.05   data required time
-----------------------------------------------------------------------------
                                 10.05   data required time
                                 -4.59   data arrival time
-----------------------------------------------------------------------------
                                  5.47   slack (MET)


Startpoint: core_clock_gate_i.en_latch$_DLATCH_N_
            (negative level-sensitive latch clocked by core_clock)
Endpoint: _16765_ (rising clock gating-check end-point clocked by core_clock)
Path Group: gated clock
Path Type: max

Fanout     Cap    Slew   Delay    Time   Description
-----------------------------------------------------------------------------
                  0.00    5.00    5.00   clock core_clock (fall edge)
                          0.00    5.00   clock network delay (ideal)
                  0.00    0.00    5.00 v core_clock_gate_i.en_latch$_DLATCH_N_/GATE_N (sky130_fd_sc_hd__dlxtn_1)
     1    0.00    0.04    0.37    5.37 ^ core_clock_gate_i.en_latch$_DLATCH_N_/Q (sky130_fd_sc_hd__dlxtn_1)
                                         core_clock_gate_i.en_latch (net)
                  0.04    0.00    5.37 ^ _16765_/B (sky130_fd_sc_hd__and2_0)
                                  5.37   data arrival time

                  0.00   10.00   10.00   clock core_clock (rise edge)
                          0.00   10.00   clock network delay (ideal)
                          0.00   10.00   clock reconvergence pessimism
                                 10.00 ^ _16765_/A (sky130_fd_sc_hd__and2_0)
                          0.00   10.00   clock gating setup time
                                 10.00   data required time
-----------------------------------------------------------------------------
                                 10.00   data required time
                                 -5.37   data arrival time
-----------------------------------------------------------------------------
                                  4.63   slack (MET)


Startpoint: if_stage_i.instr_rdata_id_o[15]$_DFFE_PP_
            (rising edge-triggered flip-flop clocked by core_clock)
Endpoint: gen_regfile_ff.register_file_i.rf_reg[190]$_DFFE_PN0P_
          (rising edge-triggered flip-flop clocked by core_clock)
Path Group: core_clock
Path Type: max

Fanout     Cap    Slew   Delay    Time   Description
-----------------------------------------------------------------------------
                  0.00    0.00    0.00   clock core_clock (rise edge)
                          0.00    0.00   clock network delay (ideal)
                  0.00    0.00    0.00 ^ if_stage_i.instr_rdata_id_o[15]$_DFFE_PP_/CLK (sky130_fd_sc_hd__edfxtp_1)
     2    0.02    0.15    0.38    0.38 ^ if_stage_i.instr_rdata_id_o[15]$_DFFE_PP_/Q (sky130_fd_sc_hd__edfxtp_1)
                                         _01891_ (net)
                  0.15    0.00    0.38 ^ place3146/A (sky130_fd_sc_hd__buf_12)
     5    0.06    0.08    0.16    0.55 ^ place3146/X (sky130_fd_sc_hd__buf_12)
                                         net3145 (net)
                  0.08    0.00    0.55 ^ place3142/A (sky130_fd_sc_hd__buf_12)
    24    0.18    0.21    0.23    0.78 ^ place3142/X (sky130_fd_sc_hd__buf_12)
                                         net3141 (net)
                  0.22    0.02    0.80 ^ place3141/A (sky130_fd_sc_hd__buf_12)
    47    0.35    0.39    0.37    1.17 ^ place3141/X (sky130_fd_sc_hd__buf_12)
                                         net3140 (net)
                  0.39    0.03    1.20 ^ place3140/A (sky130_fd_sc_hd__buf_4)
    22    0.16    0.43    0.47    1.67 ^ place3140/X (sky130_fd_sc_hd__buf_4)
                                         net3139 (net)
                  0.43    0.01    1.67 ^ _14469_/S0 (sky130_fd_sc_hd__mux4_2)
     1    0.00    0.09    0.56    2.24 v _14469_/X (sky130_fd_sc_hd__mux4_2)
                                         _03017_ (net)
                  0.09    0.00    2.24 v _14471_/A2 (sky130_fd_sc_hd__a22o_1)
     2    0.01    0.09    0.29    2.53 v _14471_/X (sky130_fd_sc_hd__a22o_1)
                                         _03019_ (net)
                  0.09    0.00    2.53 v _15298_/A1 (sky130_fd_sc_hd__o41ai_1)
     1    0.01    0.41    0.48    3.01 ^ _15298_/Y (sky130_fd_sc_hd__o41ai_1)
                                         _03846_ (net)
                  0.41    0.00    3.01 ^ place2857/A (sky130_fd_sc_hd__buf_4)
     4    0.02    0.07    0.22    3.23 ^ place2857/X (sky130_fd_sc_hd__buf_4)
                                         net2856 (net)
                  0.07    0.00    3.23 ^ _15300_/A (sky130_fd_sc_hd__and2_0)
     3    0.01    0.18    0.21    3.44 ^ _15300_/X (sky130_fd_sc_hd__and2_0)
                                         _03848_ (net)
                  0.18    0.00    3.44 ^ place2760/A (sky130_fd_sc_hd__buf_4)
    11    0.06    0.17    0.25    3.69 ^ place2760/X (sky130_fd_sc_hd__buf_4)
                                         net2759 (net)
                  0.17    0.00    3.69 ^ _16356_/A (sky130_fd_sc_hd__nor2_1)
     3    0.01    0.09    0.12    3.81 v _16356_/Y (sky130_fd_sc_hd__nor2_1)
                                         _04904_ (net)
                  0.09    0.00    3.81 v _16358_/C (sky130_fd_sc_hd__xnor3_1)
     6    0.02    0.17    0.31    4.12 v _16358_/X (sky130_fd_sc_hd__xnor3_1)
                                         _04906_ (net)
                  0.17    0.00    4.12 v _16424_/B (sky130_fd_sc_hd__maj3_1)
     1    0.00    0.06    0.36    4.48 v _16424_/X (sky130_fd_sc_hd__maj3_1)
                                         _04972_ (net)
                  0.06    0.00    4.48 v _16425_/C (sky130_fd_sc_hd__and3_1)
     1    0.00    0.03    0.18    4.65 v _16425_/X (sky130_fd_sc_hd__and3_1)
                                         _04973_ (net)
                  0.03    0.00    4.65 v _16428_/B1 (sky130_fd_sc_hd__a2111oi_0)
     1    0.01    0.67    0.62    5.28 ^ _16428_/Y (sky130_fd_sc_hd__a2111oi_0)
                                         _04976_ (net)
                  0.67    0.00    5.28 ^ place2590/A (sky130_fd_sc_hd__buf_4)
     2    0.01    0.05    0.23    5.51 ^ place2590/X (sky130_fd_sc_hd__buf_4)
                                         net2589 (net)
                  0.05    0.00    5.51 ^ _16449_/A (sky130_fd_sc_hd__xnor3_1)
     4    0.02    0.13    0.46    5.97 v _16449_/X (sky130_fd_sc_hd__xnor3_1)
                                         _04997_ (net)
                  0.13    0.00    5.97 v _16451_/B (sky130_fd_sc_hd__xnor2_1)
     1    0.01    0.17    0.21    6.18 ^ _16451_/Y (sky130_fd_sc_hd__xnor2_1)
                                         _04999_ (net)
                  0.17    0.00    6.18 ^ _16457_/A (sky130_fd_sc_hd__xnor2_1)
     1    0.00    0.12    0.14    6.32 ^ _16457_/Y (sky130_fd_sc_hd__xnor2_1)
                                         _05005_ (net)
                  0.12    0.00    6.32 ^ place2482/A (sky130_fd_sc_hd__buf_4)
     4    0.02    0.06    0.15    6.47 ^ place2482/X (sky130_fd_sc_hd__buf_4)
                                         net2481 (net)
                  0.06    0.00    6.47 ^ _16743_/A (sky130_fd_sc_hd__nor2b_1)
     1    0.00    0.03    0.04    6.51 v _16743_/Y (sky130_fd_sc_hd__nor2b_1)
                                         _05291_ (net)
                  0.03    0.00    6.51 v _16748_/A3 (sky130_fd_sc_hd__o311ai_0)
     1    0.01    0.74    0.62    7.13 ^ _16748_/Y (sky130_fd_sc_hd__o311ai_0)
                                         _05296_ (net)
                  0.74    0.00    7.13 ^ _13463_/place2425/A (sky130_fd_sc_hd__buf_4)
     1    0.01    0.05    0.23    7.36 ^ _13463_/place2425/X (sky130_fd_sc_hd__buf_4)
                                         _13463_/net2424 (net)
                  0.05    0.00    7.36 ^ _13463_/_403_/A (sky130_fd_sc_hd__xor2_1)
     2    0.01    0.20    0.20    7.56 ^ _13463_/_403_/X (sky130_fd_sc_hd__xor2_1)
                                         _13463_/_103_ (net)
                  0.20    0.00    7.56 ^ _13463_/_407_/B (sky130_fd_sc_hd__xnor2_1)
     3    0.01    0.28    0.21    7.77 ^ _13463_/_407_/Y (sky130_fd_sc_hd__xnor2_1)
                                         _13463_/_106_ (net)
                  0.28    0.00    7.77 ^ _13463_/_410_/A2 (sky130_fd_sc_hd__o21ai_0)
     2    0.01    0.12    0.17    7.94 v _13463_/_410_/Y (sky130_fd_sc_hd__o21ai_0)
                                         _13463_/_108_ (net)
                  0.12    0.00    7.94 v _13463_/_411_/B1 (sky130_fd_sc_hd__a21oi_1)
     2    0.01    0.18    0.20    8.13 ^ _13463_/_411_/Y (sky130_fd_sc_hd__a21oi_1)
                                         _13463_/_109_ (net)
                  0.18    0.00    8.13 ^ _13463_/_413_/B1 (sky130_fd_sc_hd__o21ai_0)
     1    0.00    0.07    0.11    8.24 v _13463_/_413_/Y (sky130_fd_sc_hd__o21ai_0)
                                         _13463_/_111_ (net)
                  0.07    0.00    8.24 v _13463_/_415_/B1 (sky130_fd_sc_hd__a21o_1)
     1    0.00    0.04    0.17    8.41 v _13463_/_415_/X (sky130_fd_sc_hd__a21o_1)
                                         ibex_core/ALU_34_0_34_0_34_KOGGE_STONE/CO[29] (net)
                  0.04    0.00    8.41 v _13463_/_504_/A (sky130_fd_sc_hd__xnor2_1)
     2    0.02    0.14    0.19    8.60 v _13463_/_504_/Y (sky130_fd_sc_hd__xnor2_1)
                                         _00093_ (net)
                  0.14    0.00    8.60 v _19727_/A1 (sky130_fd_sc_hd__a2111oi_0)
     1    0.01    0.98    0.88    9.48 ^ _19727_/Y (sky130_fd_sc_hd__a2111oi_0)
                                         _08243_ (net)
                  0.98    0.00    9.48 ^ place2112/A (sky130_fd_sc_hd__buf_4)
     1    0.00    0.05    0.23    9.71 ^ place2112/X (sky130_fd_sc_hd__buf_4)
                                         net2111 (net)
                  0.05    0.00    9.71 ^ _19728_/B1 (sky130_fd_sc_hd__a21o_1)
     1    0.01    0.10    0.12    9.83 ^ _19728_/X (sky130_fd_sc_hd__a21o_1)
                                         _08244_ (net)
                  0.10    0.00    9.83 ^ place2091/A (sky130_fd_sc_hd__buf_12)
    31    0.15    0.18    0.20   10.04 ^ place2091/X (sky130_fd_sc_hd__buf_12)
                                         net2090 (net)
                  0.19    0.03   10.07 ^ _22324_/A1 (sky130_fd_sc_hd__o21ai_0)
     1    0.00    0.13    0.12   10.18 v _22324_/Y (sky130_fd_sc_hd__o21ai_0)
                                         _10840_ (net)
                  0.13    0.00   10.18 v gen_regfile_ff.register_file_i.rf_reg[190]$_DFFE_PN0P_/D (sky130_fd_sc_hd__dfrtp_1)
                                 10.18   data arrival time

                  0.00   10.00   10.00   clock core_clock (rise edge)
                          0.00   10.00   clock network delay (ideal)
                          0.00   10.00   clock reconvergence pessimism
                                 10.00 ^ gen_regfile_ff.register_file_i.rf_reg[190]$_DFFE_PN0P_/CLK (sky130_fd_sc_hd__dfrtp_1)
                         -0.16    9.84   library setup time
                                  9.84   data required time
-----------------------------------------------------------------------------
                                  9.84   data required time
                                -10.18   data arrival time
-----------------------------------------------------------------------------
                                 -0.34   slack (VIOLATED)



==========================================================================
detailed place report_checks -unconstrained
--------------------------------------------------------------------------
Startpoint: rst_ni (input port clocked by core_clock)
Endpoint: gen_regfile_ff.register_file_i.rf_reg[432]$_DFFE_PN0P_
          (recovery check against rising-edge clock core_clock)
Path Group: asynchronous
Path Type: max

Fanout     Cap    Slew   Delay    Time   Description
-----------------------------------------------------------------------------
                  0.00    0.00    0.00   clock core_clock (rise edge)
                          0.00    0.00   clock network delay (ideal)
                          2.00    2.00 ^ input external delay
     1    0.02    0.00    0.00    2.00 ^ rst_ni (in)
                                         rst_ni (net)
                  0.00    0.00    2.00 ^ input164/A (sky130_fd_sc_hd__buf_16)
    83    0.53    0.54    0.38    2.38 ^ input164/X (sky130_fd_sc_hd__buf_16)
                                         net163 (net)
                  0.54    0.02    2.40 ^ place3205/A (sky130_fd_sc_hd__buf_4)
    50    0.27    0.73    0.70    3.10 ^ place3205/X (sky130_fd_sc_hd__buf_4)
                                         net3204 (net)
                  0.73    0.00    3.10 ^ place3200/A (sky130_fd_sc_hd__buf_4)
    59    0.29    0.78    0.76    3.86 ^ place3200/X (sky130_fd_sc_hd__buf_4)
                                         net3199 (net)
                  0.79    0.02    3.89 ^ place3199/A (sky130_fd_sc_hd__buf_4)
    50    0.25    0.67    0.69    4.57 ^ place3199/X (sky130_fd_sc_hd__buf_4)
                                         net3198 (net)
                  0.67    0.01    4.59 ^ gen_regfile_ff.register_file_i.rf_reg[432]$_DFFE_PN0P_/RESET_B (sky130_fd_sc_hd__dfrtp_1)
                                  4.59   data arrival time

                  0.00   10.00   10.00   clock core_clock (rise edge)
                          0.00   10.00   clock network delay (ideal)
                          0.00   10.00   clock reconvergence pessimism
                                 10.00 ^ gen_regfile_ff.register_file_i.rf_reg[432]$_DFFE_PN0P_/CLK (sky130_fd_sc_hd__dfrtp_1)
                          0.05   10.05   library recovery time
                                 10.05   data required time
-----------------------------------------------------------------------------
                                 10.05   data required time
                                 -4.59   data arrival time
-----------------------------------------------------------------------------
                                  5.47   slack (MET)


Startpoint: core_clock_gate_i.en_latch$_DLATCH_N_
            (negative level-sensitive latch clocked by core_clock)
Endpoint: _16765_ (rising clock gating-check end-point clocked by core_clock)
Path Group: gated clock
Path Type: max

Fanout     Cap    Slew   Delay    Time   Description
-----------------------------------------------------------------------------
                  0.00    5.00    5.00   clock core_clock (fall edge)
                          0.00    5.00   clock network delay (ideal)
                  0.00    0.00    5.00 v core_clock_gate_i.en_latch$_DLATCH_N_/GATE_N (sky130_fd_sc_hd__dlxtn_1)
     1    0.00    0.04    0.37    5.37 ^ core_clock_gate_i.en_latch$_DLATCH_N_/Q (sky130_fd_sc_hd__dlxtn_1)
                                         core_clock_gate_i.en_latch (net)
                  0.04    0.00    5.37 ^ _16765_/B (sky130_fd_sc_hd__and2_0)
                                  5.37   data arrival time

                  0.00   10.00   10.00   clock core_clock (rise edge)
                          0.00   10.00   clock network delay (ideal)
                          0.00   10.00   clock reconvergence pessimism
                                 10.00 ^ _16765_/A (sky130_fd_sc_hd__and2_0)
                          0.00   10.00   clock gating setup time
                                 10.00   data required time
-----------------------------------------------------------------------------
                                 10.00   data required time
                                 -5.37   data arrival time
-----------------------------------------------------------------------------
                                  4.63   slack (MET)


Startpoint: if_stage_i.instr_rdata_id_o[15]$_DFFE_PP_
            (rising edge-triggered flip-flop clocked by core_clock)
Endpoint: gen_regfile_ff.register_file_i.rf_reg[190]$_DFFE_PN0P_
          (rising edge-triggered flip-flop clocked by core_clock)
Path Group: core_clock
Path Type: max

Fanout     Cap    Slew   Delay    Time   Description
-----------------------------------------------------------------------------
                  0.00    0.00    0.00   clock core_clock (rise edge)
                          0.00    0.00   clock network delay (ideal)
                  0.00    0.00    0.00 ^ if_stage_i.instr_rdata_id_o[15]$_DFFE_PP_/CLK (sky130_fd_sc_hd__edfxtp_1)
     2    0.02    0.15    0.38    0.38 ^ if_stage_i.instr_rdata_id_o[15]$_DFFE_PP_/Q (sky130_fd_sc_hd__edfxtp_1)
                                         _01891_ (net)
                  0.15    0.00    0.38 ^ place3146/A (sky130_fd_sc_hd__buf_12)
     5    0.06    0.08    0.16    0.55 ^ place3146/X (sky130_fd_sc_hd__buf_12)
                                         net3145 (net)
                  0.08    0.00    0.55 ^ place3142/A (sky130_fd_sc_hd__buf_12)
    24    0.18    0.21    0.23    0.78 ^ place3142/X (sky130_fd_sc_hd__buf_12)
                                         net3141 (net)
                  0.22    0.02    0.80 ^ place3141/A (sky130_fd_sc_hd__buf_12)
    47    0.35    0.39    0.37    1.17 ^ place3141/X (sky130_fd_sc_hd__buf_12)
                                         net3140 (net)
                  0.39    0.03    1.20 ^ place3140/A (sky130_fd_sc_hd__buf_4)
    22    0.16    0.43    0.47    1.67 ^ place3140/X (sky130_fd_sc_hd__buf_4)
                                         net3139 (net)
                  0.43    0.01    1.67 ^ _14469_/S0 (sky130_fd_sc_hd__mux4_2)
     1    0.00    0.09    0.56    2.24 v _14469_/X (sky130_fd_sc_hd__mux4_2)
                                         _03017_ (net)
                  0.09    0.00    2.24 v _14471_/A2 (sky130_fd_sc_hd__a22o_1)
     2    0.01    0.09    0.29    2.53 v _14471_/X (sky130_fd_sc_hd__a22o_1)
                                         _03019_ (net)
                  0.09    0.00    2.53 v _15298_/A1 (sky130_fd_sc_hd__o41ai_1)
     1    0.01    0.41    0.48    3.01 ^ _15298_/Y (sky130_fd_sc_hd__o41ai_1)
                                         _03846_ (net)
                  0.41    0.00    3.01 ^ place2857/A (sky130_fd_sc_hd__buf_4)
     4    0.02    0.07    0.22    3.23 ^ place2857/X (sky130_fd_sc_hd__buf_4)
                                         net2856 (net)
                  0.07    0.00    3.23 ^ _15300_/A (sky130_fd_sc_hd__and2_0)
     3    0.01    0.18    0.21    3.44 ^ _15300_/X (sky130_fd_sc_hd__and2_0)
                                         _03848_ (net)
                  0.18    0.00    3.44 ^ place2760/A (sky130_fd_sc_hd__buf_4)
    11    0.06    0.17    0.25    3.69 ^ place2760/X (sky130_fd_sc_hd__buf_4)
                                         net2759 (net)
                  0.17    0.00    3.69 ^ _16356_/A (sky130_fd_sc_hd__nor2_1)
     3    0.01    0.09    0.12    3.81 v _16356_/Y (sky130_fd_sc_hd__nor2_1)
                                         _04904_ (net)
                  0.09    0.00    3.81 v _16358_/C (sky130_fd_sc_hd__xnor3_1)
     6    0.02    0.17    0.31    4.12 v _16358_/X (sky130_fd_sc_hd__xnor3_1)
                                         _04906_ (net)
                  0.17    0.00    4.12 v _16424_/B (sky130_fd_sc_hd__maj3_1)
     1    0.00    0.06    0.36    4.48 v _16424_/X (sky130_fd_sc_hd__maj3_1)
                                         _04972_ (net)
                  0.06    0.00    4.48 v _16425_/C (sky130_fd_sc_hd__and3_1)
     1    0.00    0.03    0.18    4.65 v _16425_/X (sky130_fd_sc_hd__and3_1)
                                         _04973_ (net)
                  0.03    0.00    4.65 v _16428_/B1 (sky130_fd_sc_hd__a2111oi_0)
     1    0.01    0.67    0.62    5.28 ^ _16428_/Y (sky130_fd_sc_hd__a2111oi_0)
                                         _04976_ (net)
                  0.67    0.00    5.28 ^ place2590/A (sky130_fd_sc_hd__buf_4)
     2    0.01    0.05    0.23    5.51 ^ place2590/X (sky130_fd_sc_hd__buf_4)
                                         net2589 (net)
                  0.05    0.00    5.51 ^ _16449_/A (sky130_fd_sc_hd__xnor3_1)
     4    0.02    0.13    0.46    5.97 v _16449_/X (sky130_fd_sc_hd__xnor3_1)
                                         _04997_ (net)
                  0.13    0.00    5.97 v _16451_/B (sky130_fd_sc_hd__xnor2_1)
     1    0.01    0.17    0.21    6.18 ^ _16451_/Y (sky130_fd_sc_hd__xnor2_1)
                                         _04999_ (net)
                  0.17    0.00    6.18 ^ _16457_/A (sky130_fd_sc_hd__xnor2_1)
     1    0.00    0.12    0.14    6.32 ^ _16457_/Y (sky130_fd_sc_hd__xnor2_1)
                                         _05005_ (net)
                  0.12    0.00    6.32 ^ place2482/A (sky130_fd_sc_hd__buf_4)
     4    0.02    0.06    0.15    6.47 ^ place2482/X (sky130_fd_sc_hd__buf_4)
                                         net2481 (net)
                  0.06    0.00    6.47 ^ _16743_/A (sky130_fd_sc_hd__nor2b_1)
     1    0.00    0.03    0.04    6.51 v _16743_/Y (sky130_fd_sc_hd__nor2b_1)
                                         _05291_ (net)
                  0.03    0.00    6.51 v _16748_/A3 (sky130_fd_sc_hd__o311ai_0)
     1    0.01    0.74    0.62    7.13 ^ _16748_/Y (sky130_fd_sc_hd__o311ai_0)
                                         _05296_ (net)
                  0.74    0.00    7.13 ^ _13463_/place2425/A (sky130_fd_sc_hd__buf_4)
     1    0.01    0.05    0.23    7.36 ^ _13463_/place2425/X (sky130_fd_sc_hd__buf_4)
                                         _13463_/net2424 (net)
                  0.05    0.00    7.36 ^ _13463_/_403_/A (sky130_fd_sc_hd__xor2_1)
     2    0.01    0.20    0.20    7.56 ^ _13463_/_403_/X (sky130_fd_sc_hd__xor2_1)
                                         _13463_/_103_ (net)
                  0.20    0.00    7.56 ^ _13463_/_407_/B (sky130_fd_sc_hd__xnor2_1)
     3    0.01    0.28    0.21    7.77 ^ _13463_/_407_/Y (sky130_fd_sc_hd__xnor2_1)
                                         _13463_/_106_ (net)
                  0.28    0.00    7.77 ^ _13463_/_410_/A2 (sky130_fd_sc_hd__o21ai_0)
     2    0.01    0.12    0.17    7.94 v _13463_/_410_/Y (sky130_fd_sc_hd__o21ai_0)
                                         _13463_/_108_ (net)
                  0.12    0.00    7.94 v _13463_/_411_/B1 (sky130_fd_sc_hd__a21oi_1)
     2    0.01    0.18    0.20    8.13 ^ _13463_/_411_/Y (sky130_fd_sc_hd__a21oi_1)
                                         _13463_/_109_ (net)
                  0.18    0.00    8.13 ^ _13463_/_413_/B1 (sky130_fd_sc_hd__o21ai_0)
     1    0.00    0.07    0.11    8.24 v _13463_/_413_/Y (sky130_fd_sc_hd__o21ai_0)
                                         _13463_/_111_ (net)
                  0.07    0.00    8.24 v _13463_/_415_/B1 (sky130_fd_sc_hd__a21o_1)
     1    0.00    0.04    0.17    8.41 v _13463_/_415_/X (sky130_fd_sc_hd__a21o_1)
                                         ibex_core/ALU_34_0_34_0_34_KOGGE_STONE/CO[29] (net)
                  0.04    0.00    8.41 v _13463_/_504_/A (sky130_fd_sc_hd__xnor2_1)
     2    0.02    0.14    0.19    8.60 v _13463_/_504_/Y (sky130_fd_sc_hd__xnor2_1)
                                         _00093_ (net)
                  0.14    0.00    8.60 v _19727_/A1 (sky130_fd_sc_hd__a2111oi_0)
     1    0.01    0.98    0.88    9.48 ^ _19727_/Y (sky130_fd_sc_hd__a2111oi_0)
                                         _08243_ (net)
                  0.98    0.00    9.48 ^ place2112/A (sky130_fd_sc_hd__buf_4)
     1    0.00    0.05    0.23    9.71 ^ place2112/X (sky130_fd_sc_hd__buf_4)
                                         net2111 (net)
                  0.05    0.00    9.71 ^ _19728_/B1 (sky130_fd_sc_hd__a21o_1)
     1    0.01    0.10    0.12    9.83 ^ _19728_/X (sky130_fd_sc_hd__a21o_1)
                                         _08244_ (net)
                  0.10    0.00    9.83 ^ place2091/A (sky130_fd_sc_hd__buf_12)
    31    0.15    0.18    0.20   10.04 ^ place2091/X (sky130_fd_sc_hd__buf_12)
                                         net2090 (net)
                  0.19    0.03   10.07 ^ _22324_/A1 (sky130_fd_sc_hd__o21ai_0)
     1    0.00    0.13    0.12   10.18 v _22324_/Y (sky130_fd_sc_hd__o21ai_0)
                                         _10840_ (net)
                  0.13    0.00   10.18 v gen_regfile_ff.register_file_i.rf_reg[190]$_DFFE_PN0P_/D (sky130_fd_sc_hd__dfrtp_1)
                                 10.18   data arrival time

                  0.00   10.00   10.00   clock core_clock (rise edge)
                          0.00   10.00   clock network delay (ideal)
                          0.00   10.00   clock reconvergence pessimism
                                 10.00 ^ gen_regfile_ff.register_file_i.rf_reg[190]$_DFFE_PN0P_/CLK (sky130_fd_sc_hd__dfrtp_1)
                         -0.16    9.84   library setup time
                                  9.84   data required time
-----------------------------------------------------------------------------
                                  9.84   data required time
                                -10.18   data arrival time
-----------------------------------------------------------------------------
                                 -0.34   slack (VIOLATED)



==========================================================================
detailed place report_check_types -max_slew -max_cap -max_fanout -violators
--------------------------------------------------------------------------

==========================================================================
detailed place max_slew_check_slack
--------------------------------------------------------------------------
0.30992865562438965

==========================================================================
detailed place max_slew_check_limit
--------------------------------------------------------------------------
1.46219003200531

==========================================================================
detailed place max_slew_check_slack_limit
--------------------------------------------------------------------------
0.2120

==========================================================================
detailed place max_fanout_check_slack
--------------------------------------------------------------------------
1.0000000150474662e+30

==========================================================================
detailed place max_fanout_check_limit
--------------------------------------------------------------------------
1.0000000150474662e+30

==========================================================================
detailed place max_capacitance_check_slack
--------------------------------------------------------------------------
0.004369121510535479

==========================================================================
detailed place max_capacitance_check_limit
--------------------------------------------------------------------------
0.021067000925540924

==========================================================================
detailed place max_capacitance_check_slack_limit
--------------------------------------------------------------------------
0.2074

==========================================================================
detailed place max_slew_violation_count
--------------------------------------------------------------------------
max slew violation count 0

==========================================================================
detailed place max_fanout_violation_count
--------------------------------------------------------------------------
max fanout violation count 0

==========================================================================
detailed place max_cap_violation_count
--------------------------------------------------------------------------
max cap violation count 0

==========================================================================
detailed place setup_violation_count
--------------------------------------------------------------------------
setup violation count 31

==========================================================================
detailed place hold_violation_count
--------------------------------------------------------------------------
hold violation count 0

==========================================================================
detailed place report_checks -path_delay max reg to reg
--------------------------------------------------------------------------
Startpoint: if_stage_i.instr_rdata_id_o[15]$_DFFE_PP_
            (rising edge-triggered flip-flop clocked by core_clock)
Endpoint: gen_regfile_ff.register_file_i.rf_reg[190]$_DFFE_PN0P_
          (rising edge-triggered flip-flop clocked by core_clock)
Path Group: core_clock
Path Type: max

  Delay    Time   Description
---------------------------------------------------------
   0.00    0.00   clock core_clock (rise edge)
   0.00    0.00   clock network delay (ideal)
   0.00    0.00 ^ if_stage_i.instr_rdata_id_o[15]$_DFFE_PP_/CLK (sky130_fd_sc_hd__edfxtp_1)
   0.38    0.38 ^ if_stage_i.instr_rdata_id_o[15]$_DFFE_PP_/Q (sky130_fd_sc_hd__edfxtp_1)
   0.16    0.55 ^ place3146/X (sky130_fd_sc_hd__buf_12)
   0.23    0.78 ^ place3142/X (sky130_fd_sc_hd__buf_12)
   0.39    1.17 ^ place3141/X (sky130_fd_sc_hd__buf_12)
   0.50    1.67 ^ place3140/X (sky130_fd_sc_hd__buf_4)
   0.57    2.24 v _14469_/X (sky130_fd_sc_hd__mux4_2)
   0.29    2.53 v _14471_/X (sky130_fd_sc_hd__a22o_1)
   0.48    3.01 ^ _15298_/Y (sky130_fd_sc_hd__o41ai_1)
   0.22    3.23 ^ place2857/X (sky130_fd_sc_hd__buf_4)
   0.21    3.44 ^ _15300_/X (sky130_fd_sc_hd__and2_0)
   0.25    3.69 ^ place2760/X (sky130_fd_sc_hd__buf_4)
   0.12    3.81 v _16356_/Y (sky130_fd_sc_hd__nor2_1)
   0.31    4.12 v _16358_/X (sky130_fd_sc_hd__xnor3_1)
   0.36    4.48 v _16424_/X (sky130_fd_sc_hd__maj3_1)
   0.18    4.65 v _16425_/X (sky130_fd_sc_hd__and3_1)
   0.62    5.28 ^ _16428_/Y (sky130_fd_sc_hd__a2111oi_0)
   0.23    5.51 ^ place2590/X (sky130_fd_sc_hd__buf_4)
   0.46    5.97 v _16449_/X (sky130_fd_sc_hd__xnor3_1)
   0.21    6.18 ^ _16451_/Y (sky130_fd_sc_hd__xnor2_1)
   0.14    6.32 ^ _16457_/Y (sky130_fd_sc_hd__xnor2_1)
   0.15    6.47 ^ place2482/X (sky130_fd_sc_hd__buf_4)
   0.04    6.51 v _16743_/Y (sky130_fd_sc_hd__nor2b_1)
   0.62    7.13 ^ _16748_/Y (sky130_fd_sc_hd__o311ai_0)
   0.23    7.36 ^ _13463_/place2425/X (sky130_fd_sc_hd__buf_4)
   0.20    7.56 ^ _13463_/_403_/X (sky130_fd_sc_hd__xor2_1)
   0.21    7.77 ^ _13463_/_407_/Y (sky130_fd_sc_hd__xnor2_1)
   0.17    7.94 v _13463_/_410_/Y (sky130_fd_sc_hd__o21ai_0)
   0.20    8.13 ^ _13463_/_411_/Y (sky130_fd_sc_hd__a21oi_1)
   0.11    8.24 v _13463_/_413_/Y (sky130_fd_sc_hd__o21ai_0)
   0.17    8.41 v _13463_/_415_/X (sky130_fd_sc_hd__a21o_1)
   0.19    8.60 v _13463_/_504_/Y (sky130_fd_sc_hd__xnor2_1)
   0.88    9.48 ^ _19727_/Y (sky130_fd_sc_hd__a2111oi_0)
   0.23    9.71 ^ place2112/X (sky130_fd_sc_hd__buf_4)
   0.12    9.83 ^ _19728_/X (sky130_fd_sc_hd__a21o_1)
   0.20   10.04 ^ place2091/X (sky130_fd_sc_hd__buf_12)
   0.14   10.18 v _22324_/Y (sky130_fd_sc_hd__o21ai_0)
   0.00   10.18 v gen_regfile_ff.register_file_i.rf_reg[190]$_DFFE_PN0P_/D (sky130_fd_sc_hd__dfrtp_1)
          10.18   data arrival time

  10.00   10.00   clock core_clock (rise edge)
   0.00   10.00   clock network delay (ideal)
   0.00   10.00   clock reconvergence pessimism
          10.00 ^ gen_regfile_ff.register_file_i.rf_reg[190]$_DFFE_PN0P_/CLK (sky130_fd_sc_hd__dfrtp_1)
  -0.16    9.84   library setup time
           9.84   data required time
---------------------------------------------------------
           9.84   data required time
         -10.18   data arrival time
---------------------------------------------------------
          -0.34   slack (VIOLATED)



==========================================================================
detailed place report_checks -path_delay min reg to reg
--------------------------------------------------------------------------
Startpoint: id_stage_i.controller_i.ctrl_fsm_cs[0]$_DFF_PN1_
            (rising edge-triggered flip-flop clocked by core_clock)
Endpoint: id_stage_i.controller_i.ctrl_fsm_cs[5]$_DFF_PN0_
          (rising edge-triggered flip-flop clocked by core_clock)
Path Group: core_clock
Path Type: min

  Delay    Time   Description
---------------------------------------------------------
   0.00    0.00   clock core_clock (rise edge)
   0.00    0.00   clock network delay (ideal)
   0.00    0.00 ^ id_stage_i.controller_i.ctrl_fsm_cs[0]$_DFF_PN1_/CLK (sky130_fd_sc_hd__dfstp_2)
   0.36    0.36 v id_stage_i.controller_i.ctrl_fsm_cs[0]$_DFF_PN1_/Q (sky130_fd_sc_hd__dfstp_2)
   0.00    0.36 v id_stage_i.controller_i.ctrl_fsm_cs[5]$_DFF_PN0_/D (sky130_fd_sc_hd__dfrtp_1)
           0.36   data arrival time

   0.00    0.00   clock core_clock (rise edge)
   0.00    0.00   clock network delay (ideal)
   0.00    0.00   clock reconvergence pessimism
           0.00 ^ id_stage_i.controller_i.ctrl_fsm_cs[5]$_DFF_PN0_/CLK (sky130_fd_sc_hd__dfrtp_1)
  -0.05   -0.05   library hold time
          -0.05   data required time
---------------------------------------------------------
          -0.05   data required time
          -0.36   data arrival time
---------------------------------------------------------
           0.41   slack (MET)



==========================================================================
detailed place critical path target clock latency max path
--------------------------------------------------------------------------
0.0000

==========================================================================
detailed place critical path target clock latency min path
--------------------------------------------------------------------------
0.0000

==========================================================================
detailed place critical path source clock latency min path
--------------------------------------------------------------------------
0.0000

==========================================================================
detailed place critical path delay
--------------------------------------------------------------------------
10.1808

==========================================================================
detailed place critical path slack
--------------------------------------------------------------------------
-0.3443

==========================================================================
detailed place slack div critical path delay
--------------------------------------------------------------------------
-3.381856

==========================================================================
detailed place report_power
--------------------------------------------------------------------------
Group                  Internal  Switching    Leakage      Total
                          Power      Power      Power      Power (Watts)
----------------------------------------------------------------
Sequential             6.01e-03   5.95e-04   2.52e-08   6.60e-03  34.3%
Combinational          4.25e-03   8.25e-03   3.35e-08   1.25e-02  64.9%
Clock                 -3.84e-07   1.61e-04   1.87e-12   1.61e-04   0.8%
Macro                  0.00e+00   0.00e+00   0.00e+00   0.00e+00   0.0%
Pad                    0.00e+00   0.00e+00   0.00e+00   0.00e+00   0.0%
----------------------------------------------------------------
Total                  1.03e-02   9.01e-03   5.87e-08   1.93e-02 100.0%
                          53.2%      46.8%       0.0%
