
==========================================================================
global place report_tns
--------------------------------------------------------------------------
tns max -6.65

==========================================================================
global place report_wns
--------------------------------------------------------------------------
wns max -0.24

==========================================================================
global place report_worst_slack
--------------------------------------------------------------------------
worst slack max -0.24

==========================================================================
global place report_clock_min_period
--------------------------------------------------------------------------
core_clock period_min = 10.24 fmax = 97.67

==========================================================================
global place report_checks -path_delay min
--------------------------------------------------------------------------
Startpoint: rst_ni (input port clocked by core_clock)
Endpoint: gen_regfile_ff.register_file_i.rf_reg[786]$_DFFE_PN0P_
          (removal check against rising-edge clock core_clock)
Path Group: asynchronous
Path Type: min

Fanout     Cap    Slew   Delay    Time   Description
-----------------------------------------------------------------------------
                  0.00    0.00    0.00   clock core_clock (rise edge)
                          0.00    0.00   clock network delay (ideal)
                          2.00    2.00 ^ input external delay
     1    0.02    0.00    0.00    2.00 ^ rst_ni (in)
                                         rst_ni (net)
                  0.00    0.00    2.00 ^ input164/A (sky130_fd_sc_hd__buf_16)
    83    0.52    0.54    0.38    2.38 ^ input164/X (sky130_fd_sc_hd__buf_16)
                                         net163 (net)
                  0.54    0.02    2.40 ^ gen_regfile_ff.register_file_i.rf_reg[786]$_DFFE_PN0P_/RESET_B (sky130_fd_sc_hd__dfrtp_1)
                                  2.40   data arrival time

                  0.00    0.00    0.00   clock core_clock (rise edge)
                          0.00    0.00   clock network delay (ideal)
                          0.00    0.00   clock reconvergence pessimism
                                  0.00 ^ gen_regfile_ff.register_file_i.rf_reg[786]$_DFFE_PN0P_/CLK (sky130_fd_sc_hd__dfrtp_1)
                          0.44    0.44   library removal time
                                  0.44   data required time
-----------------------------------------------------------------------------
                                  0.44   data required time
                                 -2.40   data arrival time
-----------------------------------------------------------------------------
                                  1.96   slack (MET)


Startpoint: core_clock_gate_i.en_latch$_DLATCH_N_
            (negative level-sensitive latch clocked by core_clock)
Endpoint: _16765_ (rising clock gating-check end-point clocked by core_clock)
Path Group: gated clock
Path Type: min

Fanout     Cap    Slew   Delay    Time   Description
-----------------------------------------------------------------------------
                  0.00    5.00    5.00   clock core_clock (fall edge)
                          0.00    5.00   clock network delay (ideal)
                  0.00    0.00    5.00 v core_clock_gate_i.en_latch$_DLATCH_N_/GATE_N (sky130_fd_sc_hd__dlxtn_1)
     1    0.00    0.02    0.23    5.23 v core_clock_gate_i.en_latch$_DLATCH_N_/Q (sky130_fd_sc_hd__dlxtn_1)
                                         core_clock_gate_i.en_latch (net)
                  0.02    0.00    5.23 v _16765_/B (sky130_fd_sc_hd__and2_0)
                                  5.23   data arrival time

                  0.00    5.00    5.00   clock core_clock (fall edge)
                          0.00    5.00   clock network delay (ideal)
                          0.00    5.00   clock reconvergence pessimism
                                  5.00 v _16765_/A (sky130_fd_sc_hd__and2_0)
                          0.00    5.00   clock gating hold time
                                  5.00   data required time
-----------------------------------------------------------------------------
                                  5.00   data required time
                                 -5.23   data arrival time
-----------------------------------------------------------------------------
                                  0.23   slack (MET)


Startpoint: id_stage_i.controller_i.ctrl_fsm_cs[0]$_DFF_PN1_
            (rising edge-triggered flip-flop clocked by core_clock)
Endpoint: id_stage_i.controller_i.ctrl_fsm_cs[5]$_DFF_PN0_
          (rising edge-triggered flip-flop clocked by core_clock)
Path Group: core_clock
Path Type: min

Fanout     Cap    Slew   Delay    Time   Description
-----------------------------------------------------------------------------
                  0.00    0.00    0.00   clock core_clock (rise edge)
                          0.00    0.00   clock network delay (ideal)
                  0.00    0.00    0.00 ^ id_stage_i.controller_i.ctrl_fsm_cs[0]$_DFF_PN1_/CLK (sky130_fd_sc_hd__dfstp_2)
     3    0.01    0.04    0.36    0.36 v id_stage_i.controller_i.ctrl_fsm_cs[0]$_DFF_PN1_/Q (sky130_fd_sc_hd__dfstp_2)
                                         _01598_ (net)
                  0.04    0.00    0.36 v id_stage_i.controller_i.ctrl_fsm_cs[5]$_DFF_PN0_/D (sky130_fd_sc_hd__dfrtp_1)
                                  0.36   data arrival time

                  0.00    0.00    0.00   clock core_clock (rise edge)
                          0.00    0.00   clock network delay (ideal)
                          0.00    0.00   clock reconvergence pessimism
                                  0.00 ^ id_stage_i.controller_i.ctrl_fsm_cs[5]$_DFF_PN0_/CLK (sky130_fd_sc_hd__dfrtp_1)
                         -0.05   -0.05   library hold time
                                 -0.05   data required time
-----------------------------------------------------------------------------
                                 -0.05   data required time
                                 -0.36   data arrival time
-----------------------------------------------------------------------------
                                  0.41   slack (MET)



==========================================================================
global place report_checks -path_delay max
--------------------------------------------------------------------------
Startpoint: rst_ni (input port clocked by core_clock)
Endpoint: gen_regfile_ff.register_file_i.rf_reg[432]$_DFFE_PN0P_
          (recovery check against rising-edge clock core_clock)
Path Group: asynchronous
Path Type: max

Fanout     Cap    Slew   Delay    Time   Description
-----------------------------------------------------------------------------
                  0.00    0.00    0.00   clock core_clock (rise edge)
                          0.00    0.00   clock network delay (ideal)
                          2.00    2.00 ^ input external delay
     1    0.02    0.00    0.00    2.00 ^ rst_ni (in)
                                         rst_ni (net)
                  0.00    0.00    2.00 ^ input164/A (sky130_fd_sc_hd__buf_16)
    83    0.52    0.54    0.38    2.38 ^ input164/X (sky130_fd_sc_hd__buf_16)
                                         net163 (net)
                  0.54    0.01    2.40 ^ place3205/A (sky130_fd_sc_hd__buf_4)
    50    0.27    0.71    0.69    3.09 ^ place3205/X (sky130_fd_sc_hd__buf_4)
                                         net3204 (net)
                  0.71    0.00    3.09 ^ place3200/A (sky130_fd_sc_hd__buf_4)
    59    0.29    0.79    0.76    3.85 ^ place3200/X (sky130_fd_sc_hd__buf_4)
                                         net3199 (net)
                  0.79    0.02    3.87 ^ place3199/A (sky130_fd_sc_hd__buf_4)
    50    0.25    0.68    0.69    4.57 ^ place3199/X (sky130_fd_sc_hd__buf_4)
                                         net3198 (net)
                  0.68    0.01    4.58 ^ gen_regfile_ff.register_file_i.rf_reg[432]$_DFFE_PN0P_/RESET_B (sky130_fd_sc_hd__dfrtp_1)
                                  4.58   data arrival time

                  0.00   10.00   10.00   clock core_clock (rise edge)
                          0.00   10.00   clock network delay (ideal)
                          0.00   10.00   clock reconvergence pessimism
                                 10.00 ^ gen_regfile_ff.register_file_i.rf_reg[432]$_DFFE_PN0P_/CLK (sky130_fd_sc_hd__dfrtp_1)
                          0.05   10.05   library recovery time
                                 10.05   data required time
-----------------------------------------------------------------------------
                                 10.05   data required time
                                 -4.58   data arrival time
-----------------------------------------------------------------------------
                                  5.47   slack (MET)


Startpoint: core_clock_gate_i.en_latch$_DLATCH_N_
            (negative level-sensitive latch clocked by core_clock)
Endpoint: _16765_ (rising clock gating-check end-point clocked by core_clock)
Path Group: gated clock
Path Type: max

Fanout     Cap    Slew   Delay    Time   Description
-----------------------------------------------------------------------------
                  0.00    5.00    5.00   clock core_clock (fall edge)
                          0.00    5.00   clock network delay (ideal)
                  0.00    0.00    5.00 v core_clock_gate_i.en_latch$_DLATCH_N_/GATE_N (sky130_fd_sc_hd__dlxtn_1)
     1    0.00    0.03    0.36    5.36 ^ core_clock_gate_i.en_latch$_DLATCH_N_/Q (sky130_fd_sc_hd__dlxtn_1)
                                         core_clock_gate_i.en_latch (net)
                  0.03    0.00    5.36 ^ _16765_/B (sky130_fd_sc_hd__and2_0)
                                  5.36   data arrival time

                  0.00   10.00   10.00   clock core_clock (rise edge)
                          0.00   10.00   clock network delay (ideal)
                          0.00   10.00   clock reconvergence pessimism
                                 10.00 ^ _16765_/A (sky130_fd_sc_hd__and2_0)
                          0.00   10.00   clock gating setup time
                                 10.00   data required time
-----------------------------------------------------------------------------
                                 10.00   data required time
                                 -5.36   data arrival time
-----------------------------------------------------------------------------
                                  4.64   slack (MET)


Startpoint: if_stage_i.instr_rdata_id_o[12]$_DFFE_PP_
            (rising edge-triggered flip-flop clocked by core_clock)
Endpoint: gen_regfile_ff.register_file_i.rf_reg[222]$_DFFE_PN0P_
          (rising edge-triggered flip-flop clocked by core_clock)
Path Group: core_clock
Path Type: max

Fanout     Cap    Slew   Delay    Time   Description
-----------------------------------------------------------------------------
                  0.00    0.00    0.00   clock core_clock (rise edge)
                          0.00    0.00   clock network delay (ideal)
                  0.00    0.00    0.00 ^ if_stage_i.instr_rdata_id_o[12]$_DFFE_PP_/CLK (sky130_fd_sc_hd__edfxtp_1)
    15    0.07    0.57    0.69    0.69 ^ if_stage_i.instr_rdata_id_o[12]$_DFFE_PP_/Q (sky130_fd_sc_hd__edfxtp_1)
                                         _01888_ (net)
                  0.57    0.00    0.69 ^ _18348_/B_N (sky130_fd_sc_hd__nor2b_1)
     7    0.03    0.58    0.56    1.26 ^ _18348_/Y (sky130_fd_sc_hd__nor2b_1)
                                         _06864_ (net)
                  0.58    0.00    1.26 ^ _18375_/A2 (sky130_fd_sc_hd__a21oi_1)
     2    0.01    0.14    0.20    1.46 v _18375_/Y (sky130_fd_sc_hd__a21oi_1)
                                         _06891_ (net)
                  0.14    0.00    1.46 v place2959/A (sky130_fd_sc_hd__buf_4)
     3    0.04    0.07    0.22    1.67 v place2959/X (sky130_fd_sc_hd__buf_4)
                                         net2958 (net)
                  0.07    0.00    1.68 v _15534_/B (sky130_fd_sc_hd__nor3_1)
     1    0.02    0.50    0.44    2.11 ^ _15534_/Y (sky130_fd_sc_hd__nor3_1)
                                         _04082_ (net)
                  0.50    0.00    2.11 ^ place2943/A (sky130_fd_sc_hd__buf_4)
     1    0.03    0.11    0.26    2.37 ^ place2943/X (sky130_fd_sc_hd__buf_4)
                                         net2942 (net)
                  0.11    0.00    2.37 ^ _15536_/D (sky130_fd_sc_hd__nand4_1)
     2    0.03    0.37    0.32    2.70 v _15536_/Y (sky130_fd_sc_hd__nand4_1)
                                         _04084_ (net)
                  0.37    0.00    2.70 v _15538_/A_N (sky130_fd_sc_hd__nand2b_1)
     8    0.05    0.37    0.52    3.22 v _15538_/Y (sky130_fd_sc_hd__nand2b_1)
                                         _04086_ (net)
                  0.37    0.00    3.22 v _16355_/B (sky130_fd_sc_hd__nor2_1)
     3    0.01    0.27    0.34    3.56 ^ _16355_/Y (sky130_fd_sc_hd__nor2_1)
                                         _04903_ (net)
                  0.27    0.00    3.56 ^ _16358_/B (sky130_fd_sc_hd__xnor3_1)
     6    0.02    0.16    0.49    4.05 v _16358_/X (sky130_fd_sc_hd__xnor3_1)
                                         _04906_ (net)
                  0.16    0.00    4.05 v _16424_/B (sky130_fd_sc_hd__maj3_1)
     1    0.00    0.06    0.35    4.40 v _16424_/X (sky130_fd_sc_hd__maj3_1)
                                         _04972_ (net)
                  0.06    0.00    4.40 v _16425_/C (sky130_fd_sc_hd__and3_1)
     1    0.00    0.03    0.17    4.57 v _16425_/X (sky130_fd_sc_hd__and3_1)
                                         _04973_ (net)
                  0.03    0.00    4.57 v _16428_/B1 (sky130_fd_sc_hd__a2111oi_0)
     1    0.01    0.65    0.60    5.18 ^ _16428_/Y (sky130_fd_sc_hd__a2111oi_0)
                                         _04976_ (net)
                  0.65    0.00    5.18 ^ place2590/A (sky130_fd_sc_hd__buf_4)
     2    0.01    0.05    0.23    5.41 ^ place2590/X (sky130_fd_sc_hd__buf_4)
                                         net2589 (net)
                  0.05    0.00    5.41 ^ _16449_/A (sky130_fd_sc_hd__xnor3_1)
     4    0.02    0.13    0.46    5.87 v _16449_/X (sky130_fd_sc_hd__xnor3_1)
                                         _04997_ (net)
                  0.13    0.00    5.87 v _16451_/B (sky130_fd_sc_hd__xnor2_1)
     1    0.01    0.16    0.19    6.06 ^ _16451_/Y (sky130_fd_sc_hd__xnor2_1)
                                         _04999_ (net)
                  0.16    0.00    6.06 ^ _16457_/A (sky130_fd_sc_hd__xnor2_1)
     1    0.00    0.12    0.13    6.19 ^ _16457_/Y (sky130_fd_sc_hd__xnor2_1)
                                         _05005_ (net)
                  0.12    0.00    6.19 ^ place2482/A (sky130_fd_sc_hd__buf_4)
     4    0.02    0.06    0.15    6.35 ^ place2482/X (sky130_fd_sc_hd__buf_4)
                                         net2481 (net)
                  0.06    0.00    6.35 ^ _16743_/A (sky130_fd_sc_hd__nor2b_1)
     1    0.00    0.03    0.04    6.39 v _16743_/Y (sky130_fd_sc_hd__nor2b_1)
                                         _05291_ (net)
                  0.03    0.00    6.39 v _16748_/A3 (sky130_fd_sc_hd__o311ai_0)
     1    0.01    0.76    0.63    7.02 ^ _16748_/Y (sky130_fd_sc_hd__o311ai_0)
                                         _05296_ (net)
                  0.76    0.00    7.02 ^ _13463_/place2425/A (sky130_fd_sc_hd__buf_4)
     1    0.01    0.05    0.23    7.26 ^ _13463_/place2425/X (sky130_fd_sc_hd__buf_4)
                                         _13463_/net2424 (net)
                  0.05    0.00    7.26 ^ _13463_/_403_/A (sky130_fd_sc_hd__xor2_1)
     2    0.01    0.20    0.20    7.45 ^ _13463_/_403_/X (sky130_fd_sc_hd__xor2_1)
                                         _13463_/_103_ (net)
                  0.20    0.00    7.45 ^ _13463_/_407_/B (sky130_fd_sc_hd__xnor2_1)
     3    0.01    0.29    0.21    7.66 ^ _13463_/_407_/Y (sky130_fd_sc_hd__xnor2_1)
                                         _13463_/_106_ (net)
                  0.29    0.00    7.66 ^ _13463_/_410_/A2 (sky130_fd_sc_hd__o21ai_0)
     2    0.01    0.11    0.16    7.83 v _13463_/_410_/Y (sky130_fd_sc_hd__o21ai_0)
                                         _13463_/_108_ (net)
                  0.11    0.00    7.83 v _13463_/_411_/B1 (sky130_fd_sc_hd__a21oi_1)
     2    0.01    0.18    0.19    8.02 ^ _13463_/_411_/Y (sky130_fd_sc_hd__a21oi_1)
                                         _13463_/_109_ (net)
                  0.18    0.00    8.02 ^ _13463_/_413_/B1 (sky130_fd_sc_hd__o21ai_0)
     1    0.00    0.08    0.11    8.13 v _13463_/_413_/Y (sky130_fd_sc_hd__o21ai_0)
                                         _13463_/_111_ (net)
                  0.08    0.00    8.13 v _13463_/_415_/B1 (sky130_fd_sc_hd__a21o_1)
     1    0.00    0.04    0.17    8.30 v _13463_/_415_/X (sky130_fd_sc_hd__a21o_1)
                                         ibex_core/ALU_34_0_34_0_34_KOGGE_STONE/CO[29] (net)
                  0.04    0.00    8.30 v _13463_/_504_/A (sky130_fd_sc_hd__xnor2_1)
     2    0.02    0.14    0.19    8.49 v _13463_/_504_/Y (sky130_fd_sc_hd__xnor2_1)
                                         _00093_ (net)
                  0.14    0.00    8.49 v _19727_/A1 (sky130_fd_sc_hd__a2111oi_0)
     1    0.01    0.99    0.89    9.38 ^ _19727_/Y (sky130_fd_sc_hd__a2111oi_0)
                                         _08243_ (net)
                  0.99    0.00    9.38 ^ place2112/A (sky130_fd_sc_hd__buf_4)
     1    0.00    0.05    0.23    9.61 ^ place2112/X (sky130_fd_sc_hd__buf_4)
                                         net2111 (net)
                  0.05    0.00    9.61 ^ _19728_/B1 (sky130_fd_sc_hd__a21o_1)
     1    0.01    0.10    0.12    9.74 ^ _19728_/X (sky130_fd_sc_hd__a21o_1)
                                         _08244_ (net)
                  0.10    0.00    9.74 ^ place2091/A (sky130_fd_sc_hd__buf_12)
    31    0.15    0.18    0.20    9.94 ^ place2091/X (sky130_fd_sc_hd__buf_12)
                                         net2090 (net)
                  0.19    0.03    9.97 ^ _22255_/A1 (sky130_fd_sc_hd__o21ai_0)
     1    0.00    0.13    0.11   10.08 v _22255_/Y (sky130_fd_sc_hd__o21ai_0)
                                         _10771_ (net)
                  0.13    0.00   10.08 v gen_regfile_ff.register_file_i.rf_reg[222]$_DFFE_PN0P_/D (sky130_fd_sc_hd__dfrtp_1)
                                 10.08   data arrival time

                  0.00   10.00   10.00   clock core_clock (rise edge)
                          0.00   10.00   clock network delay (ideal)
                          0.00   10.00   clock reconvergence pessimism
                                 10.00 ^ gen_regfile_ff.register_file_i.rf_reg[222]$_DFFE_PN0P_/CLK (sky130_fd_sc_hd__dfrtp_1)
                         -0.16    9.84   library setup time
                                  9.84   data required time
-----------------------------------------------------------------------------
                                  9.84   data required time
                                -10.08   data arrival time
-----------------------------------------------------------------------------
                                 -0.24   slack (VIOLATED)



==========================================================================
global place report_checks -unconstrained
--------------------------------------------------------------------------
Startpoint: rst_ni (input port clocked by core_clock)
Endpoint: gen_regfile_ff.register_file_i.rf_reg[432]$_DFFE_PN0P_
          (recovery check against rising-edge clock core_clock)
Path Group: asynchronous
Path Type: max

Fanout     Cap    Slew   Delay    Time   Description
-----------------------------------------------------------------------------
                  0.00    0.00    0.00   clock core_clock (rise edge)
                          0.00    0.00   clock network delay (ideal)
                          2.00    2.00 ^ input external delay
     1    0.02    0.00    0.00    2.00 ^ rst_ni (in)
                                         rst_ni (net)
                  0.00    0.00    2.00 ^ input164/A (sky130_fd_sc_hd__buf_16)
    83    0.52    0.54    0.38    2.38 ^ input164/X (sky130_fd_sc_hd__buf_16)
                                         net163 (net)
                  0.54    0.01    2.40 ^ place3205/A (sky130_fd_sc_hd__buf_4)
    50    0.27    0.71    0.69    3.09 ^ place3205/X (sky130_fd_sc_hd__buf_4)
                                         net3204 (net)
                  0.71    0.00    3.09 ^ place3200/A (sky130_fd_sc_hd__buf_4)
    59    0.29    0.79    0.76    3.85 ^ place3200/X (sky130_fd_sc_hd__buf_4)
                                         net3199 (net)
                  0.79    0.02    3.87 ^ place3199/A (sky130_fd_sc_hd__buf_4)
    50    0.25    0.68    0.69    4.57 ^ place3199/X (sky130_fd_sc_hd__buf_4)
                                         net3198 (net)
                  0.68    0.01    4.58 ^ gen_regfile_ff.register_file_i.rf_reg[432]$_DFFE_PN0P_/RESET_B (sky130_fd_sc_hd__dfrtp_1)
                                  4.58   data arrival time

                  0.00   10.00   10.00   clock core_clock (rise edge)
                          0.00   10.00   clock network delay (ideal)
                          0.00   10.00   clock reconvergence pessimism
                                 10.00 ^ gen_regfile_ff.register_file_i.rf_reg[432]$_DFFE_PN0P_/CLK (sky130_fd_sc_hd__dfrtp_1)
                          0.05   10.05   library recovery time
                                 10.05   data required time
-----------------------------------------------------------------------------
                                 10.05   data required time
                                 -4.58   data arrival time
-----------------------------------------------------------------------------
                                  5.47   slack (MET)


Startpoint: core_clock_gate_i.en_latch$_DLATCH_N_
            (negative level-sensitive latch clocked by core_clock)
Endpoint: _16765_ (rising clock gating-check end-point clocked by core_clock)
Path Group: gated clock
Path Type: max

Fanout     Cap    Slew   Delay    Time   Description
-----------------------------------------------------------------------------
                  0.00    5.00    5.00   clock core_clock (fall edge)
                          0.00    5.00   clock network delay (ideal)
                  0.00    0.00    5.00 v core_clock_gate_i.en_latch$_DLATCH_N_/GATE_N (sky130_fd_sc_hd__dlxtn_1)
     1    0.00    0.03    0.36    5.36 ^ core_clock_gate_i.en_latch$_DLATCH_N_/Q (sky130_fd_sc_hd__dlxtn_1)
                                         core_clock_gate_i.en_latch (net)
                  0.03    0.00    5.36 ^ _16765_/B (sky130_fd_sc_hd__and2_0)
                                  5.36   data arrival time

                  0.00   10.00   10.00   clock core_clock (rise edge)
                          0.00   10.00   clock network delay (ideal)
                          0.00   10.00   clock reconvergence pessimism
                                 10.00 ^ _16765_/A (sky130_fd_sc_hd__and2_0)
                          0.00   10.00   clock gating setup time
                                 10.00   data required time
-----------------------------------------------------------------------------
                                 10.00   data required time
                                 -5.36   data arrival time
-----------------------------------------------------------------------------
                                  4.64   slack (MET)


Startpoint: if_stage_i.instr_rdata_id_o[12]$_DFFE_PP_
            (rising edge-triggered flip-flop clocked by core_clock)
Endpoint: gen_regfile_ff.register_file_i.rf_reg[222]$_DFFE_PN0P_
          (rising edge-triggered flip-flop clocked by core_clock)
Path Group: core_clock
Path Type: max

Fanout     Cap    Slew   Delay    Time   Description
-----------------------------------------------------------------------------
                  0.00    0.00    0.00   clock core_clock (rise edge)
                          0.00    0.00   clock network delay (ideal)
                  0.00    0.00    0.00 ^ if_stage_i.instr_rdata_id_o[12]$_DFFE_PP_/CLK (sky130_fd_sc_hd__edfxtp_1)
    15    0.07    0.57    0.69    0.69 ^ if_stage_i.instr_rdata_id_o[12]$_DFFE_PP_/Q (sky130_fd_sc_hd__edfxtp_1)
                                         _01888_ (net)
                  0.57    0.00    0.69 ^ _18348_/B_N (sky130_fd_sc_hd__nor2b_1)
     7    0.03    0.58    0.56    1.26 ^ _18348_/Y (sky130_fd_sc_hd__nor2b_1)
                                         _06864_ (net)
                  0.58    0.00    1.26 ^ _18375_/A2 (sky130_fd_sc_hd__a21oi_1)
     2    0.01    0.14    0.20    1.46 v _18375_/Y (sky130_fd_sc_hd__a21oi_1)
                                         _06891_ (net)
                  0.14    0.00    1.46 v place2959/A (sky130_fd_sc_hd__buf_4)
     3    0.04    0.07    0.22    1.67 v place2959/X (sky130_fd_sc_hd__buf_4)
                                         net2958 (net)
                  0.07    0.00    1.68 v _15534_/B (sky130_fd_sc_hd__nor3_1)
     1    0.02    0.50    0.44    2.11 ^ _15534_/Y (sky130_fd_sc_hd__nor3_1)
                                         _04082_ (net)
                  0.50    0.00    2.11 ^ place2943/A (sky130_fd_sc_hd__buf_4)
     1    0.03    0.11    0.26    2.37 ^ place2943/X (sky130_fd_sc_hd__buf_4)
                                         net2942 (net)
                  0.11    0.00    2.37 ^ _15536_/D (sky130_fd_sc_hd__nand4_1)
     2    0.03    0.37    0.32    2.70 v _15536_/Y (sky130_fd_sc_hd__nand4_1)
                                         _04084_ (net)
                  0.37    0.00    2.70 v _15538_/A_N (sky130_fd_sc_hd__nand2b_1)
     8    0.05    0.37    0.52    3.22 v _15538_/Y (sky130_fd_sc_hd__nand2b_1)
                                         _04086_ (net)
                  0.37    0.00    3.22 v _16355_/B (sky130_fd_sc_hd__nor2_1)
     3    0.01    0.27    0.34    3.56 ^ _16355_/Y (sky130_fd_sc_hd__nor2_1)
                                         _04903_ (net)
                  0.27    0.00    3.56 ^ _16358_/B (sky130_fd_sc_hd__xnor3_1)
     6    0.02    0.16    0.49    4.05 v _16358_/X (sky130_fd_sc_hd__xnor3_1)
                                         _04906_ (net)
                  0.16    0.00    4.05 v _16424_/B (sky130_fd_sc_hd__maj3_1)
     1    0.00    0.06    0.35    4.40 v _16424_/X (sky130_fd_sc_hd__maj3_1)
                                         _04972_ (net)
                  0.06    0.00    4.40 v _16425_/C (sky130_fd_sc_hd__and3_1)
     1    0.00    0.03    0.17    4.57 v _16425_/X (sky130_fd_sc_hd__and3_1)
                                         _04973_ (net)
                  0.03    0.00    4.57 v _16428_/B1 (sky130_fd_sc_hd__a2111oi_0)
     1    0.01    0.65    0.60    5.18 ^ _16428_/Y (sky130_fd_sc_hd__a2111oi_0)
                                         _04976_ (net)
                  0.65    0.00    5.18 ^ place2590/A (sky130_fd_sc_hd__buf_4)
     2    0.01    0.05    0.23    5.41 ^ place2590/X (sky130_fd_sc_hd__buf_4)
                                         net2589 (net)
                  0.05    0.00    5.41 ^ _16449_/A (sky130_fd_sc_hd__xnor3_1)
     4    0.02    0.13    0.46    5.87 v _16449_/X (sky130_fd_sc_hd__xnor3_1)
                                         _04997_ (net)
                  0.13    0.00    5.87 v _16451_/B (sky130_fd_sc_hd__xnor2_1)
     1    0.01    0.16    0.19    6.06 ^ _16451_/Y (sky130_fd_sc_hd__xnor2_1)
                                         _04999_ (net)
                  0.16    0.00    6.06 ^ _16457_/A (sky130_fd_sc_hd__xnor2_1)
     1    0.00    0.12    0.13    6.19 ^ _16457_/Y (sky130_fd_sc_hd__xnor2_1)
                                         _05005_ (net)
                  0.12    0.00    6.19 ^ place2482/A (sky130_fd_sc_hd__buf_4)
     4    0.02    0.06    0.15    6.35 ^ place2482/X (sky130_fd_sc_hd__buf_4)
                                         net2481 (net)
                  0.06    0.00    6.35 ^ _16743_/A (sky130_fd_sc_hd__nor2b_1)
     1    0.00    0.03    0.04    6.39 v _16743_/Y (sky130_fd_sc_hd__nor2b_1)
                                         _05291_ (net)
                  0.03    0.00    6.39 v _16748_/A3 (sky130_fd_sc_hd__o311ai_0)
     1    0.01    0.76    0.63    7.02 ^ _16748_/Y (sky130_fd_sc_hd__o311ai_0)
                                         _05296_ (net)
                  0.76    0.00    7.02 ^ _13463_/place2425/A (sky130_fd_sc_hd__buf_4)
     1    0.01    0.05    0.23    7.26 ^ _13463_/place2425/X (sky130_fd_sc_hd__buf_4)
                                         _13463_/net2424 (net)
                  0.05    0.00    7.26 ^ _13463_/_403_/A (sky130_fd_sc_hd__xor2_1)
     2    0.01    0.20    0.20    7.45 ^ _13463_/_403_/X (sky130_fd_sc_hd__xor2_1)
                                         _13463_/_103_ (net)
                  0.20    0.00    7.45 ^ _13463_/_407_/B (sky130_fd_sc_hd__xnor2_1)
     3    0.01    0.29    0.21    7.66 ^ _13463_/_407_/Y (sky130_fd_sc_hd__xnor2_1)
                                         _13463_/_106_ (net)
                  0.29    0.00    7.66 ^ _13463_/_410_/A2 (sky130_fd_sc_hd__o21ai_0)
     2    0.01    0.11    0.16    7.83 v _13463_/_410_/Y (sky130_fd_sc_hd__o21ai_0)
                                         _13463_/_108_ (net)
                  0.11    0.00    7.83 v _13463_/_411_/B1 (sky130_fd_sc_hd__a21oi_1)
     2    0.01    0.18    0.19    8.02 ^ _13463_/_411_/Y (sky130_fd_sc_hd__a21oi_1)
                                         _13463_/_109_ (net)
                  0.18    0.00    8.02 ^ _13463_/_413_/B1 (sky130_fd_sc_hd__o21ai_0)
     1    0.00    0.08    0.11    8.13 v _13463_/_413_/Y (sky130_fd_sc_hd__o21ai_0)
                                         _13463_/_111_ (net)
                  0.08    0.00    8.13 v _13463_/_415_/B1 (sky130_fd_sc_hd__a21o_1)
     1    0.00    0.04    0.17    8.30 v _13463_/_415_/X (sky130_fd_sc_hd__a21o_1)
                                         ibex_core/ALU_34_0_34_0_34_KOGGE_STONE/CO[29] (net)
                  0.04    0.00    8.30 v _13463_/_504_/A (sky130_fd_sc_hd__xnor2_1)
     2    0.02    0.14    0.19    8.49 v _13463_/_504_/Y (sky130_fd_sc_hd__xnor2_1)
                                         _00093_ (net)
                  0.14    0.00    8.49 v _19727_/A1 (sky130_fd_sc_hd__a2111oi_0)
     1    0.01    0.99    0.89    9.38 ^ _19727_/Y (sky130_fd_sc_hd__a2111oi_0)
                                         _08243_ (net)
                  0.99    0.00    9.38 ^ place2112/A (sky130_fd_sc_hd__buf_4)
     1    0.00    0.05    0.23    9.61 ^ place2112/X (sky130_fd_sc_hd__buf_4)
                                         net2111 (net)
                  0.05    0.00    9.61 ^ _19728_/B1 (sky130_fd_sc_hd__a21o_1)
     1    0.01    0.10    0.12    9.74 ^ _19728_/X (sky130_fd_sc_hd__a21o_1)
                                         _08244_ (net)
                  0.10    0.00    9.74 ^ place2091/A (sky130_fd_sc_hd__buf_12)
    31    0.15    0.18    0.20    9.94 ^ place2091/X (sky130_fd_sc_hd__buf_12)
                                         net2090 (net)
                  0.19    0.03    9.97 ^ _22255_/A1 (sky130_fd_sc_hd__o21ai_0)
     1    0.00    0.13    0.11   10.08 v _22255_/Y (sky130_fd_sc_hd__o21ai_0)
                                         _10771_ (net)
                  0.13    0.00   10.08 v gen_regfile_ff.register_file_i.rf_reg[222]$_DFFE_PN0P_/D (sky130_fd_sc_hd__dfrtp_1)
                                 10.08   data arrival time

                  0.00   10.00   10.00   clock core_clock (rise edge)
                          0.00   10.00   clock network delay (ideal)
                          0.00   10.00   clock reconvergence pessimism
                                 10.00 ^ gen_regfile_ff.register_file_i.rf_reg[222]$_DFFE_PN0P_/CLK (sky130_fd_sc_hd__dfrtp_1)
                         -0.16    9.84   library setup time
                                  9.84   data required time
-----------------------------------------------------------------------------
                                  9.84   data required time
                                -10.08   data arrival time
-----------------------------------------------------------------------------
                                 -0.24   slack (VIOLATED)



==========================================================================
global place report_power
--------------------------------------------------------------------------
Group                  Internal  Switching    Leakage      Total
                          Power      Power      Power      Power (Watts)
----------------------------------------------------------------
Sequential             6.01e-03   5.76e-04   2.52e-08   6.58e-03  34.2%
Combinational          4.25e-03   8.28e-03   3.35e-08   1.25e-02  65.0%
Clock                 -3.84e-07   1.61e-04   1.87e-12   1.61e-04   0.8%
Macro                  0.00e+00   0.00e+00   0.00e+00   0.00e+00   0.0%
Pad                    0.00e+00   0.00e+00   0.00e+00   0.00e+00   0.0%
----------------------------------------------------------------
Total                  1.03e-02   9.02e-03   5.87e-08   1.93e-02 100.0%
                          53.2%      46.8%       0.0%
