
==========================================================================
global route report_tns
--------------------------------------------------------------------------
tns max -1.63

==========================================================================
global route report_wns
--------------------------------------------------------------------------
wns max -0.28

==========================================================================
global route report_worst_slack
--------------------------------------------------------------------------
worst slack max -0.28

==========================================================================
global route report_clock_min_period
--------------------------------------------------------------------------
core_clock period_min = 10.28 fmax = 97.25

==========================================================================
global route report_clock_skew
--------------------------------------------------------------------------
Clock core_clock
   1.24 source latency cs_registers_i.minstret_counter_i.counter_val_o[29]$_DFFE_PN0P_/CLK ^
  -0.95 target latency gen_regfile_ff.register_file_i.rf_reg[445]$_DFFE_PN0P_/CLK ^
   0.00 CRPR
--------------
   0.29 setup skew


==========================================================================
global route report_checks -path_delay min
--------------------------------------------------------------------------
Startpoint: rst_ni (input port clocked by core_clock)
Endpoint: gen_regfile_ff.register_file_i.rf_reg[786]$_DFFE_PN0P_
          (removal check against rising-edge clock core_clock)
Path Group: asynchronous
Path Type: min

Fanout     Cap    Slew   Delay    Time   Description
-----------------------------------------------------------------------------
                          0.00    0.00   clock core_clock (rise edge)
                          0.00    0.00   clock network delay (propagated)
                          2.00    2.00 ^ input external delay
     1    0.02    0.00    0.00    2.00 ^ rst_ni (in)
                                         rst_ni (net)
                  0.00    0.00    2.00 ^ input164/A (sky130_fd_sc_hd__buf_16)
    83    0.56    0.57    0.40    2.40 ^ input164/X (sky130_fd_sc_hd__buf_16)
                                         net163 (net)
                  0.57    0.02    2.42 ^ gen_regfile_ff.register_file_i.rf_reg[786]$_DFFE_PN0P_/RESET_B (sky130_fd_sc_hd__dfrtp_1)
                                  2.42   data arrival time

                          0.00    0.00   clock core_clock (rise edge)
                          0.00    0.00   clock source latency
     3    0.13    0.00    0.00    0.00 ^ clk_i (in)
                                         clk_i (net)
                  0.00    0.00    0.00 ^ delaybuf_0_core_clock/A (sky130_fd_sc_hd__clkbuf_16)
     1    0.03    0.05    0.12    0.12 ^ delaybuf_0_core_clock/X (sky130_fd_sc_hd__clkbuf_16)
                                         delaynet_0_core_clock (net)
                  0.05    0.00    0.12 ^ delaybuf_1_core_clock/A (sky130_fd_sc_hd__clkbuf_16)
     1    0.03    0.05    0.14    0.26 ^ delaybuf_1_core_clock/X (sky130_fd_sc_hd__clkbuf_16)
                                         delaynet_1_core_clock (net)
                  0.05    0.00    0.26 ^ clkbuf_regs_0_core_clock/A (sky130_fd_sc_hd__clkbuf_16)
     1    0.01    0.03    0.12    0.38 ^ clkbuf_regs_0_core_clock/X (sky130_fd_sc_hd__clkbuf_16)
                                         clk_i_regs (net)
                  0.03    0.00    0.38 ^ clkbuf_0_clk_i_regs/A (sky130_fd_sc_hd__clkbuf_16)
     8    0.21    0.22    0.26    0.64 ^ clkbuf_0_clk_i_regs/X (sky130_fd_sc_hd__clkbuf_16)
                                         clknet_0_clk_i_regs (net)
                  0.22    0.01    0.64 ^ clkbuf_3_6__f_clk_i_regs/A (sky130_fd_sc_hd__clkbuf_16)
    17    0.24    0.25    0.34    0.98 ^ clkbuf_3_6__f_clk_i_regs/X (sky130_fd_sc_hd__clkbuf_16)
                                         clknet_3_6__leaf_clk_i_regs (net)
                  0.25    0.01    0.99 ^ clkbuf_leaf_1_clk_i_regs/A (sky130_fd_sc_hd__clkbuf_16)
    14    0.06    0.08    0.22    1.21 ^ clkbuf_leaf_1_clk_i_regs/X (sky130_fd_sc_hd__clkbuf_16)
                                         clknet_leaf_1_clk_i_regs (net)
                  0.08    0.00    1.21 ^ gen_regfile_ff.register_file_i.rf_reg[786]$_DFFE_PN0P_/CLK (sky130_fd_sc_hd__dfrtp_1)
                          0.00    1.21   clock reconvergence pessimism
                          0.47    1.69   library removal time
                                  1.69   data required time
-----------------------------------------------------------------------------
                                  1.69   data required time
                                 -2.42   data arrival time
-----------------------------------------------------------------------------
                                  0.74   slack (MET)


Startpoint: core_clock_gate_i.en_latch$_DLATCH_N_
            (negative level-sensitive latch clocked by core_clock)
Endpoint: _16765_ (rising clock gating-check end-point clocked by core_clock)
Path Group: gated clock
Path Type: min

Fanout     Cap    Slew   Delay    Time   Description
-----------------------------------------------------------------------------
                          5.00    5.00   clock core_clock (fall edge)
                          0.00    5.00   clock source latency
     3    0.12    0.00    0.00    5.00 v clk_i (in)
                                         clk_i (net)
                  0.00    0.00    5.00 v delaybuf_0_core_clock/A (sky130_fd_sc_hd__clkbuf_16)
     1    0.03    0.04    0.14    5.14 v delaybuf_0_core_clock/X (sky130_fd_sc_hd__clkbuf_16)
                                         delaynet_0_core_clock (net)
                  0.04    0.00    5.14 v delaybuf_1_core_clock/A (sky130_fd_sc_hd__clkbuf_16)
     1    0.03    0.04    0.15    5.29 v delaybuf_1_core_clock/X (sky130_fd_sc_hd__clkbuf_16)
                                         delaynet_1_core_clock (net)
                  0.04    0.00    5.29 v clkbuf_regs_0_core_clock/A (sky130_fd_sc_hd__clkbuf_16)
     1    0.01    0.03    0.14    5.43 v clkbuf_regs_0_core_clock/X (sky130_fd_sc_hd__clkbuf_16)
                                         clk_i_regs (net)
                  0.03    0.00    5.43 v clkbuf_0_clk_i_regs/A (sky130_fd_sc_hd__clkbuf_16)
     8    0.20    0.14    0.23    5.66 v clkbuf_0_clk_i_regs/X (sky130_fd_sc_hd__clkbuf_16)
                                         clknet_0_clk_i_regs (net)
                  0.14    0.01    5.66 v clkbuf_3_5__f_clk_i_regs/A (sky130_fd_sc_hd__clkbuf_16)
    13    0.20    0.13    0.28    5.94 v clkbuf_3_5__f_clk_i_regs/X (sky130_fd_sc_hd__clkbuf_16)
                                         clknet_3_5__leaf_clk_i_regs (net)
                  0.14    0.01    5.95 v core_clock_gate_i.en_latch$_DLATCH_N_/GATE_N (sky130_fd_sc_hd__dlxtn_1)
     1    0.06    0.28    0.48    6.43 v core_clock_gate_i.en_latch$_DLATCH_N_/Q (sky130_fd_sc_hd__dlxtn_1)
                                         core_clock_gate_i.en_latch (net)
                  0.28    0.00    6.44 v _16765_/B (sky130_fd_sc_hd__and2_0)
                                  6.44   data arrival time

                          5.00    5.00   clock core_clock (fall edge)
                          0.00    5.00   clock source latency
     3    0.12    0.00    0.00    5.00 v clk_i (in)
                                         clk_i (net)
                  0.01    0.00    5.00 v clkbuf_0_clk_i/A (sky130_fd_sc_hd__clkbuf_16)
     1    0.01    0.03    0.12    5.13 v clkbuf_0_clk_i/X (sky130_fd_sc_hd__clkbuf_16)
                                         clknet_0_clk_i (net)
                  0.03    0.00    5.13 v clkbuf_1_0__f_clk_i/A (sky130_fd_sc_hd__clkbuf_16)
     1    0.00    0.03    0.13    5.26 v clkbuf_1_0__f_clk_i/X (sky130_fd_sc_hd__clkbuf_16)
                                         clknet_1_0__leaf_clk_i (net)
                  0.03    0.00    5.26 v _16765_/A (sky130_fd_sc_hd__and2_0)
                          0.00    5.26   clock reconvergence pessimism
                          0.00    5.26   clock gating hold time
                                  5.26   data required time
-----------------------------------------------------------------------------
                                  5.26   data required time
                                 -6.44   data arrival time
-----------------------------------------------------------------------------
                                  1.18   slack (MET)


Startpoint: id_stage_i.controller_i.ctrl_fsm_cs[0]$_DFF_PN1_
            (rising edge-triggered flip-flop clocked by core_clock)
Endpoint: id_stage_i.controller_i.ctrl_fsm_cs[5]$_DFF_PN0_
          (rising edge-triggered flip-flop clocked by core_clock)
Path Group: core_clock
Path Type: min

Fanout     Cap    Slew   Delay    Time   Description
-----------------------------------------------------------------------------
                          0.00    0.00   clock core_clock (rise edge)
                          0.00    0.00   clock source latency
     3    0.13    0.00    0.00    0.00 ^ clk_i (in)
                                         clk_i (net)
                  0.01    0.00    0.00 ^ clkbuf_0_clk_i/A (sky130_fd_sc_hd__clkbuf_16)
     1    0.01    0.04    0.11    0.11 ^ clkbuf_0_clk_i/X (sky130_fd_sc_hd__clkbuf_16)
                                         clknet_0_clk_i (net)
                  0.04    0.00    0.11 ^ clkbuf_1_0__f_clk_i/A (sky130_fd_sc_hd__clkbuf_16)
     1    0.00    0.03    0.11    0.22 ^ clkbuf_1_0__f_clk_i/X (sky130_fd_sc_hd__clkbuf_16)
                                         clknet_1_0__leaf_clk_i (net)
                  0.03    0.00    0.22 ^ _16765_/A (sky130_fd_sc_hd__and2_0)
     1    0.01    0.15    0.18    0.39 ^ _16765_/X (sky130_fd_sc_hd__and2_0)
                                         _05313_ (net)
                  0.15    0.00    0.39 ^ clkbuf_0__05313_/A (sky130_fd_sc_hd__clkbuf_16)
     8    0.20    0.21    0.29    0.68 ^ clkbuf_0__05313_/X (sky130_fd_sc_hd__clkbuf_16)
                                         clknet_0__05313_ (net)
                  0.21    0.01    0.69 ^ clkbuf_3_0_0__05313_/A (sky130_fd_sc_hd__clkbuf_16)
    13    0.18    0.19    0.29    0.98 ^ clkbuf_3_0_0__05313_/X (sky130_fd_sc_hd__clkbuf_16)
                                         clknet_3_0_0__05313_ (net)
                  0.19    0.01    0.99 ^ clkbuf_leaf_15__05313_/A (sky130_fd_sc_hd__clkbuf_16)
    18    0.07    0.09    0.21    1.20 ^ clkbuf_leaf_15__05313_/X (sky130_fd_sc_hd__clkbuf_16)
                                         clknet_leaf_15__05313_ (net)
                  0.09    0.00    1.21 ^ id_stage_i.controller_i.ctrl_fsm_cs[0]$_DFF_PN1_/CLK (sky130_fd_sc_hd__dfstp_2)
     3    0.01    0.04    0.39    1.60 v id_stage_i.controller_i.ctrl_fsm_cs[0]$_DFF_PN1_/Q (sky130_fd_sc_hd__dfstp_2)
                                         _01598_ (net)
                  0.04    0.00    1.60 v id_stage_i.controller_i.ctrl_fsm_cs[5]$_DFF_PN0_/D (sky130_fd_sc_hd__dfrtp_1)
                                  1.60   data arrival time

                          0.00    0.00   clock core_clock (rise edge)
                          0.00    0.00   clock source latency
     3    0.13    0.00    0.00    0.00 ^ clk_i (in)
                                         clk_i (net)
                  0.01    0.00    0.00 ^ clkbuf_0_clk_i/A (sky130_fd_sc_hd__clkbuf_16)
     1    0.01    0.04    0.11    0.11 ^ clkbuf_0_clk_i/X (sky130_fd_sc_hd__clkbuf_16)
                                         clknet_0_clk_i (net)
                  0.04    0.00    0.11 ^ clkbuf_1_0__f_clk_i/A (sky130_fd_sc_hd__clkbuf_16)
     1    0.00    0.03    0.11    0.22 ^ clkbuf_1_0__f_clk_i/X (sky130_fd_sc_hd__clkbuf_16)
                                         clknet_1_0__leaf_clk_i (net)
                  0.03    0.00    0.22 ^ _16765_/A (sky130_fd_sc_hd__and2_0)
     1    0.01    0.15    0.18    0.39 ^ _16765_/X (sky130_fd_sc_hd__and2_0)
                                         _05313_ (net)
                  0.15    0.00    0.39 ^ clkbuf_0__05313_/A (sky130_fd_sc_hd__clkbuf_16)
     8    0.20    0.21    0.29    0.68 ^ clkbuf_0__05313_/X (sky130_fd_sc_hd__clkbuf_16)
                                         clknet_0__05313_ (net)
                  0.21    0.01    0.69 ^ clkbuf_3_0_0__05313_/A (sky130_fd_sc_hd__clkbuf_16)
    13    0.18    0.19    0.29    0.98 ^ clkbuf_3_0_0__05313_/X (sky130_fd_sc_hd__clkbuf_16)
                                         clknet_3_0_0__05313_ (net)
                  0.19    0.01    0.99 ^ clkbuf_leaf_14__05313_/A (sky130_fd_sc_hd__clkbuf_16)
    14    0.06    0.08    0.21    1.20 ^ clkbuf_leaf_14__05313_/X (sky130_fd_sc_hd__clkbuf_16)
                                         clknet_leaf_14__05313_ (net)
                  0.08    0.00    1.21 ^ id_stage_i.controller_i.ctrl_fsm_cs[5]$_DFF_PN0_/CLK (sky130_fd_sc_hd__dfrtp_1)
                          0.00    1.20   clock reconvergence pessimism
                         -0.04    1.17   library hold time
                                  1.17   data required time
-----------------------------------------------------------------------------
                                  1.17   data required time
                                 -1.60   data arrival time
-----------------------------------------------------------------------------
                                  0.43   slack (MET)



==========================================================================
global route report_checks -path_delay max
--------------------------------------------------------------------------
Startpoint: rst_ni (input port clocked by core_clock)
Endpoint: gen_regfile_ff.register_file_i.rf_reg[432]$_DFFE_PN0P_
          (recovery check against rising-edge clock core_clock)
Path Group: asynchronous
Path Type: max

Fanout     Cap    Slew   Delay    Time   Description
-----------------------------------------------------------------------------
                          0.00    0.00   clock core_clock (rise edge)
                          0.00    0.00   clock network delay (propagated)
                          2.00    2.00 ^ input external delay
     1    0.02    0.00    0.00    2.00 ^ rst_ni (in)
                                         rst_ni (net)
                  0.00    0.00    2.00 ^ input164/A (sky130_fd_sc_hd__buf_16)
    83    0.56    0.57    0.40    2.40 ^ input164/X (sky130_fd_sc_hd__buf_16)
                                         net163 (net)
                  0.57    0.02    2.42 ^ place3205/A (sky130_fd_sc_hd__buf_4)
    50    0.29    0.79    0.73    3.15 ^ place3205/X (sky130_fd_sc_hd__buf_4)
                                         net3204 (net)
                  0.79    0.01    3.16 ^ place3200/A (sky130_fd_sc_hd__buf_4)
    59    0.34    0.90    0.84    3.99 ^ place3200/X (sky130_fd_sc_hd__buf_4)
                                         net3199 (net)
                  0.91    0.04    4.03 ^ place3199/A (sky130_fd_sc_hd__buf_4)
    50    0.29    0.77    0.76    4.79 ^ place3199/X (sky130_fd_sc_hd__buf_4)
                                         net3198 (net)
                  0.77    0.02    4.81 ^ gen_regfile_ff.register_file_i.rf_reg[432]$_DFFE_PN0P_/RESET_B (sky130_fd_sc_hd__dfrtp_1)
                                  4.81   data arrival time

                         10.00   10.00   clock core_clock (rise edge)
                          0.00   10.00   clock source latency
     3    0.13    0.00    0.00   10.00 ^ clk_i (in)
                                         clk_i (net)
                  0.00    0.00   10.00 ^ delaybuf_0_core_clock/A (sky130_fd_sc_hd__clkbuf_16)
     1    0.03    0.05    0.12   10.12 ^ delaybuf_0_core_clock/X (sky130_fd_sc_hd__clkbuf_16)
                                         delaynet_0_core_clock (net)
                  0.05    0.00   10.12 ^ delaybuf_1_core_clock/A (sky130_fd_sc_hd__clkbuf_16)
     1    0.03    0.05    0.14   10.26 ^ delaybuf_1_core_clock/X (sky130_fd_sc_hd__clkbuf_16)
                                         delaynet_1_core_clock (net)
                  0.05    0.00   10.26 ^ clkbuf_regs_0_core_clock/A (sky130_fd_sc_hd__clkbuf_16)
     1    0.01    0.03    0.12   10.38 ^ clkbuf_regs_0_core_clock/X (sky130_fd_sc_hd__clkbuf_16)
                                         clk_i_regs (net)
                  0.03    0.00   10.38 ^ clkbuf_0_clk_i_regs/A (sky130_fd_sc_hd__clkbuf_16)
     8    0.21    0.22    0.26   10.64 ^ clkbuf_0_clk_i_regs/X (sky130_fd_sc_hd__clkbuf_16)
                                         clknet_0_clk_i_regs (net)
                  0.22    0.01   10.64 ^ clkbuf_3_5__f_clk_i_regs/A (sky130_fd_sc_hd__clkbuf_16)
    13    0.21    0.22    0.32   10.96 ^ clkbuf_3_5__f_clk_i_regs/X (sky130_fd_sc_hd__clkbuf_16)
                                         clknet_3_5__leaf_clk_i_regs (net)
                  0.22    0.00   10.97 ^ clkbuf_leaf_28_clk_i_regs/A (sky130_fd_sc_hd__clkbuf_16)
     4    0.03    0.06    0.20   11.17 ^ clkbuf_leaf_28_clk_i_regs/X (sky130_fd_sc_hd__clkbuf_16)
                                         clknet_leaf_28_clk_i_regs (net)
                  0.06    0.00   11.17 ^ gen_regfile_ff.register_file_i.rf_reg[432]$_DFFE_PN0P_/CLK (sky130_fd_sc_hd__dfrtp_1)
                          0.00   11.17   clock reconvergence pessimism
                          0.04   11.21   library recovery time
                                 11.21   data required time
-----------------------------------------------------------------------------
                                 11.21   data required time
                                 -4.81   data arrival time
-----------------------------------------------------------------------------
                                  6.40   slack (MET)


Startpoint: core_clock_gate_i.en_latch$_DLATCH_N_
            (negative level-sensitive latch clocked by core_clock)
Endpoint: _16765_ (rising clock gating-check end-point clocked by core_clock)
Path Group: gated clock
Path Type: max

Fanout     Cap    Slew   Delay    Time   Description
-----------------------------------------------------------------------------
                          5.00    5.00   clock core_clock (fall edge)
                          0.00    5.00   clock source latency
     3    0.12    0.00    0.00    5.00 v clk_i (in)
                                         clk_i (net)
                  0.00    0.00    5.00 v delaybuf_0_core_clock/A (sky130_fd_sc_hd__clkbuf_16)
     1    0.03    0.04    0.14    5.14 v delaybuf_0_core_clock/X (sky130_fd_sc_hd__clkbuf_16)
                                         delaynet_0_core_clock (net)
                  0.04    0.00    5.14 v delaybuf_1_core_clock/A (sky130_fd_sc_hd__clkbuf_16)
     1    0.03    0.04    0.15    5.29 v delaybuf_1_core_clock/X (sky130_fd_sc_hd__clkbuf_16)
                                         delaynet_1_core_clock (net)
                  0.04    0.00    5.29 v clkbuf_regs_0_core_clock/A (sky130_fd_sc_hd__clkbuf_16)
     1    0.01    0.03    0.14    5.43 v clkbuf_regs_0_core_clock/X (sky130_fd_sc_hd__clkbuf_16)
                                         clk_i_regs (net)
                  0.03    0.00    5.43 v clkbuf_0_clk_i_regs/A (sky130_fd_sc_hd__clkbuf_16)
     8    0.20    0.14    0.23    5.66 v clkbuf_0_clk_i_regs/X (sky130_fd_sc_hd__clkbuf_16)
                                         clknet_0_clk_i_regs (net)
                  0.14    0.01    5.66 v clkbuf_3_5__f_clk_i_regs/A (sky130_fd_sc_hd__clkbuf_16)
    13    0.20    0.13    0.28    5.94 v clkbuf_3_5__f_clk_i_regs/X (sky130_fd_sc_hd__clkbuf_16)
                                         clknet_3_5__leaf_clk_i_regs (net)
                  0.14    0.01    5.95 v core_clock_gate_i.en_latch$_DLATCH_N_/GATE_N (sky130_fd_sc_hd__dlxtn_1)
     1    0.06    0.55    0.79    6.74 ^ core_clock_gate_i.en_latch$_DLATCH_N_/Q (sky130_fd_sc_hd__dlxtn_1)
                                         core_clock_gate_i.en_latch (net)
                  0.55    0.00    6.74 ^ _16765_/B (sky130_fd_sc_hd__and2_0)
                                  6.74   data arrival time

                         10.00   10.00   clock core_clock (rise edge)
                          0.00   10.00   clock source latency
     3    0.13    0.00    0.00   10.00 ^ clk_i (in)
                                         clk_i (net)
                  0.01    0.00   10.00 ^ clkbuf_0_clk_i/A (sky130_fd_sc_hd__clkbuf_16)
     1    0.01    0.04    0.11   10.11 ^ clkbuf_0_clk_i/X (sky130_fd_sc_hd__clkbuf_16)
                                         clknet_0_clk_i (net)
                  0.04    0.00   10.11 ^ clkbuf_1_0__f_clk_i/A (sky130_fd_sc_hd__clkbuf_16)
     1    0.00    0.03    0.11   10.22 ^ clkbuf_1_0__f_clk_i/X (sky130_fd_sc_hd__clkbuf_16)
                                         clknet_1_0__leaf_clk_i (net)
                  0.03    0.00   10.22 ^ _16765_/A (sky130_fd_sc_hd__and2_0)
                          0.00   10.22   clock reconvergence pessimism
                          0.00   10.22   clock gating setup time
                                 10.22   data required time
-----------------------------------------------------------------------------
                                 10.22   data required time
                                 -6.74   data arrival time
-----------------------------------------------------------------------------
                                  3.47   slack (MET)


Startpoint: if_stage_i.instr_rdata_id_o[20]$_DFFE_PP_
            (rising edge-triggered flip-flop clocked by core_clock)
Endpoint: instr_addr_o[29] (output port clocked by core_clock)
Path Group: core_clock
Path Type: max

Fanout     Cap    Slew   Delay    Time   Description
-----------------------------------------------------------------------------
                          0.00    0.00   clock core_clock (rise edge)
                          0.00    0.00   clock source latency
     3    0.13    0.00    0.00    0.00 ^ clk_i (in)
                                         clk_i (net)
                  0.01    0.00    0.00 ^ clkbuf_0_clk_i/A (sky130_fd_sc_hd__clkbuf_16)
     1    0.01    0.04    0.11    0.11 ^ clkbuf_0_clk_i/X (sky130_fd_sc_hd__clkbuf_16)
                                         clknet_0_clk_i (net)
                  0.04    0.00    0.11 ^ clkbuf_1_0__f_clk_i/A (sky130_fd_sc_hd__clkbuf_16)
     1    0.00    0.03    0.11    0.22 ^ clkbuf_1_0__f_clk_i/X (sky130_fd_sc_hd__clkbuf_16)
                                         clknet_1_0__leaf_clk_i (net)
                  0.03    0.00    0.22 ^ _16765_/A (sky130_fd_sc_hd__and2_0)
     1    0.01    0.15    0.18    0.39 ^ _16765_/X (sky130_fd_sc_hd__and2_0)
                                         _05313_ (net)
                  0.15    0.00    0.39 ^ clkbuf_0__05313_/A (sky130_fd_sc_hd__clkbuf_16)
     8    0.20    0.21    0.29    0.68 ^ clkbuf_0__05313_/X (sky130_fd_sc_hd__clkbuf_16)
                                         clknet_0__05313_ (net)
                  0.21    0.01    0.69 ^ clkbuf_3_0_0__05313_/A (sky130_fd_sc_hd__clkbuf_16)
    13    0.18    0.19    0.29    0.98 ^ clkbuf_3_0_0__05313_/X (sky130_fd_sc_hd__clkbuf_16)
                                         clknet_3_0_0__05313_ (net)
                  0.19    0.01    0.99 ^ clkbuf_leaf_2__05313_/A (sky130_fd_sc_hd__clkbuf_16)
    12    0.07    0.09    0.21    1.21 ^ clkbuf_leaf_2__05313_/X (sky130_fd_sc_hd__clkbuf_16)
                                         clknet_leaf_2__05313_ (net)
                  0.09    0.00    1.21 ^ if_stage_i.instr_rdata_id_o[20]$_DFFE_PP_/CLK (sky130_fd_sc_hd__edfxtp_1)
     1    0.01    0.13    0.40    1.61 ^ if_stage_i.instr_rdata_id_o[20]$_DFFE_PP_/Q (sky130_fd_sc_hd__edfxtp_1)
                                         _01897_ (net)
                  0.13    0.00    1.61 ^ place3117/A (sky130_fd_sc_hd__buf_12)
    13    0.13    0.15    0.20    1.81 ^ place3117/X (sky130_fd_sc_hd__buf_12)
                                         net3116 (net)
                  0.16    0.01    1.83 ^ place3112/A (sky130_fd_sc_hd__buf_16)
    20    0.20    0.22    0.24    2.07 ^ place3112/X (sky130_fd_sc_hd__buf_16)
                                         net3111 (net)
                  0.22    0.01    2.08 ^ place3111/A (sky130_fd_sc_hd__buf_6)
    18    0.17    0.33    0.34    2.42 ^ place3111/X (sky130_fd_sc_hd__buf_6)
                                         net3110 (net)
                  0.33    0.01    2.43 ^ _13929_/S0 (sky130_fd_sc_hd__mux4_2)
     1    0.00    0.09    0.56    2.99 v _13929_/X (sky130_fd_sc_hd__mux4_2)
                                         _02477_ (net)
                  0.09    0.00    2.99 v _13930_/A1 (sky130_fd_sc_hd__mux2i_1)
     1    0.01    0.23    0.23    3.22 ^ _13930_/Y (sky130_fd_sc_hd__mux2i_1)
                                         _02478_ (net)
                  0.23    0.00    3.22 ^ _13936_/A2 (sky130_fd_sc_hd__o21ai_0)
     1    0.00    0.11    0.13    3.35 v _13936_/Y (sky130_fd_sc_hd__o21ai_0)
                                         _02484_ (net)
                  0.11    0.00    3.35 v _13945_/A3 (sky130_fd_sc_hd__o31a_1)
     1    0.01    0.06    0.28    3.63 v _13945_/X (sky130_fd_sc_hd__o31a_1)
                                         _02493_ (net)
                  0.06    0.00    3.63 v place2896/A (sky130_fd_sc_hd__buf_4)
     9    0.13    0.16    0.25    3.88 v place2896/X (sky130_fd_sc_hd__buf_4)
                                         net2895 (net)
                  0.16    0.01    3.90 v _13946_/B (sky130_fd_sc_hd__nor2_1)
     1    0.00    0.11    0.15    4.04 ^ _13946_/Y (sky130_fd_sc_hd__nor2_1)
                                         _02494_ (net)
                  0.11    0.00    4.04 ^ _13948_/B1 (sky130_fd_sc_hd__a21oi_1)
     4    0.02    0.22    0.11    4.15 v _13948_/Y (sky130_fd_sc_hd__a21oi_1)
                                         _02496_ (net)
                  0.22    0.00    4.16 v _13976_/A2 (sky130_fd_sc_hd__a22oi_1)
     1    0.00    0.17    0.26    4.41 ^ _13976_/Y (sky130_fd_sc_hd__a22oi_1)
                                         _02524_ (net)
                  0.17    0.00    4.41 ^ _13977_/B1 (sky130_fd_sc_hd__o21ai_1)
     2    0.02    0.20    0.22    4.63 v _13977_/Y (sky130_fd_sc_hd__o21ai_1)
                                         _02525_ (net)
                  0.20    0.00    4.63 v alu_adder_result_ex\\ALU_33_0_33_0_33_unused_CO_X_Y[0]_HAN_CARLSON/_330_/B (sky130_fd_sc_hd__xnor2_2)
     3    0.01    0.11    0.21    4.85 v alu_adder_result_ex\\ALU_33_0_33_0_33_unused_CO_X_Y[0]_HAN_CARLSON/_330_/Y (sky130_fd_sc_hd__xnor2_2)
                                         alu_adder_result_ex\\ALU_33_0_33_0_33_unused_CO_X_Y[0]_HAN_CARLSON/_048_ (net)
                  0.11    0.00    4.85 v alu_adder_result_ex\\ALU_33_0_33_0_33_unused_CO_X_Y[0]_HAN_CARLSON/_333_/A2 (sky130_fd_sc_hd__o21ai_0)
     2    0.02    0.68    0.57    5.41 ^ alu_adder_result_ex\\ALU_33_0_33_0_33_unused_CO_X_Y[0]_HAN_CARLSON/_333_/Y (sky130_fd_sc_hd__o21ai_0)
                                         alu_adder_result_ex\\ALU_33_0_33_0_33_unused_CO_X_Y[0]_HAN_CARLSON/_050_ (net)
                  0.68    0.00    5.41 ^ alu_adder_result_ex\\ALU_33_0_33_0_33_unused_CO_X_Y[0]_HAN_CARLSON/_357_/A1 (sky130_fd_sc_hd__a21oi_1)
     2    0.01    0.20    0.23    5.65 v alu_adder_result_ex\\ALU_33_0_33_0_33_unused_CO_X_Y[0]_HAN_CARLSON/_357_/Y (sky130_fd_sc_hd__a21oi_1)
                                         alu_adder_result_ex\\ALU_33_0_33_0_33_unused_CO_X_Y[0]_HAN_CARLSON/_072_ (net)
                  0.20    0.00    5.65 v alu_adder_result_ex\\ALU_33_0_33_0_33_unused_CO_X_Y[0]_HAN_CARLSON/_359_/B1 (sky130_fd_sc_hd__o21ai_0)
     1    0.01    0.20    0.16    5.81 ^ alu_adder_result_ex\\ALU_33_0_33_0_33_unused_CO_X_Y[0]_HAN_CARLSON/_359_/Y (sky130_fd_sc_hd__o21ai_0)
                                         alu_adder_result_ex\\ALU_33_0_33_0_33_unused_CO_X_Y[0]_HAN_CARLSON/_074_ (net)
                  0.20    0.00    5.81 ^ alu_adder_result_ex\\ALU_33_0_33_0_33_unused_CO_X_Y[0]_HAN_CARLSON/_361_/B1 (sky130_fd_sc_hd__a21oi_1)
     1    0.00    0.09    0.07    5.88 v alu_adder_result_ex\\ALU_33_0_33_0_33_unused_CO_X_Y[0]_HAN_CARLSON/_361_/Y (sky130_fd_sc_hd__a21oi_1)
                                         alu_adder_result_ex\\ALU_33_0_33_0_33_unused_CO_X_Y[0]_HAN_CARLSON/_076_ (net)
                  0.09    0.00    5.88 v alu_adder_result_ex\\ALU_33_0_33_0_33_unused_CO_X_Y[0]_HAN_CARLSON/place2445/A (sky130_fd_sc_hd__buf_4)
     2    0.02    0.04    0.17    6.05 v alu_adder_result_ex\\ALU_33_0_33_0_33_unused_CO_X_Y[0]_HAN_CARLSON/place2445/X (sky130_fd_sc_hd__buf_4)
                                         alu_adder_result_ex\\ALU_33_0_33_0_33_unused_CO_X_Y[0]_HAN_CARLSON/net2444 (net)
                  0.04    0.00    6.05 v alu_adder_result_ex\\ALU_33_0_33_0_33_unused_CO_X_Y[0]_HAN_CARLSON/_455_/A1 (sky130_fd_sc_hd__o31ai_2)
     1    0.01    0.31    0.34    6.39 ^ alu_adder_result_ex\\ALU_33_0_33_0_33_unused_CO_X_Y[0]_HAN_CARLSON/_455_/Y (sky130_fd_sc_hd__o31ai_2)
                                         alu_adder_result_ex\\ALU_33_0_33_0_33_unused_CO_X_Y[0]_HAN_CARLSON/_161_ (net)
                  0.31    0.00    6.39 ^ alu_adder_result_ex\\ALU_33_0_33_0_33_unused_CO_X_Y[0]_HAN_CARLSON/_460_/B (sky130_fd_sc_hd__xnor2_2)
     4    0.03    0.42    0.25    6.64 ^ alu_adder_result_ex\\ALU_33_0_33_0_33_unused_CO_X_Y[0]_HAN_CARLSON/_460_/Y (sky130_fd_sc_hd__xnor2_2)
                                         net185 (net)
                  0.42    0.00    6.64 ^ _17769_/A2 (sky130_fd_sc_hd__a22o_1)
     1    0.02    0.17    0.31    6.95 ^ _17769_/X (sky130_fd_sc_hd__a22o_1)
                                         _06305_ (net)
                  0.17    0.00    6.95 ^ _17772_/A2 (sky130_fd_sc_hd__a21oi_1)
     1    0.01    0.13    0.11    7.06 v _17772_/Y (sky130_fd_sc_hd__a21oi_1)
                                         _06308_ (net)
                  0.13    0.00    7.06 v place2300/A (sky130_fd_sc_hd__buf_4)
     2    0.05    0.08    0.22    7.29 v place2300/X (sky130_fd_sc_hd__buf_4)
                                         net2299 (net)
                  0.08    0.00    7.29 v _17773_/B1_N (sky130_fd_sc_hd__o21bai_1)
     2    0.01    0.12    0.20    7.49 v _17773_/Y (sky130_fd_sc_hd__o21bai_1)
                                         _06309_ (net)
                  0.12    0.00    7.49 v _17774_/A2 (sky130_fd_sc_hd__o21ai_0)
     2    0.01    0.26    0.26    7.75 ^ _17774_/Y (sky130_fd_sc_hd__o21ai_0)
                                         net253 (net)
                  0.26    0.00    7.75 ^ output254/A (sky130_fd_sc_hd__clkdlybuf4s50_1)
     1    0.00    0.05    0.53    8.28 ^ output254/X (sky130_fd_sc_hd__clkdlybuf4s50_1)
                                         instr_addr_o[29] (net)
                  0.05    0.00    8.28 ^ instr_addr_o[29] (out)
                                  8.28   data arrival time

                         10.00   10.00   clock core_clock (rise edge)
                          0.00   10.00   clock network delay (propagated)
                          0.00   10.00   clock reconvergence pessimism
                         -2.00    8.00   output external delay
                                  8.00   data required time
-----------------------------------------------------------------------------
                                  8.00   data required time
                                 -8.28   data arrival time
-----------------------------------------------------------------------------
                                 -0.28   slack (VIOLATED)



==========================================================================
global route report_checks -unconstrained
--------------------------------------------------------------------------
Startpoint: rst_ni (input port clocked by core_clock)
Endpoint: gen_regfile_ff.register_file_i.rf_reg[432]$_DFFE_PN0P_
          (recovery check against rising-edge clock core_clock)
Path Group: asynchronous
Path Type: max

Fanout     Cap    Slew   Delay    Time   Description
-----------------------------------------------------------------------------
                          0.00    0.00   clock core_clock (rise edge)
                          0.00    0.00   clock network delay (propagated)
                          2.00    2.00 ^ input external delay
     1    0.02    0.00    0.00    2.00 ^ rst_ni (in)
                                         rst_ni (net)
                  0.00    0.00    2.00 ^ input164/A (sky130_fd_sc_hd__buf_16)
    83    0.56    0.57    0.40    2.40 ^ input164/X (sky130_fd_sc_hd__buf_16)
                                         net163 (net)
                  0.57    0.02    2.42 ^ place3205/A (sky130_fd_sc_hd__buf_4)
    50    0.29    0.79    0.73    3.15 ^ place3205/X (sky130_fd_sc_hd__buf_4)
                                         net3204 (net)
                  0.79    0.01    3.16 ^ place3200/A (sky130_fd_sc_hd__buf_4)
    59    0.34    0.90    0.84    3.99 ^ place3200/X (sky130_fd_sc_hd__buf_4)
                                         net3199 (net)
                  0.91    0.04    4.03 ^ place3199/A (sky130_fd_sc_hd__buf_4)
    50    0.29    0.77    0.76    4.79 ^ place3199/X (sky130_fd_sc_hd__buf_4)
                                         net3198 (net)
                  0.77    0.02    4.81 ^ gen_regfile_ff.register_file_i.rf_reg[432]$_DFFE_PN0P_/RESET_B (sky130_fd_sc_hd__dfrtp_1)
                                  4.81   data arrival time

                         10.00   10.00   clock core_clock (rise edge)
                          0.00   10.00   clock source latency
     3    0.13    0.00    0.00   10.00 ^ clk_i (in)
                                         clk_i (net)
                  0.00    0.00   10.00 ^ delaybuf_0_core_clock/A (sky130_fd_sc_hd__clkbuf_16)
     1    0.03    0.05    0.12   10.12 ^ delaybuf_0_core_clock/X (sky130_fd_sc_hd__clkbuf_16)
                                         delaynet_0_core_clock (net)
                  0.05    0.00   10.12 ^ delaybuf_1_core_clock/A (sky130_fd_sc_hd__clkbuf_16)
     1    0.03    0.05    0.14   10.26 ^ delaybuf_1_core_clock/X (sky130_fd_sc_hd__clkbuf_16)
                                         delaynet_1_core_clock (net)
                  0.05    0.00   10.26 ^ clkbuf_regs_0_core_clock/A (sky130_fd_sc_hd__clkbuf_16)
     1    0.01    0.03    0.12   10.38 ^ clkbuf_regs_0_core_clock/X (sky130_fd_sc_hd__clkbuf_16)
                                         clk_i_regs (net)
                  0.03    0.00   10.38 ^ clkbuf_0_clk_i_regs/A (sky130_fd_sc_hd__clkbuf_16)
     8    0.21    0.22    0.26   10.64 ^ clkbuf_0_clk_i_regs/X (sky130_fd_sc_hd__clkbuf_16)
                                         clknet_0_clk_i_regs (net)
                  0.22    0.01   10.64 ^ clkbuf_3_5__f_clk_i_regs/A (sky130_fd_sc_hd__clkbuf_16)
    13    0.21    0.22    0.32   10.96 ^ clkbuf_3_5__f_clk_i_regs/X (sky130_fd_sc_hd__clkbuf_16)
                                         clknet_3_5__leaf_clk_i_regs (net)
                  0.22    0.00   10.97 ^ clkbuf_leaf_28_clk_i_regs/A (sky130_fd_sc_hd__clkbuf_16)
     4    0.03    0.06    0.20   11.17 ^ clkbuf_leaf_28_clk_i_regs/X (sky130_fd_sc_hd__clkbuf_16)
                                         clknet_leaf_28_clk_i_regs (net)
                  0.06    0.00   11.17 ^ gen_regfile_ff.register_file_i.rf_reg[432]$_DFFE_PN0P_/CLK (sky130_fd_sc_hd__dfrtp_1)
                          0.00   11.17   clock reconvergence pessimism
                          0.04   11.21   library recovery time
                                 11.21   data required time
-----------------------------------------------------------------------------
                                 11.21   data required time
                                 -4.81   data arrival time
-----------------------------------------------------------------------------
                                  6.40   slack (MET)


Startpoint: core_clock_gate_i.en_latch$_DLATCH_N_
            (negative level-sensitive latch clocked by core_clock)
Endpoint: _16765_ (rising clock gating-check end-point clocked by core_clock)
Path Group: gated clock
Path Type: max

Fanout     Cap    Slew   Delay    Time   Description
-----------------------------------------------------------------------------
                          5.00    5.00   clock core_clock (fall edge)
                          0.00    5.00   clock source latency
     3    0.12    0.00    0.00    5.00 v clk_i (in)
                                         clk_i (net)
                  0.00    0.00    5.00 v delaybuf_0_core_clock/A (sky130_fd_sc_hd__clkbuf_16)
     1    0.03    0.04    0.14    5.14 v delaybuf_0_core_clock/X (sky130_fd_sc_hd__clkbuf_16)
                                         delaynet_0_core_clock (net)
                  0.04    0.00    5.14 v delaybuf_1_core_clock/A (sky130_fd_sc_hd__clkbuf_16)
     1    0.03    0.04    0.15    5.29 v delaybuf_1_core_clock/X (sky130_fd_sc_hd__clkbuf_16)
                                         delaynet_1_core_clock (net)
                  0.04    0.00    5.29 v clkbuf_regs_0_core_clock/A (sky130_fd_sc_hd__clkbuf_16)
     1    0.01    0.03    0.14    5.43 v clkbuf_regs_0_core_clock/X (sky130_fd_sc_hd__clkbuf_16)
                                         clk_i_regs (net)
                  0.03    0.00    5.43 v clkbuf_0_clk_i_regs/A (sky130_fd_sc_hd__clkbuf_16)
     8    0.20    0.14    0.23    5.66 v clkbuf_0_clk_i_regs/X (sky130_fd_sc_hd__clkbuf_16)
                                         clknet_0_clk_i_regs (net)
                  0.14    0.01    5.66 v clkbuf_3_5__f_clk_i_regs/A (sky130_fd_sc_hd__clkbuf_16)
    13    0.20    0.13    0.28    5.94 v clkbuf_3_5__f_clk_i_regs/X (sky130_fd_sc_hd__clkbuf_16)
                                         clknet_3_5__leaf_clk_i_regs (net)
                  0.14    0.01    5.95 v core_clock_gate_i.en_latch$_DLATCH_N_/GATE_N (sky130_fd_sc_hd__dlxtn_1)
     1    0.06    0.55    0.79    6.74 ^ core_clock_gate_i.en_latch$_DLATCH_N_/Q (sky130_fd_sc_hd__dlxtn_1)
                                         core_clock_gate_i.en_latch (net)
                  0.55    0.00    6.74 ^ _16765_/B (sky130_fd_sc_hd__and2_0)
                                  6.74   data arrival time

                         10.00   10.00   clock core_clock (rise edge)
                          0.00   10.00   clock source latency
     3    0.13    0.00    0.00   10.00 ^ clk_i (in)
                                         clk_i (net)
                  0.01    0.00   10.00 ^ clkbuf_0_clk_i/A (sky130_fd_sc_hd__clkbuf_16)
     1    0.01    0.04    0.11   10.11 ^ clkbuf_0_clk_i/X (sky130_fd_sc_hd__clkbuf_16)
                                         clknet_0_clk_i (net)
                  0.04    0.00   10.11 ^ clkbuf_1_0__f_clk_i/A (sky130_fd_sc_hd__clkbuf_16)
     1    0.00    0.03    0.11   10.22 ^ clkbuf_1_0__f_clk_i/X (sky130_fd_sc_hd__clkbuf_16)
                                         clknet_1_0__leaf_clk_i (net)
                  0.03    0.00   10.22 ^ _16765_/A (sky130_fd_sc_hd__and2_0)
                          0.00   10.22   clock reconvergence pessimism
                          0.00   10.22   clock gating setup time
                                 10.22   data required time
-----------------------------------------------------------------------------
                                 10.22   data required time
                                 -6.74   data arrival time
-----------------------------------------------------------------------------
                                  3.47   slack (MET)


Startpoint: if_stage_i.instr_rdata_id_o[20]$_DFFE_PP_
            (rising edge-triggered flip-flop clocked by core_clock)
Endpoint: instr_addr_o[29] (output port clocked by core_clock)
Path Group: core_clock
Path Type: max

Fanout     Cap    Slew   Delay    Time   Description
-----------------------------------------------------------------------------
                          0.00    0.00   clock core_clock (rise edge)
                          0.00    0.00   clock source latency
     3    0.13    0.00    0.00    0.00 ^ clk_i (in)
                                         clk_i (net)
                  0.01    0.00    0.00 ^ clkbuf_0_clk_i/A (sky130_fd_sc_hd__clkbuf_16)
     1    0.01    0.04    0.11    0.11 ^ clkbuf_0_clk_i/X (sky130_fd_sc_hd__clkbuf_16)
                                         clknet_0_clk_i (net)
                  0.04    0.00    0.11 ^ clkbuf_1_0__f_clk_i/A (sky130_fd_sc_hd__clkbuf_16)
     1    0.00    0.03    0.11    0.22 ^ clkbuf_1_0__f_clk_i/X (sky130_fd_sc_hd__clkbuf_16)
                                         clknet_1_0__leaf_clk_i (net)
                  0.03    0.00    0.22 ^ _16765_/A (sky130_fd_sc_hd__and2_0)
     1    0.01    0.15    0.18    0.39 ^ _16765_/X (sky130_fd_sc_hd__and2_0)
                                         _05313_ (net)
                  0.15    0.00    0.39 ^ clkbuf_0__05313_/A (sky130_fd_sc_hd__clkbuf_16)
     8    0.20    0.21    0.29    0.68 ^ clkbuf_0__05313_/X (sky130_fd_sc_hd__clkbuf_16)
                                         clknet_0__05313_ (net)
                  0.21    0.01    0.69 ^ clkbuf_3_0_0__05313_/A (sky130_fd_sc_hd__clkbuf_16)
    13    0.18    0.19    0.29    0.98 ^ clkbuf_3_0_0__05313_/X (sky130_fd_sc_hd__clkbuf_16)
                                         clknet_3_0_0__05313_ (net)
                  0.19    0.01    0.99 ^ clkbuf_leaf_2__05313_/A (sky130_fd_sc_hd__clkbuf_16)
    12    0.07    0.09    0.21    1.21 ^ clkbuf_leaf_2__05313_/X (sky130_fd_sc_hd__clkbuf_16)
                                         clknet_leaf_2__05313_ (net)
                  0.09    0.00    1.21 ^ if_stage_i.instr_rdata_id_o[20]$_DFFE_PP_/CLK (sky130_fd_sc_hd__edfxtp_1)
     1    0.01    0.13    0.40    1.61 ^ if_stage_i.instr_rdata_id_o[20]$_DFFE_PP_/Q (sky130_fd_sc_hd__edfxtp_1)
                                         _01897_ (net)
                  0.13    0.00    1.61 ^ place3117/A (sky130_fd_sc_hd__buf_12)
    13    0.13    0.15    0.20    1.81 ^ place3117/X (sky130_fd_sc_hd__buf_12)
                                         net3116 (net)
                  0.16    0.01    1.83 ^ place3112/A (sky130_fd_sc_hd__buf_16)
    20    0.20    0.22    0.24    2.07 ^ place3112/X (sky130_fd_sc_hd__buf_16)
                                         net3111 (net)
                  0.22    0.01    2.08 ^ place3111/A (sky130_fd_sc_hd__buf_6)
    18    0.17    0.33    0.34    2.42 ^ place3111/X (sky130_fd_sc_hd__buf_6)
                                         net3110 (net)
                  0.33    0.01    2.43 ^ _13929_/S0 (sky130_fd_sc_hd__mux4_2)
     1    0.00    0.09    0.56    2.99 v _13929_/X (sky130_fd_sc_hd__mux4_2)
                                         _02477_ (net)
                  0.09    0.00    2.99 v _13930_/A1 (sky130_fd_sc_hd__mux2i_1)
     1    0.01    0.23    0.23    3.22 ^ _13930_/Y (sky130_fd_sc_hd__mux2i_1)
                                         _02478_ (net)
                  0.23    0.00    3.22 ^ _13936_/A2 (sky130_fd_sc_hd__o21ai_0)
     1    0.00    0.11    0.13    3.35 v _13936_/Y (sky130_fd_sc_hd__o21ai_0)
                                         _02484_ (net)
                  0.11    0.00    3.35 v _13945_/A3 (sky130_fd_sc_hd__o31a_1)
     1    0.01    0.06    0.28    3.63 v _13945_/X (sky130_fd_sc_hd__o31a_1)
                                         _02493_ (net)
                  0.06    0.00    3.63 v place2896/A (sky130_fd_sc_hd__buf_4)
     9    0.13    0.16    0.25    3.88 v place2896/X (sky130_fd_sc_hd__buf_4)
                                         net2895 (net)
                  0.16    0.01    3.90 v _13946_/B (sky130_fd_sc_hd__nor2_1)
     1    0.00    0.11    0.15    4.04 ^ _13946_/Y (sky130_fd_sc_hd__nor2_1)
                                         _02494_ (net)
                  0.11    0.00    4.04 ^ _13948_/B1 (sky130_fd_sc_hd__a21oi_1)
     4    0.02    0.22    0.11    4.15 v _13948_/Y (sky130_fd_sc_hd__a21oi_1)
                                         _02496_ (net)
                  0.22    0.00    4.16 v _13976_/A2 (sky130_fd_sc_hd__a22oi_1)
     1    0.00    0.17    0.26    4.41 ^ _13976_/Y (sky130_fd_sc_hd__a22oi_1)
                                         _02524_ (net)
                  0.17    0.00    4.41 ^ _13977_/B1 (sky130_fd_sc_hd__o21ai_1)
     2    0.02    0.20    0.22    4.63 v _13977_/Y (sky130_fd_sc_hd__o21ai_1)
                                         _02525_ (net)
                  0.20    0.00    4.63 v alu_adder_result_ex\\ALU_33_0_33_0_33_unused_CO_X_Y[0]_HAN_CARLSON/_330_/B (sky130_fd_sc_hd__xnor2_2)
     3    0.01    0.11    0.21    4.85 v alu_adder_result_ex\\ALU_33_0_33_0_33_unused_CO_X_Y[0]_HAN_CARLSON/_330_/Y (sky130_fd_sc_hd__xnor2_2)
                                         alu_adder_result_ex\\ALU_33_0_33_0_33_unused_CO_X_Y[0]_HAN_CARLSON/_048_ (net)
                  0.11    0.00    4.85 v alu_adder_result_ex\\ALU_33_0_33_0_33_unused_CO_X_Y[0]_HAN_CARLSON/_333_/A2 (sky130_fd_sc_hd__o21ai_0)
     2    0.02    0.68    0.57    5.41 ^ alu_adder_result_ex\\ALU_33_0_33_0_33_unused_CO_X_Y[0]_HAN_CARLSON/_333_/Y (sky130_fd_sc_hd__o21ai_0)
                                         alu_adder_result_ex\\ALU_33_0_33_0_33_unused_CO_X_Y[0]_HAN_CARLSON/_050_ (net)
                  0.68    0.00    5.41 ^ alu_adder_result_ex\\ALU_33_0_33_0_33_unused_CO_X_Y[0]_HAN_CARLSON/_357_/A1 (sky130_fd_sc_hd__a21oi_1)
     2    0.01    0.20    0.23    5.65 v alu_adder_result_ex\\ALU_33_0_33_0_33_unused_CO_X_Y[0]_HAN_CARLSON/_357_/Y (sky130_fd_sc_hd__a21oi_1)
                                         alu_adder_result_ex\\ALU_33_0_33_0_33_unused_CO_X_Y[0]_HAN_CARLSON/_072_ (net)
                  0.20    0.00    5.65 v alu_adder_result_ex\\ALU_33_0_33_0_33_unused_CO_X_Y[0]_HAN_CARLSON/_359_/B1 (sky130_fd_sc_hd__o21ai_0)
     1    0.01    0.20    0.16    5.81 ^ alu_adder_result_ex\\ALU_33_0_33_0_33_unused_CO_X_Y[0]_HAN_CARLSON/_359_/Y (sky130_fd_sc_hd__o21ai_0)
                                         alu_adder_result_ex\\ALU_33_0_33_0_33_unused_CO_X_Y[0]_HAN_CARLSON/_074_ (net)
                  0.20    0.00    5.81 ^ alu_adder_result_ex\\ALU_33_0_33_0_33_unused_CO_X_Y[0]_HAN_CARLSON/_361_/B1 (sky130_fd_sc_hd__a21oi_1)
     1    0.00    0.09    0.07    5.88 v alu_adder_result_ex\\ALU_33_0_33_0_33_unused_CO_X_Y[0]_HAN_CARLSON/_361_/Y (sky130_fd_sc_hd__a21oi_1)
                                         alu_adder_result_ex\\ALU_33_0_33_0_33_unused_CO_X_Y[0]_HAN_CARLSON/_076_ (net)
                  0.09    0.00    5.88 v alu_adder_result_ex\\ALU_33_0_33_0_33_unused_CO_X_Y[0]_HAN_CARLSON/place2445/A (sky130_fd_sc_hd__buf_4)
     2    0.02    0.04    0.17    6.05 v alu_adder_result_ex\\ALU_33_0_33_0_33_unused_CO_X_Y[0]_HAN_CARLSON/place2445/X (sky130_fd_sc_hd__buf_4)
                                         alu_adder_result_ex\\ALU_33_0_33_0_33_unused_CO_X_Y[0]_HAN_CARLSON/net2444 (net)
                  0.04    0.00    6.05 v alu_adder_result_ex\\ALU_33_0_33_0_33_unused_CO_X_Y[0]_HAN_CARLSON/_455_/A1 (sky130_fd_sc_hd__o31ai_2)
     1    0.01    0.31    0.34    6.39 ^ alu_adder_result_ex\\ALU_33_0_33_0_33_unused_CO_X_Y[0]_HAN_CARLSON/_455_/Y (sky130_fd_sc_hd__o31ai_2)
                                         alu_adder_result_ex\\ALU_33_0_33_0_33_unused_CO_X_Y[0]_HAN_CARLSON/_161_ (net)
                  0.31    0.00    6.39 ^ alu_adder_result_ex\\ALU_33_0_33_0_33_unused_CO_X_Y[0]_HAN_CARLSON/_460_/B (sky130_fd_sc_hd__xnor2_2)
     4    0.03    0.42    0.25    6.64 ^ alu_adder_result_ex\\ALU_33_0_33_0_33_unused_CO_X_Y[0]_HAN_CARLSON/_460_/Y (sky130_fd_sc_hd__xnor2_2)
                                         net185 (net)
                  0.42    0.00    6.64 ^ _17769_/A2 (sky130_fd_sc_hd__a22o_1)
     1    0.02    0.17    0.31    6.95 ^ _17769_/X (sky130_fd_sc_hd__a22o_1)
                                         _06305_ (net)
                  0.17    0.00    6.95 ^ _17772_/A2 (sky130_fd_sc_hd__a21oi_1)
     1    0.01    0.13    0.11    7.06 v _17772_/Y (sky130_fd_sc_hd__a21oi_1)
                                         _06308_ (net)
                  0.13    0.00    7.06 v place2300/A (sky130_fd_sc_hd__buf_4)
     2    0.05    0.08    0.22    7.29 v place2300/X (sky130_fd_sc_hd__buf_4)
                                         net2299 (net)
                  0.08    0.00    7.29 v _17773_/B1_N (sky130_fd_sc_hd__o21bai_1)
     2    0.01    0.12    0.20    7.49 v _17773_/Y (sky130_fd_sc_hd__o21bai_1)
                                         _06309_ (net)
                  0.12    0.00    7.49 v _17774_/A2 (sky130_fd_sc_hd__o21ai_0)
     2    0.01    0.26    0.26    7.75 ^ _17774_/Y (sky130_fd_sc_hd__o21ai_0)
                                         net253 (net)
                  0.26    0.00    7.75 ^ output254/A (sky130_fd_sc_hd__clkdlybuf4s50_1)
     1    0.00    0.05    0.53    8.28 ^ output254/X (sky130_fd_sc_hd__clkdlybuf4s50_1)
                                         instr_addr_o[29] (net)
                  0.05    0.00    8.28 ^ instr_addr_o[29] (out)
                                  8.28   data arrival time

                         10.00   10.00   clock core_clock (rise edge)
                          0.00   10.00   clock network delay (propagated)
                          0.00   10.00   clock reconvergence pessimism
                         -2.00    8.00   output external delay
                                  8.00   data required time
-----------------------------------------------------------------------------
                                  8.00   data required time
                                 -8.28   data arrival time
-----------------------------------------------------------------------------
                                 -0.28   slack (VIOLATED)



==========================================================================
global route report_check_types -max_slew -max_cap -max_fanout -violators
--------------------------------------------------------------------------

==========================================================================
global route max_slew_check_slack
--------------------------------------------------------------------------
0.28999680280685425

==========================================================================
global route max_slew_check_limit
--------------------------------------------------------------------------
1.4804940223693848

==========================================================================
global route max_slew_check_slack_limit
--------------------------------------------------------------------------
0.1959

==========================================================================
global route max_fanout_check_slack
--------------------------------------------------------------------------
1.0000000150474662e+30

==========================================================================
global route max_fanout_check_limit
--------------------------------------------------------------------------
1.0000000150474662e+30

==========================================================================
global route max_capacitance_check_slack
--------------------------------------------------------------------------
0.012895073741674423

==========================================================================
global route max_capacitance_check_limit
--------------------------------------------------------------------------
0.06592799723148346

==========================================================================
global route max_capacitance_check_slack_limit
--------------------------------------------------------------------------
0.1956

==========================================================================
global route max_slew_violation_count
--------------------------------------------------------------------------
max slew violation count 0

==========================================================================
global route max_fanout_violation_count
--------------------------------------------------------------------------
max fanout violation count 0

==========================================================================
global route max_cap_violation_count
--------------------------------------------------------------------------
max cap violation count 0

==========================================================================
global route setup_violation_count
--------------------------------------------------------------------------
setup violation count 16

==========================================================================
global route hold_violation_count
--------------------------------------------------------------------------
hold violation count 0

==========================================================================
global route report_checks -path_delay max reg to reg
--------------------------------------------------------------------------
Startpoint: if_stage_i.instr_rdata_id_o[15]$_DFFE_PP_
            (rising edge-triggered flip-flop clocked by core_clock)
Endpoint: gen_regfile_ff.register_file_i.rf_reg[94]$_DFFE_PN0P_
          (rising edge-triggered flip-flop clocked by core_clock)
Path Group: core_clock
Path Type: max

  Delay    Time   Description
---------------------------------------------------------
   0.00    0.00   clock core_clock (rise edge)
   0.00    0.00   clock source latency
   0.00    0.00 ^ clk_i (in)
   0.11    0.11 ^ clkbuf_0_clk_i/X (sky130_fd_sc_hd__clkbuf_16)
   0.11    0.22 ^ clkbuf_1_0__f_clk_i/X (sky130_fd_sc_hd__clkbuf_16)
   0.18    0.39 ^ _16765_/X (sky130_fd_sc_hd__and2_0)
   0.29    0.68 ^ clkbuf_0__05313_/X (sky130_fd_sc_hd__clkbuf_16)
   0.30    0.98 ^ clkbuf_3_1_0__05313_/X (sky130_fd_sc_hd__clkbuf_16)
   0.20    1.18 ^ clkbuf_leaf_1__05313_/X (sky130_fd_sc_hd__clkbuf_16)
   0.00    1.18 ^ if_stage_i.instr_rdata_id_o[15]$_DFFE_PP_/CLK (sky130_fd_sc_hd__edfxtp_1)
   0.42    1.60 ^ if_stage_i.instr_rdata_id_o[15]$_DFFE_PP_/Q (sky130_fd_sc_hd__edfxtp_1)
   0.17    1.77 ^ place3146/X (sky130_fd_sc_hd__buf_12)
   0.17    1.94 ^ rebuffer3349/X (sky130_fd_sc_hd__buf_12)
   0.43    2.37 ^ clone3267/X (sky130_fd_sc_hd__bufbuf_16)
   0.55    2.92 v _13634_/X (sky130_fd_sc_hd__mux4_2)
   0.16    3.09 ^ _13635_/Y (sky130_fd_sc_hd__a22oi_1)
   0.17    3.26 v _13636_/Y (sky130_fd_sc_hd__o21ai_0)
   0.15    3.41 ^ _13637_/Y (sky130_fd_sc_hd__nor3_2)
   0.23    3.64 ^ place2913/X (sky130_fd_sc_hd__buf_4)
   0.35    3.99 ^ place2912/X (sky130_fd_sc_hd__buf_4)
   0.13    4.13 v _15245_/Y (sky130_fd_sc_hd__o22ai_1)
   0.19    4.32 v place2763/X (sky130_fd_sc_hd__buf_4)
   0.28    4.59 ^ _16355_/Y (sky130_fd_sc_hd__nor2_1)
   0.53    5.12 v _16358_/X (sky130_fd_sc_hd__xnor3_1)
   0.39    5.51 v _16424_/X (sky130_fd_sc_hd__maj3_1)
   0.19    5.71 v _16425_/X (sky130_fd_sc_hd__and3_1)
   0.57    6.28 ^ _16428_/Y (sky130_fd_sc_hd__a2111oi_1)
   0.22    6.50 ^ place2590/X (sky130_fd_sc_hd__buf_4)
   0.47    6.98 v _16449_/X (sky130_fd_sc_hd__xnor3_1)
   0.21    7.19 ^ _16451_/Y (sky130_fd_sc_hd__xnor2_1)
   0.15    7.35 ^ _16457_/Y (sky130_fd_sc_hd__xnor2_1)
   0.17    7.51 ^ place2482/X (sky130_fd_sc_hd__buf_4)
   0.05    7.56 v _16743_/Y (sky130_fd_sc_hd__nor2b_1)
   0.49    8.05 ^ _16748_/Y (sky130_fd_sc_hd__o311ai_1)
   0.21    8.26 ^ _13463_/place2425/X (sky130_fd_sc_hd__buf_4)
   0.22    8.48 ^ _13463_/_403_/X (sky130_fd_sc_hd__xor2_1)
   0.22    8.70 ^ _13463_/_407_/Y (sky130_fd_sc_hd__xnor2_1)
   0.20    8.90 v _13463_/_410_/Y (sky130_fd_sc_hd__o21ai_0)
   0.21    9.11 ^ _13463_/_411_/Y (sky130_fd_sc_hd__a21oi_1)
   0.12    9.23 v _13463_/_413_/Y (sky130_fd_sc_hd__o21ai_0)
   0.17    9.39 v _13463_/_415_/X (sky130_fd_sc_hd__a21o_1)
   0.22    9.61 v _13463_/_504_/Y (sky130_fd_sc_hd__xnor2_1)
   0.54   10.15 ^ _19727_/Y (sky130_fd_sc_hd__a2111oi_2)
   0.20   10.35 ^ place2112/X (sky130_fd_sc_hd__buf_4)
   0.12   10.47 ^ _19728_/X (sky130_fd_sc_hd__a21o_1)
   0.21   10.68 ^ place2091/X (sky130_fd_sc_hd__buf_12)
   0.17   10.85 v _20494_/Y (sky130_fd_sc_hd__o21ai_0)
   0.00   10.85 v gen_regfile_ff.register_file_i.rf_reg[94]$_DFFE_PN0P_/D (sky130_fd_sc_hd__dfrtp_1)
          10.85   data arrival time

  10.00   10.00   clock core_clock (rise edge)
   0.00   10.00   clock source latency
   0.00   10.00 ^ clk_i (in)
   0.12   10.12 ^ delaybuf_0_core_clock/X (sky130_fd_sc_hd__clkbuf_16)
   0.14   10.26 ^ delaybuf_1_core_clock/X (sky130_fd_sc_hd__clkbuf_16)
   0.12   10.38 ^ clkbuf_regs_0_core_clock/X (sky130_fd_sc_hd__clkbuf_16)
   0.26   10.64 ^ clkbuf_0_clk_i_regs/X (sky130_fd_sc_hd__clkbuf_16)
   0.28   10.92 ^ clkbuf_3_0__f_clk_i_regs/X (sky130_fd_sc_hd__clkbuf_16)
   0.19   11.11 ^ clkbuf_leaf_65_clk_i_regs/X (sky130_fd_sc_hd__clkbuf_16)
   0.00   11.11 ^ gen_regfile_ff.register_file_i.rf_reg[94]$_DFFE_PN0P_/CLK (sky130_fd_sc_hd__dfrtp_1)
   0.00   11.11   clock reconvergence pessimism
  -0.14   10.96   library setup time
          10.96   data required time
---------------------------------------------------------
          10.96   data required time
         -10.85   data arrival time
---------------------------------------------------------
           0.11   slack (MET)



==========================================================================
global route report_checks -path_delay min reg to reg
--------------------------------------------------------------------------
Startpoint: id_stage_i.controller_i.ctrl_fsm_cs[0]$_DFF_PN1_
            (rising edge-triggered flip-flop clocked by core_clock)
Endpoint: id_stage_i.controller_i.ctrl_fsm_cs[5]$_DFF_PN0_
          (rising edge-triggered flip-flop clocked by core_clock)
Path Group: core_clock
Path Type: min

  Delay    Time   Description
---------------------------------------------------------
   0.00    0.00   clock core_clock (rise edge)
   0.00    0.00   clock source latency
   0.00    0.00 ^ clk_i (in)
   0.11    0.11 ^ clkbuf_0_clk_i/X (sky130_fd_sc_hd__clkbuf_16)
   0.11    0.22 ^ clkbuf_1_0__f_clk_i/X (sky130_fd_sc_hd__clkbuf_16)
   0.18    0.39 ^ _16765_/X (sky130_fd_sc_hd__and2_0)
   0.29    0.68 ^ clkbuf_0__05313_/X (sky130_fd_sc_hd__clkbuf_16)
   0.30    0.98 ^ clkbuf_3_0_0__05313_/X (sky130_fd_sc_hd__clkbuf_16)
   0.22    1.20 ^ clkbuf_leaf_15__05313_/X (sky130_fd_sc_hd__clkbuf_16)
   0.00    1.21 ^ id_stage_i.controller_i.ctrl_fsm_cs[0]$_DFF_PN1_/CLK (sky130_fd_sc_hd__dfstp_2)
   0.39    1.60 v id_stage_i.controller_i.ctrl_fsm_cs[0]$_DFF_PN1_/Q (sky130_fd_sc_hd__dfstp_2)
   0.00    1.60 v id_stage_i.controller_i.ctrl_fsm_cs[5]$_DFF_PN0_/D (sky130_fd_sc_hd__dfrtp_1)
           1.60   data arrival time

   0.00    0.00   clock core_clock (rise edge)
   0.00    0.00   clock source latency
   0.00    0.00 ^ clk_i (in)
   0.11    0.11 ^ clkbuf_0_clk_i/X (sky130_fd_sc_hd__clkbuf_16)
   0.11    0.22 ^ clkbuf_1_0__f_clk_i/X (sky130_fd_sc_hd__clkbuf_16)
   0.18    0.39 ^ _16765_/X (sky130_fd_sc_hd__and2_0)
   0.29    0.68 ^ clkbuf_0__05313_/X (sky130_fd_sc_hd__clkbuf_16)
   0.30    0.98 ^ clkbuf_3_0_0__05313_/X (sky130_fd_sc_hd__clkbuf_16)
   0.22    1.20 ^ clkbuf_leaf_14__05313_/X (sky130_fd_sc_hd__clkbuf_16)
   0.00    1.21 ^ id_stage_i.controller_i.ctrl_fsm_cs[5]$_DFF_PN0_/CLK (sky130_fd_sc_hd__dfrtp_1)
   0.00    1.20   clock reconvergence pessimism
  -0.04    1.17   library hold time
           1.17   data required time
---------------------------------------------------------
           1.17   data required time
          -1.60   data arrival time
---------------------------------------------------------
           0.43   slack (MET)



==========================================================================
global route critical path target clock latency max path
--------------------------------------------------------------------------
1.1657

==========================================================================
global route critical path target clock latency min path
--------------------------------------------------------------------------
1.2138

==========================================================================
global route critical path source clock latency min path
--------------------------------------------------------------------------
0.0000

==========================================================================
global route critical path delay
--------------------------------------------------------------------------
8.2830

==========================================================================
global route critical path slack
--------------------------------------------------------------------------
-0.2830

==========================================================================
global route slack div critical path delay
--------------------------------------------------------------------------
-3.416636

==========================================================================
global route report_power
--------------------------------------------------------------------------
Group                  Internal  Switching    Leakage      Total
                          Power      Power      Power      Power (Watts)
----------------------------------------------------------------
Sequential             1.05e-02   2.28e-03   2.52e-08   1.28e-02  18.5%
Combinational          1.58e-02   3.18e-02   3.46e-08   4.76e-02  68.6%
Clock                  4.72e-03   4.26e-03   3.62e-09   8.98e-03  12.9%
Macro                  0.00e+00   0.00e+00   0.00e+00   0.00e+00   0.0%
Pad                    0.00e+00   0.00e+00   0.00e+00   0.00e+00   0.0%
----------------------------------------------------------------
Total                  3.10e-02   3.84e-02   6.34e-08   6.94e-02 100.0%
                          44.7%      55.3%       0.0%
