
==========================================================================
finish report_tns
--------------------------------------------------------------------------
tns max -0.17

==========================================================================
finish report_wns
--------------------------------------------------------------------------
wns max -0.17

==========================================================================
finish report_worst_slack
--------------------------------------------------------------------------
worst slack max -0.17

==========================================================================
finish report_clock_min_period
--------------------------------------------------------------------------
core_clock period_min = 10.17 fmax = 98.33

==========================================================================
finish report_clock_skew
--------------------------------------------------------------------------
Clock core_clock
   0.95 source latency gen_regfile_ff.register_file_i.rf_reg[445]$_DFFE_PN0P_/CLK ^
  -1.21 target latency gen_regfile_ff.register_file_i.rf_reg[453]$_DFFE_PN0P_/CLK ^
   0.00 CRPR
--------------
  -0.25 setup skew


==========================================================================
finish report_checks -path_delay min
--------------------------------------------------------------------------
Startpoint: rst_ni (input port clocked by core_clock)
Endpoint: gen_regfile_ff.register_file_i.rf_reg[786]$_DFFE_PN0P_
          (removal check against rising-edge clock core_clock)
Path Group: asynchronous
Path Type: min

Fanout     Cap    Slew   Delay    Time   Description
-----------------------------------------------------------------------------
                          0.00    0.00   clock core_clock (rise edge)
                          0.00    0.00   clock network delay (propagated)
                          2.00    2.00 ^ input external delay
     1    0.02    0.00    0.00    2.00 ^ rst_ni (in)
                                         rst_ni (net)
                  0.00    0.00    2.00 ^ input164/A (sky130_fd_sc_hd__buf_16)
    83    0.49    0.49    0.32    2.32 ^ input164/X (sky130_fd_sc_hd__buf_16)
                                         net163 (net)
                  0.49    0.02    2.35 ^ gen_regfile_ff.register_file_i.rf_reg[786]$_DFFE_PN0P_/RESET_B (sky130_fd_sc_hd__dfrtp_1)
                                  2.35   data arrival time

                          0.00    0.00   clock core_clock (rise edge)
                          0.00    0.00   clock source latency
     3    0.12    0.00    0.00    0.00 ^ clk_i (in)
                                         clk_i (net)
                  0.01    0.00    0.00 ^ delaybuf_0_core_clock/A (sky130_fd_sc_hd__clkbuf_16)
     1    0.03    0.05    0.12    0.12 ^ delaybuf_0_core_clock/X (sky130_fd_sc_hd__clkbuf_16)
                                         delaynet_0_core_clock (net)
                  0.05    0.00    0.12 ^ delaybuf_1_core_clock/A (sky130_fd_sc_hd__clkbuf_16)
     1    0.03    0.05    0.14    0.26 ^ delaybuf_1_core_clock/X (sky130_fd_sc_hd__clkbuf_16)
                                         delaynet_1_core_clock (net)
                  0.05    0.00    0.26 ^ clkbuf_regs_0_core_clock/A (sky130_fd_sc_hd__clkbuf_16)
     1    0.01    0.03    0.12    0.38 ^ clkbuf_regs_0_core_clock/X (sky130_fd_sc_hd__clkbuf_16)
                                         clk_i_regs (net)
                  0.03    0.00    0.38 ^ clkbuf_0_clk_i_regs/A (sky130_fd_sc_hd__clkbuf_16)
     8    0.21    0.22    0.26    0.63 ^ clkbuf_0_clk_i_regs/X (sky130_fd_sc_hd__clkbuf_16)
                                         clknet_0_clk_i_regs (net)
                  0.22    0.01    0.64 ^ clkbuf_3_6__f_clk_i_regs/A (sky130_fd_sc_hd__clkbuf_16)
    17    0.24    0.25    0.34    0.98 ^ clkbuf_3_6__f_clk_i_regs/X (sky130_fd_sc_hd__clkbuf_16)
                                         clknet_3_6__leaf_clk_i_regs (net)
                  0.25    0.01    0.98 ^ clkbuf_leaf_1_clk_i_regs/A (sky130_fd_sc_hd__clkbuf_16)
    14    0.05    0.07    0.21    1.20 ^ clkbuf_leaf_1_clk_i_regs/X (sky130_fd_sc_hd__clkbuf_16)
                                         clknet_leaf_1_clk_i_regs (net)
                  0.07    0.00    1.20 ^ gen_regfile_ff.register_file_i.rf_reg[786]$_DFFE_PN0P_/CLK (sky130_fd_sc_hd__dfrtp_1)
                          0.00    1.20   clock reconvergence pessimism
                          0.45    1.65   library removal time
                                  1.65   data required time
-----------------------------------------------------------------------------
                                  1.65   data required time
                                 -2.35   data arrival time
-----------------------------------------------------------------------------
                                  0.69   slack (MET)


Startpoint: core_clock_gate_i.en_latch$_DLATCH_N_
            (negative level-sensitive latch clocked by core_clock)
Endpoint: _16765_ (rising clock gating-check end-point clocked by core_clock)
Path Group: gated clock
Path Type: min

Fanout     Cap    Slew   Delay    Time   Description
-----------------------------------------------------------------------------
                          5.00    5.00   clock core_clock (fall edge)
                          0.00    5.00   clock source latency
     3    0.12    0.00    0.00    5.00 v clk_i (in)
                                         clk_i (net)
                  0.01    0.00    5.00 v delaybuf_0_core_clock/A (sky130_fd_sc_hd__clkbuf_16)
     1    0.03    0.04    0.14    5.14 v delaybuf_0_core_clock/X (sky130_fd_sc_hd__clkbuf_16)
                                         delaynet_0_core_clock (net)
                  0.04    0.00    5.14 v delaybuf_1_core_clock/A (sky130_fd_sc_hd__clkbuf_16)
     1    0.03    0.04    0.15    5.29 v delaybuf_1_core_clock/X (sky130_fd_sc_hd__clkbuf_16)
                                         delaynet_1_core_clock (net)
                  0.04    0.00    5.29 v clkbuf_regs_0_core_clock/A (sky130_fd_sc_hd__clkbuf_16)
     1    0.01    0.03    0.14    5.43 v clkbuf_regs_0_core_clock/X (sky130_fd_sc_hd__clkbuf_16)
                                         clk_i_regs (net)
                  0.03    0.00    5.43 v clkbuf_0_clk_i_regs/A (sky130_fd_sc_hd__clkbuf_16)
     8    0.21    0.14    0.23    5.66 v clkbuf_0_clk_i_regs/X (sky130_fd_sc_hd__clkbuf_16)
                                         clknet_0_clk_i_regs (net)
                  0.14    0.01    5.66 v clkbuf_3_5__f_clk_i_regs/A (sky130_fd_sc_hd__clkbuf_16)
    13    0.19    0.13    0.27    5.94 v clkbuf_3_5__f_clk_i_regs/X (sky130_fd_sc_hd__clkbuf_16)
                                         clknet_3_5__leaf_clk_i_regs (net)
                  0.13    0.01    5.95 v core_clock_gate_i.en_latch$_DLATCH_N_/GATE_N (sky130_fd_sc_hd__dlxtn_1)
     1    0.06    0.27    0.48    6.42 v core_clock_gate_i.en_latch$_DLATCH_N_/Q (sky130_fd_sc_hd__dlxtn_1)
                                         core_clock_gate_i.en_latch (net)
                  0.27    0.01    6.43 v _16765_/B (sky130_fd_sc_hd__and2_0)
                                  6.43   data arrival time

                          5.00    5.00   clock core_clock (fall edge)
                          0.00    5.00   clock source latency
     3    0.12    0.00    0.00    5.00 v clk_i (in)
                                         clk_i (net)
                  0.01    0.01    5.01 v clkbuf_0_clk_i/A (sky130_fd_sc_hd__clkbuf_16)
     1    0.01    0.03    0.12    5.13 v clkbuf_0_clk_i/X (sky130_fd_sc_hd__clkbuf_16)
                                         clknet_0_clk_i (net)
                  0.03    0.00    5.13 v clkbuf_1_0__f_clk_i/A (sky130_fd_sc_hd__clkbuf_16)
     1    0.00    0.03    0.13    5.26 v clkbuf_1_0__f_clk_i/X (sky130_fd_sc_hd__clkbuf_16)
                                         clknet_1_0__leaf_clk_i (net)
                  0.03    0.00    5.26 v _16765_/A (sky130_fd_sc_hd__and2_0)
                          0.00    5.26   clock reconvergence pessimism
                          0.00    5.26   clock gating hold time
                                  5.26   data required time
-----------------------------------------------------------------------------
                                  5.26   data required time
                                 -6.43   data arrival time
-----------------------------------------------------------------------------
                                  1.18   slack (MET)


Startpoint: id_stage_i.controller_i.ctrl_fsm_cs[0]$_DFF_PN1_
            (rising edge-triggered flip-flop clocked by core_clock)
Endpoint: id_stage_i.controller_i.ctrl_fsm_cs[5]$_DFF_PN0_
          (rising edge-triggered flip-flop clocked by core_clock)
Path Group: core_clock
Path Type: min

Fanout     Cap    Slew   Delay    Time   Description
-----------------------------------------------------------------------------
                          0.00    0.00   clock core_clock (rise edge)
                          0.00    0.00   clock source latency
     3    0.12    0.00    0.00    0.00 ^ clk_i (in)
                                         clk_i (net)
                  0.01    0.01    0.01 ^ clkbuf_0_clk_i/A (sky130_fd_sc_hd__clkbuf_16)
     1    0.01    0.03    0.10    0.11 ^ clkbuf_0_clk_i/X (sky130_fd_sc_hd__clkbuf_16)
                                         clknet_0_clk_i (net)
                  0.03    0.00    0.11 ^ clkbuf_1_0__f_clk_i/A (sky130_fd_sc_hd__clkbuf_16)
     1    0.00    0.03    0.10    0.22 ^ clkbuf_1_0__f_clk_i/X (sky130_fd_sc_hd__clkbuf_16)
                                         clknet_1_0__leaf_clk_i (net)
                  0.03    0.00    0.22 ^ _16765_/A (sky130_fd_sc_hd__and2_0)
     1    0.01    0.14    0.17    0.38 ^ _16765_/X (sky130_fd_sc_hd__and2_0)
                                         _05313_ (net)
                  0.14    0.00    0.38 ^ clkbuf_0__05313_/A (sky130_fd_sc_hd__clkbuf_16)
     8    0.19    0.20    0.28    0.66 ^ clkbuf_0__05313_/X (sky130_fd_sc_hd__clkbuf_16)
                                         clknet_0__05313_ (net)
                  0.20    0.01    0.67 ^ clkbuf_3_0_0__05313_/A (sky130_fd_sc_hd__clkbuf_16)
    13    0.17    0.18    0.28    0.95 ^ clkbuf_3_0_0__05313_/X (sky130_fd_sc_hd__clkbuf_16)
                                         clknet_3_0_0__05313_ (net)
                  0.18    0.01    0.96 ^ clkbuf_leaf_15__05313_/A (sky130_fd_sc_hd__clkbuf_16)
    18    0.06    0.08    0.20    1.16 ^ clkbuf_leaf_15__05313_/X (sky130_fd_sc_hd__clkbuf_16)
                                         clknet_leaf_15__05313_ (net)
                  0.08    0.00    1.16 ^ id_stage_i.controller_i.ctrl_fsm_cs[0]$_DFF_PN1_/CLK (sky130_fd_sc_hd__dfstp_2)
     3    0.01    0.04    0.39    1.54 v id_stage_i.controller_i.ctrl_fsm_cs[0]$_DFF_PN1_/Q (sky130_fd_sc_hd__dfstp_2)
                                         _01598_ (net)
                  0.04    0.00    1.54 v id_stage_i.controller_i.ctrl_fsm_cs[5]$_DFF_PN0_/D (sky130_fd_sc_hd__dfrtp_1)
                                  1.54   data arrival time

                          0.00    0.00   clock core_clock (rise edge)
                          0.00    0.00   clock source latency
     3    0.12    0.00    0.00    0.00 ^ clk_i (in)
                                         clk_i (net)
                  0.01    0.01    0.01 ^ clkbuf_0_clk_i/A (sky130_fd_sc_hd__clkbuf_16)
     1    0.01    0.03    0.10    0.11 ^ clkbuf_0_clk_i/X (sky130_fd_sc_hd__clkbuf_16)
                                         clknet_0_clk_i (net)
                  0.03    0.00    0.11 ^ clkbuf_1_0__f_clk_i/A (sky130_fd_sc_hd__clkbuf_16)
     1    0.00    0.03    0.10    0.22 ^ clkbuf_1_0__f_clk_i/X (sky130_fd_sc_hd__clkbuf_16)
                                         clknet_1_0__leaf_clk_i (net)
                  0.03    0.00    0.22 ^ _16765_/A (sky130_fd_sc_hd__and2_0)
     1    0.01    0.14    0.17    0.38 ^ _16765_/X (sky130_fd_sc_hd__and2_0)
                                         _05313_ (net)
                  0.14    0.00    0.38 ^ clkbuf_0__05313_/A (sky130_fd_sc_hd__clkbuf_16)
     8    0.19    0.20    0.28    0.66 ^ clkbuf_0__05313_/X (sky130_fd_sc_hd__clkbuf_16)
                                         clknet_0__05313_ (net)
                  0.20    0.01    0.67 ^ clkbuf_3_0_0__05313_/A (sky130_fd_sc_hd__clkbuf_16)
    13    0.17    0.18    0.28    0.95 ^ clkbuf_3_0_0__05313_/X (sky130_fd_sc_hd__clkbuf_16)
                                         clknet_3_0_0__05313_ (net)
                  0.18    0.01    0.96 ^ clkbuf_leaf_14__05313_/A (sky130_fd_sc_hd__clkbuf_16)
    14    0.06    0.08    0.20    1.16 ^ clkbuf_leaf_14__05313_/X (sky130_fd_sc_hd__clkbuf_16)
                                         clknet_leaf_14__05313_ (net)
                  0.08    0.00    1.16 ^ id_stage_i.controller_i.ctrl_fsm_cs[5]$_DFF_PN0_/CLK (sky130_fd_sc_hd__dfrtp_1)
                          0.00    1.16   clock reconvergence pessimism
                         -0.04    1.13   library hold time
                                  1.13   data required time
-----------------------------------------------------------------------------
                                  1.13   data required time
                                 -1.54   data arrival time
-----------------------------------------------------------------------------
                                  0.42   slack (MET)



==========================================================================
finish report_checks -path_delay max
--------------------------------------------------------------------------
Startpoint: rst_ni (input port clocked by core_clock)
Endpoint: gen_regfile_ff.register_file_i.rf_reg[432]$_DFFE_PN0P_
          (recovery check against rising-edge clock core_clock)
Path Group: asynchronous
Path Type: max

Fanout     Cap    Slew   Delay    Time   Description
-----------------------------------------------------------------------------
                          0.00    0.00   clock core_clock (rise edge)
                          0.00    0.00   clock network delay (propagated)
                          2.00    2.00 ^ input external delay
     1    0.02    0.00    0.00    2.00 ^ rst_ni (in)
                                         rst_ni (net)
                  0.00    0.00    2.00 ^ input164/A (sky130_fd_sc_hd__buf_16)
    83    0.49    0.49    0.32    2.32 ^ input164/X (sky130_fd_sc_hd__buf_16)
                                         net163 (net)
                  0.49    0.02    2.34 ^ place3205/A (sky130_fd_sc_hd__buf_4)
    50    0.26    0.69    0.64    2.99 ^ place3205/X (sky130_fd_sc_hd__buf_4)
                                         net3204 (net)
                  0.69    0.01    2.99 ^ place3200/A (sky130_fd_sc_hd__buf_4)
    59    0.27    0.72    0.70    3.69 ^ place3200/X (sky130_fd_sc_hd__buf_4)
                                         net3199 (net)
                  0.72    0.05    3.74 ^ place3199/A (sky130_fd_sc_hd__buf_4)
    50    0.23    0.63    0.65    4.38 ^ place3199/X (sky130_fd_sc_hd__buf_4)
                                         net3198 (net)
                  0.64    0.03    4.41 ^ gen_regfile_ff.register_file_i.rf_reg[432]$_DFFE_PN0P_/RESET_B (sky130_fd_sc_hd__dfrtp_1)
                                  4.41   data arrival time

                         10.00   10.00   clock core_clock (rise edge)
                          0.00   10.00   clock source latency
     3    0.12    0.00    0.00   10.00 ^ clk_i (in)
                                         clk_i (net)
                  0.01    0.00   10.00 ^ delaybuf_0_core_clock/A (sky130_fd_sc_hd__clkbuf_16)
     1    0.03    0.05    0.12   10.12 ^ delaybuf_0_core_clock/X (sky130_fd_sc_hd__clkbuf_16)
                                         delaynet_0_core_clock (net)
                  0.05    0.00   10.12 ^ delaybuf_1_core_clock/A (sky130_fd_sc_hd__clkbuf_16)
     1    0.03    0.05    0.14   10.26 ^ delaybuf_1_core_clock/X (sky130_fd_sc_hd__clkbuf_16)
                                         delaynet_1_core_clock (net)
                  0.05    0.00   10.26 ^ clkbuf_regs_0_core_clock/A (sky130_fd_sc_hd__clkbuf_16)
     1    0.01    0.03    0.12   10.38 ^ clkbuf_regs_0_core_clock/X (sky130_fd_sc_hd__clkbuf_16)
                                         clk_i_regs (net)
                  0.03    0.00   10.38 ^ clkbuf_0_clk_i_regs/A (sky130_fd_sc_hd__clkbuf_16)
     8    0.21    0.22    0.26   10.63 ^ clkbuf_0_clk_i_regs/X (sky130_fd_sc_hd__clkbuf_16)
                                         clknet_0_clk_i_regs (net)
                  0.22    0.01   10.64 ^ clkbuf_3_5__f_clk_i_regs/A (sky130_fd_sc_hd__clkbuf_16)
    13    0.21    0.22    0.32   10.96 ^ clkbuf_3_5__f_clk_i_regs/X (sky130_fd_sc_hd__clkbuf_16)
                                         clknet_3_5__leaf_clk_i_regs (net)
                  0.22    0.00   10.96 ^ clkbuf_leaf_28_clk_i_regs/A (sky130_fd_sc_hd__clkbuf_16)
     4    0.03    0.05    0.19   11.15 ^ clkbuf_leaf_28_clk_i_regs/X (sky130_fd_sc_hd__clkbuf_16)
                                         clknet_leaf_28_clk_i_regs (net)
                  0.05    0.00   11.15 ^ gen_regfile_ff.register_file_i.rf_reg[432]$_DFFE_PN0P_/CLK (sky130_fd_sc_hd__dfrtp_1)
                          0.00   11.15   clock reconvergence pessimism
                          0.08   11.23   library recovery time
                                 11.23   data required time
-----------------------------------------------------------------------------
                                 11.23   data required time
                                 -4.41   data arrival time
-----------------------------------------------------------------------------
                                  6.82   slack (MET)


Startpoint: core_clock_gate_i.en_latch$_DLATCH_N_
            (negative level-sensitive latch clocked by core_clock)
Endpoint: _16765_ (rising clock gating-check end-point clocked by core_clock)
Path Group: gated clock
Path Type: max

Fanout     Cap    Slew   Delay    Time   Description
-----------------------------------------------------------------------------
                          5.00    5.00   clock core_clock (fall edge)
                          0.00    5.00   clock source latency
     3    0.12    0.00    0.00    5.00 v clk_i (in)
                                         clk_i (net)
                  0.01    0.00    5.00 v delaybuf_0_core_clock/A (sky130_fd_sc_hd__clkbuf_16)
     1    0.03    0.04    0.14    5.14 v delaybuf_0_core_clock/X (sky130_fd_sc_hd__clkbuf_16)
                                         delaynet_0_core_clock (net)
                  0.04    0.00    5.14 v delaybuf_1_core_clock/A (sky130_fd_sc_hd__clkbuf_16)
     1    0.03    0.04    0.15    5.29 v delaybuf_1_core_clock/X (sky130_fd_sc_hd__clkbuf_16)
                                         delaynet_1_core_clock (net)
                  0.04    0.00    5.29 v clkbuf_regs_0_core_clock/A (sky130_fd_sc_hd__clkbuf_16)
     1    0.01    0.03    0.14    5.43 v clkbuf_regs_0_core_clock/X (sky130_fd_sc_hd__clkbuf_16)
                                         clk_i_regs (net)
                  0.03    0.00    5.43 v clkbuf_0_clk_i_regs/A (sky130_fd_sc_hd__clkbuf_16)
     8    0.21    0.14    0.23    5.66 v clkbuf_0_clk_i_regs/X (sky130_fd_sc_hd__clkbuf_16)
                                         clknet_0_clk_i_regs (net)
                  0.14    0.01    5.66 v clkbuf_3_5__f_clk_i_regs/A (sky130_fd_sc_hd__clkbuf_16)
    13    0.19    0.13    0.27    5.94 v clkbuf_3_5__f_clk_i_regs/X (sky130_fd_sc_hd__clkbuf_16)
                                         clknet_3_5__leaf_clk_i_regs (net)
                  0.13    0.01    5.95 v core_clock_gate_i.en_latch$_DLATCH_N_/GATE_N (sky130_fd_sc_hd__dlxtn_1)
     1    0.06    0.54    0.78    6.72 ^ core_clock_gate_i.en_latch$_DLATCH_N_/Q (sky130_fd_sc_hd__dlxtn_1)
                                         core_clock_gate_i.en_latch (net)
                  0.54    0.01    6.73 ^ _16765_/B (sky130_fd_sc_hd__and2_0)
                                  6.73   data arrival time

                         10.00   10.00   clock core_clock (rise edge)
                          0.00   10.00   clock source latency
     3    0.12    0.00    0.00   10.00 ^ clk_i (in)
                                         clk_i (net)
                  0.01    0.01   10.01 ^ clkbuf_0_clk_i/A (sky130_fd_sc_hd__clkbuf_16)
     1    0.01    0.03    0.10   10.11 ^ clkbuf_0_clk_i/X (sky130_fd_sc_hd__clkbuf_16)
                                         clknet_0_clk_i (net)
                  0.03    0.00   10.11 ^ clkbuf_1_0__f_clk_i/A (sky130_fd_sc_hd__clkbuf_16)
     1    0.00    0.03    0.10   10.22 ^ clkbuf_1_0__f_clk_i/X (sky130_fd_sc_hd__clkbuf_16)
                                         clknet_1_0__leaf_clk_i (net)
                  0.03    0.00   10.22 ^ _16765_/A (sky130_fd_sc_hd__and2_0)
                          0.00   10.22   clock reconvergence pessimism
                          0.00   10.22   clock gating setup time
                                 10.22   data required time
-----------------------------------------------------------------------------
                                 10.22   data required time
                                 -6.73   data arrival time
-----------------------------------------------------------------------------
                                  3.48   slack (MET)


Startpoint: if_stage_i.instr_rdata_id_o[15]$_DFFE_PP_
            (rising edge-triggered flip-flop clocked by core_clock)
Endpoint: instr_addr_o[21] (output port clocked by core_clock)
Path Group: core_clock
Path Type: max

Fanout     Cap    Slew   Delay    Time   Description
-----------------------------------------------------------------------------
                          0.00    0.00   clock core_clock (rise edge)
                          0.00    0.00   clock source latency
     3    0.12    0.00    0.00    0.00 ^ clk_i (in)
                                         clk_i (net)
                  0.01    0.01    0.01 ^ clkbuf_0_clk_i/A (sky130_fd_sc_hd__clkbuf_16)
     1    0.01    0.03    0.10    0.11 ^ clkbuf_0_clk_i/X (sky130_fd_sc_hd__clkbuf_16)
                                         clknet_0_clk_i (net)
                  0.03    0.00    0.11 ^ clkbuf_1_0__f_clk_i/A (sky130_fd_sc_hd__clkbuf_16)
     1    0.00    0.03    0.10    0.22 ^ clkbuf_1_0__f_clk_i/X (sky130_fd_sc_hd__clkbuf_16)
                                         clknet_1_0__leaf_clk_i (net)
                  0.03    0.00    0.22 ^ _16765_/A (sky130_fd_sc_hd__and2_0)
     1    0.01    0.14    0.17    0.38 ^ _16765_/X (sky130_fd_sc_hd__and2_0)
                                         _05313_ (net)
                  0.14    0.00    0.38 ^ clkbuf_0__05313_/A (sky130_fd_sc_hd__clkbuf_16)
     8    0.19    0.20    0.28    0.66 ^ clkbuf_0__05313_/X (sky130_fd_sc_hd__clkbuf_16)
                                         clknet_0__05313_ (net)
                  0.20    0.01    0.67 ^ clkbuf_3_1_0__05313_/A (sky130_fd_sc_hd__clkbuf_16)
     9    0.17    0.19    0.29    0.96 ^ clkbuf_3_1_0__05313_/X (sky130_fd_sc_hd__clkbuf_16)
                                         clknet_3_1_0__05313_ (net)
                  0.19    0.01    0.96 ^ clkbuf_leaf_1__05313_/A (sky130_fd_sc_hd__clkbuf_16)
    12    0.04    0.06    0.19    1.15 ^ clkbuf_leaf_1__05313_/X (sky130_fd_sc_hd__clkbuf_16)
                                         clknet_leaf_1__05313_ (net)
                  0.06    0.00    1.15 ^ if_stage_i.instr_rdata_id_o[15]$_DFFE_PP_/CLK (sky130_fd_sc_hd__edfxtp_1)
     2    0.01    0.12    0.44    1.59 v if_stage_i.instr_rdata_id_o[15]$_DFFE_PP_/Q (sky130_fd_sc_hd__edfxtp_1)
                                         _01891_ (net)
                  0.12    0.00    1.59 v place3146/A (sky130_fd_sc_hd__buf_12)
     6    0.07    0.05    0.18    1.77 v place3146/X (sky130_fd_sc_hd__buf_12)
                                         net3145 (net)
                  0.05    0.01    1.78 v rebuffer3347/A (sky130_fd_sc_hd__buf_12)
     1    0.01    0.03    0.12    1.90 v rebuffer3347/X (sky130_fd_sc_hd__buf_12)
                                         net3346 (net)
                  0.03    0.00    1.90 v place3142/A (sky130_fd_sc_hd__buf_16)
    13    0.13    0.08    0.15    2.06 v place3142/X (sky130_fd_sc_hd__buf_16)
                                         net3141 (net)
                  0.09    0.02    2.08 v place3141/A (sky130_fd_sc_hd__buf_16)
    13    0.13    0.08    0.18    2.26 v place3141/X (sky130_fd_sc_hd__buf_16)
                                         net3140 (net)
                  0.09    0.02    2.28 v _13689_/S (sky130_fd_sc_hd__mux2i_1)
     1    0.00    0.06    0.14    2.42 v _13689_/Y (sky130_fd_sc_hd__mux2i_1)
                                         _02237_ (net)
                  0.06    0.00    2.42 v _13690_/A2 (sky130_fd_sc_hd__mux4_2)
     1    0.00    0.08    0.46    2.88 v _13690_/X (sky130_fd_sc_hd__mux4_2)
                                         _02238_ (net)
                  0.08    0.00    2.88 v _13694_/A2 (sky130_fd_sc_hd__a22oi_1)
     2    0.01    0.27    0.29    3.17 ^ _13694_/Y (sky130_fd_sc_hd__a22oi_1)
                                         _02242_ (net)
                  0.27    0.00    3.17 ^ _13695_/A (sky130_fd_sc_hd__nand3_2)
     2    0.05    0.31    0.31    3.48 v _13695_/Y (sky130_fd_sc_hd__nand3_2)
                                         _02243_ (net)
                  0.31    0.00    3.49 v _14739_/A1 (sky130_fd_sc_hd__mux2_1)
     1    0.00    0.06    0.39    3.88 v _14739_/X (sky130_fd_sc_hd__mux2_1)
                                         _03287_ (net)
                  0.06    0.00    3.88 v _14740_/B (sky130_fd_sc_hd__nor2_1)
     1    0.00    0.08    0.09    3.96 ^ _14740_/Y (sky130_fd_sc_hd__nor2_1)
                                         _03288_ (net)
                  0.08    0.00    3.97 ^ _14741_/B1 (sky130_fd_sc_hd__a21oi_1)
     2    0.03    0.25    0.14    4.10 v _14741_/Y (sky130_fd_sc_hd__a21oi_1)
                                         _03289_ (net)
                  0.25    0.00    4.10 v _14743_/A2 (sky130_fd_sc_hd__a21oi_1)
     1    0.00    0.16    0.24    4.34 ^ _14743_/Y (sky130_fd_sc_hd__a21oi_1)
                                         _03291_ (net)
                  0.16    0.00    4.34 ^ alu_adder_result_ex\\ALU_33_0_33_0_33_unused_CO_X_Y[0]_HAN_CARLSON/_568_/A (sky130_fd_sc_hd__xor2_1)
     2    0.01    0.20    0.23    4.57 ^ alu_adder_result_ex\\ALU_33_0_33_0_33_unused_CO_X_Y[0]_HAN_CARLSON/_568_/X (sky130_fd_sc_hd__xor2_1)
                                         alu_adder_result_ex\\ALU_33_0_33_0_33_unused_CO_X_Y[0]_HAN_CARLSON/_260_ (net)
                  0.20    0.00    4.57 ^ alu_adder_result_ex\\ALU_33_0_33_0_33_unused_CO_X_Y[0]_HAN_CARLSON/_570_/B (sky130_fd_sc_hd__xnor2_1)
     2    0.01    0.18    0.17    4.73 ^ alu_adder_result_ex\\ALU_33_0_33_0_33_unused_CO_X_Y[0]_HAN_CARLSON/_570_/Y (sky130_fd_sc_hd__xnor2_1)
                                         alu_adder_result_ex\\ALU_33_0_33_0_33_unused_CO_X_Y[0]_HAN_CARLSON/_262_ (net)
                  0.18    0.00    4.73 ^ alu_adder_result_ex\\ALU_33_0_33_0_33_unused_CO_X_Y[0]_HAN_CARLSON/place2552/A (sky130_fd_sc_hd__buf_4)
     3    0.03    0.08    0.18    4.92 ^ alu_adder_result_ex\\ALU_33_0_33_0_33_unused_CO_X_Y[0]_HAN_CARLSON/place2552/X (sky130_fd_sc_hd__buf_4)
                                         alu_adder_result_ex\\ALU_33_0_33_0_33_unused_CO_X_Y[0]_HAN_CARLSON/net2551 (net)
                  0.08    0.00    4.92 ^ alu_adder_result_ex\\ALU_33_0_33_0_33_unused_CO_X_Y[0]_HAN_CARLSON/_582_/A2 (sky130_fd_sc_hd__o21ai_0)
     2    0.01    0.18    0.16    5.08 v alu_adder_result_ex\\ALU_33_0_33_0_33_unused_CO_X_Y[0]_HAN_CARLSON/_582_/Y (sky130_fd_sc_hd__o21ai_0)
                                         alu_adder_result_ex\\ALU_33_0_33_0_33_unused_CO_X_Y[0]_HAN_CARLSON/_273_ (net)
                  0.18    0.00    5.08 v alu_adder_result_ex\\ALU_33_0_33_0_33_unused_CO_X_Y[0]_HAN_CARLSON/_583_/B1 (sky130_fd_sc_hd__a21oi_1)
     2    0.02    0.39    0.37    5.46 ^ alu_adder_result_ex\\ALU_33_0_33_0_33_unused_CO_X_Y[0]_HAN_CARLSON/_583_/Y (sky130_fd_sc_hd__a21oi_1)
                                         alu_adder_result_ex\\ALU_33_0_33_0_33_unused_CO_X_Y[0]_HAN_CARLSON/_274_ (net)
                  0.39    0.00    5.46 ^ alu_adder_result_ex\\ALU_33_0_33_0_33_unused_CO_X_Y[0]_HAN_CARLSON/_586_/C1 (sky130_fd_sc_hd__o221ai_4)
     2    0.03    0.17    0.23    5.69 v alu_adder_result_ex\\ALU_33_0_33_0_33_unused_CO_X_Y[0]_HAN_CARLSON/_586_/Y (sky130_fd_sc_hd__o221ai_4)
                                         alu_adder_result_ex\\ALU_33_0_33_0_33_unused_CO_X_Y[0]_HAN_CARLSON/_277_ (net)
                  0.17    0.00    5.69 v alu_adder_result_ex\\ALU_33_0_33_0_33_unused_CO_X_Y[0]_HAN_CARLSON/_361_/A1 (sky130_fd_sc_hd__a21oi_1)
     1    0.00    0.11    0.17    5.86 ^ alu_adder_result_ex\\ALU_33_0_33_0_33_unused_CO_X_Y[0]_HAN_CARLSON/_361_/Y (sky130_fd_sc_hd__a21oi_1)
                                         alu_adder_result_ex\\ALU_33_0_33_0_33_unused_CO_X_Y[0]_HAN_CARLSON/_076_ (net)
                  0.11    0.00    5.86 ^ alu_adder_result_ex\\ALU_33_0_33_0_33_unused_CO_X_Y[0]_HAN_CARLSON/place2445/A (sky130_fd_sc_hd__buf_4)
     2    0.02    0.06    0.15    6.01 ^ alu_adder_result_ex\\ALU_33_0_33_0_33_unused_CO_X_Y[0]_HAN_CARLSON/place2445/X (sky130_fd_sc_hd__buf_4)
                                         alu_adder_result_ex\\ALU_33_0_33_0_33_unused_CO_X_Y[0]_HAN_CARLSON/net2444 (net)
                  0.06    0.00    6.01 ^ alu_adder_result_ex\\ALU_33_0_33_0_33_unused_CO_X_Y[0]_HAN_CARLSON/_366_/A (sky130_fd_sc_hd__xor2_2)
     2    0.00    0.04    0.06    6.07 v alu_adder_result_ex\\ALU_33_0_33_0_33_unused_CO_X_Y[0]_HAN_CARLSON/_366_/X (sky130_fd_sc_hd__xor2_2)
                                         net177 (net)
                  0.04    0.00    6.07 v place2398/A (sky130_fd_sc_hd__buf_4)
     8    0.11    0.14    0.23    6.31 v place2398/X (sky130_fd_sc_hd__buf_4)
                                         net2397 (net)
                  0.14    0.01    6.31 v _17838_/A1 (sky130_fd_sc_hd__a22o_1)
     1    0.01    0.05    0.25    6.57 v _17838_/X (sky130_fd_sc_hd__a22o_1)
                                         _06366_ (net)
                  0.05    0.00    6.57 v _17841_/A2 (sky130_fd_sc_hd__a21oi_1)
     2    0.06    1.21    0.94    7.51 ^ _17841_/Y (sky130_fd_sc_hd__a21oi_1)
                                         _06369_ (net)
                  1.21    0.00    7.51 ^ _17844_/A2 (sky130_fd_sc_hd__o31ai_1)
     2    0.01    0.18    0.20    7.71 v _17844_/Y (sky130_fd_sc_hd__o31ai_1)
                                         net245 (net)
                  0.18    0.00    7.71 v output246/A (sky130_fd_sc_hd__clkdlybuf4s50_1)
     1    0.00    0.04    0.46    8.17 v output246/X (sky130_fd_sc_hd__clkdlybuf4s50_1)
                                         instr_addr_o[21] (net)
                  0.04    0.00    8.17 v instr_addr_o[21] (out)
                                  8.17   data arrival time

                         10.00   10.00   clock core_clock (rise edge)
                          0.00   10.00   clock network delay (propagated)
                          0.00   10.00   clock reconvergence pessimism
                         -2.00    8.00   output external delay
                                  8.00   data required time
-----------------------------------------------------------------------------
                                  8.00   data required time
                                 -8.17   data arrival time
-----------------------------------------------------------------------------
                                 -0.17   slack (VIOLATED)



==========================================================================
finish report_checks -unconstrained
--------------------------------------------------------------------------
Startpoint: rst_ni (input port clocked by core_clock)
Endpoint: gen_regfile_ff.register_file_i.rf_reg[432]$_DFFE_PN0P_
          (recovery check against rising-edge clock core_clock)
Path Group: asynchronous
Path Type: max

Fanout     Cap    Slew   Delay    Time   Description
-----------------------------------------------------------------------------
                          0.00    0.00   clock core_clock (rise edge)
                          0.00    0.00   clock network delay (propagated)
                          2.00    2.00 ^ input external delay
     1    0.02    0.00    0.00    2.00 ^ rst_ni (in)
                                         rst_ni (net)
                  0.00    0.00    2.00 ^ input164/A (sky130_fd_sc_hd__buf_16)
    83    0.49    0.49    0.32    2.32 ^ input164/X (sky130_fd_sc_hd__buf_16)
                                         net163 (net)
                  0.49    0.02    2.34 ^ place3205/A (sky130_fd_sc_hd__buf_4)
    50    0.26    0.69    0.64    2.99 ^ place3205/X (sky130_fd_sc_hd__buf_4)
                                         net3204 (net)
                  0.69    0.01    2.99 ^ place3200/A (sky130_fd_sc_hd__buf_4)
    59    0.27    0.72    0.70    3.69 ^ place3200/X (sky130_fd_sc_hd__buf_4)
                                         net3199 (net)
                  0.72    0.05    3.74 ^ place3199/A (sky130_fd_sc_hd__buf_4)
    50    0.23    0.63    0.65    4.38 ^ place3199/X (sky130_fd_sc_hd__buf_4)
                                         net3198 (net)
                  0.64    0.03    4.41 ^ gen_regfile_ff.register_file_i.rf_reg[432]$_DFFE_PN0P_/RESET_B (sky130_fd_sc_hd__dfrtp_1)
                                  4.41   data arrival time

                         10.00   10.00   clock core_clock (rise edge)
                          0.00   10.00   clock source latency
     3    0.12    0.00    0.00   10.00 ^ clk_i (in)
                                         clk_i (net)
                  0.01    0.00   10.00 ^ delaybuf_0_core_clock/A (sky130_fd_sc_hd__clkbuf_16)
     1    0.03    0.05    0.12   10.12 ^ delaybuf_0_core_clock/X (sky130_fd_sc_hd__clkbuf_16)
                                         delaynet_0_core_clock (net)
                  0.05    0.00   10.12 ^ delaybuf_1_core_clock/A (sky130_fd_sc_hd__clkbuf_16)
     1    0.03    0.05    0.14   10.26 ^ delaybuf_1_core_clock/X (sky130_fd_sc_hd__clkbuf_16)
                                         delaynet_1_core_clock (net)
                  0.05    0.00   10.26 ^ clkbuf_regs_0_core_clock/A (sky130_fd_sc_hd__clkbuf_16)
     1    0.01    0.03    0.12   10.38 ^ clkbuf_regs_0_core_clock/X (sky130_fd_sc_hd__clkbuf_16)
                                         clk_i_regs (net)
                  0.03    0.00   10.38 ^ clkbuf_0_clk_i_regs/A (sky130_fd_sc_hd__clkbuf_16)
     8    0.21    0.22    0.26   10.63 ^ clkbuf_0_clk_i_regs/X (sky130_fd_sc_hd__clkbuf_16)
                                         clknet_0_clk_i_regs (net)
                  0.22    0.01   10.64 ^ clkbuf_3_5__f_clk_i_regs/A (sky130_fd_sc_hd__clkbuf_16)
    13    0.21    0.22    0.32   10.96 ^ clkbuf_3_5__f_clk_i_regs/X (sky130_fd_sc_hd__clkbuf_16)
                                         clknet_3_5__leaf_clk_i_regs (net)
                  0.22    0.00   10.96 ^ clkbuf_leaf_28_clk_i_regs/A (sky130_fd_sc_hd__clkbuf_16)
     4    0.03    0.05    0.19   11.15 ^ clkbuf_leaf_28_clk_i_regs/X (sky130_fd_sc_hd__clkbuf_16)
                                         clknet_leaf_28_clk_i_regs (net)
                  0.05    0.00   11.15 ^ gen_regfile_ff.register_file_i.rf_reg[432]$_DFFE_PN0P_/CLK (sky130_fd_sc_hd__dfrtp_1)
                          0.00   11.15   clock reconvergence pessimism
                          0.08   11.23   library recovery time
                                 11.23   data required time
-----------------------------------------------------------------------------
                                 11.23   data required time
                                 -4.41   data arrival time
-----------------------------------------------------------------------------
                                  6.82   slack (MET)


Startpoint: core_clock_gate_i.en_latch$_DLATCH_N_
            (negative level-sensitive latch clocked by core_clock)
Endpoint: _16765_ (rising clock gating-check end-point clocked by core_clock)
Path Group: gated clock
Path Type: max

Fanout     Cap    Slew   Delay    Time   Description
-----------------------------------------------------------------------------
                          5.00    5.00   clock core_clock (fall edge)
                          0.00    5.00   clock source latency
     3    0.12    0.00    0.00    5.00 v clk_i (in)
                                         clk_i (net)
                  0.01    0.00    5.00 v delaybuf_0_core_clock/A (sky130_fd_sc_hd__clkbuf_16)
     1    0.03    0.04    0.14    5.14 v delaybuf_0_core_clock/X (sky130_fd_sc_hd__clkbuf_16)
                                         delaynet_0_core_clock (net)
                  0.04    0.00    5.14 v delaybuf_1_core_clock/A (sky130_fd_sc_hd__clkbuf_16)
     1    0.03    0.04    0.15    5.29 v delaybuf_1_core_clock/X (sky130_fd_sc_hd__clkbuf_16)
                                         delaynet_1_core_clock (net)
                  0.04    0.00    5.29 v clkbuf_regs_0_core_clock/A (sky130_fd_sc_hd__clkbuf_16)
     1    0.01    0.03    0.14    5.43 v clkbuf_regs_0_core_clock/X (sky130_fd_sc_hd__clkbuf_16)
                                         clk_i_regs (net)
                  0.03    0.00    5.43 v clkbuf_0_clk_i_regs/A (sky130_fd_sc_hd__clkbuf_16)
     8    0.21    0.14    0.23    5.66 v clkbuf_0_clk_i_regs/X (sky130_fd_sc_hd__clkbuf_16)
                                         clknet_0_clk_i_regs (net)
                  0.14    0.01    5.66 v clkbuf_3_5__f_clk_i_regs/A (sky130_fd_sc_hd__clkbuf_16)
    13    0.19    0.13    0.27    5.94 v clkbuf_3_5__f_clk_i_regs/X (sky130_fd_sc_hd__clkbuf_16)
                                         clknet_3_5__leaf_clk_i_regs (net)
                  0.13    0.01    5.95 v core_clock_gate_i.en_latch$_DLATCH_N_/GATE_N (sky130_fd_sc_hd__dlxtn_1)
     1    0.06    0.54    0.78    6.72 ^ core_clock_gate_i.en_latch$_DLATCH_N_/Q (sky130_fd_sc_hd__dlxtn_1)
                                         core_clock_gate_i.en_latch (net)
                  0.54    0.01    6.73 ^ _16765_/B (sky130_fd_sc_hd__and2_0)
                                  6.73   data arrival time

                         10.00   10.00   clock core_clock (rise edge)
                          0.00   10.00   clock source latency
     3    0.12    0.00    0.00   10.00 ^ clk_i (in)
                                         clk_i (net)
                  0.01    0.01   10.01 ^ clkbuf_0_clk_i/A (sky130_fd_sc_hd__clkbuf_16)
     1    0.01    0.03    0.10   10.11 ^ clkbuf_0_clk_i/X (sky130_fd_sc_hd__clkbuf_16)
                                         clknet_0_clk_i (net)
                  0.03    0.00   10.11 ^ clkbuf_1_0__f_clk_i/A (sky130_fd_sc_hd__clkbuf_16)
     1    0.00    0.03    0.10   10.22 ^ clkbuf_1_0__f_clk_i/X (sky130_fd_sc_hd__clkbuf_16)
                                         clknet_1_0__leaf_clk_i (net)
                  0.03    0.00   10.22 ^ _16765_/A (sky130_fd_sc_hd__and2_0)
                          0.00   10.22   clock reconvergence pessimism
                          0.00   10.22   clock gating setup time
                                 10.22   data required time
-----------------------------------------------------------------------------
                                 10.22   data required time
                                 -6.73   data arrival time
-----------------------------------------------------------------------------
                                  3.48   slack (MET)


Startpoint: if_stage_i.instr_rdata_id_o[15]$_DFFE_PP_
            (rising edge-triggered flip-flop clocked by core_clock)
Endpoint: instr_addr_o[21] (output port clocked by core_clock)
Path Group: core_clock
Path Type: max

Fanout     Cap    Slew   Delay    Time   Description
-----------------------------------------------------------------------------
                          0.00    0.00   clock core_clock (rise edge)
                          0.00    0.00   clock source latency
     3    0.12    0.00    0.00    0.00 ^ clk_i (in)
                                         clk_i (net)
                  0.01    0.01    0.01 ^ clkbuf_0_clk_i/A (sky130_fd_sc_hd__clkbuf_16)
     1    0.01    0.03    0.10    0.11 ^ clkbuf_0_clk_i/X (sky130_fd_sc_hd__clkbuf_16)
                                         clknet_0_clk_i (net)
                  0.03    0.00    0.11 ^ clkbuf_1_0__f_clk_i/A (sky130_fd_sc_hd__clkbuf_16)
     1    0.00    0.03    0.10    0.22 ^ clkbuf_1_0__f_clk_i/X (sky130_fd_sc_hd__clkbuf_16)
                                         clknet_1_0__leaf_clk_i (net)
                  0.03    0.00    0.22 ^ _16765_/A (sky130_fd_sc_hd__and2_0)
     1    0.01    0.14    0.17    0.38 ^ _16765_/X (sky130_fd_sc_hd__and2_0)
                                         _05313_ (net)
                  0.14    0.00    0.38 ^ clkbuf_0__05313_/A (sky130_fd_sc_hd__clkbuf_16)
     8    0.19    0.20    0.28    0.66 ^ clkbuf_0__05313_/X (sky130_fd_sc_hd__clkbuf_16)
                                         clknet_0__05313_ (net)
                  0.20    0.01    0.67 ^ clkbuf_3_1_0__05313_/A (sky130_fd_sc_hd__clkbuf_16)
     9    0.17    0.19    0.29    0.96 ^ clkbuf_3_1_0__05313_/X (sky130_fd_sc_hd__clkbuf_16)
                                         clknet_3_1_0__05313_ (net)
                  0.19    0.01    0.96 ^ clkbuf_leaf_1__05313_/A (sky130_fd_sc_hd__clkbuf_16)
    12    0.04    0.06    0.19    1.15 ^ clkbuf_leaf_1__05313_/X (sky130_fd_sc_hd__clkbuf_16)
                                         clknet_leaf_1__05313_ (net)
                  0.06    0.00    1.15 ^ if_stage_i.instr_rdata_id_o[15]$_DFFE_PP_/CLK (sky130_fd_sc_hd__edfxtp_1)
     2    0.01    0.12    0.44    1.59 v if_stage_i.instr_rdata_id_o[15]$_DFFE_PP_/Q (sky130_fd_sc_hd__edfxtp_1)
                                         _01891_ (net)
                  0.12    0.00    1.59 v place3146/A (sky130_fd_sc_hd__buf_12)
     6    0.07    0.05    0.18    1.77 v place3146/X (sky130_fd_sc_hd__buf_12)
                                         net3145 (net)
                  0.05    0.01    1.78 v rebuffer3347/A (sky130_fd_sc_hd__buf_12)
     1    0.01    0.03    0.12    1.90 v rebuffer3347/X (sky130_fd_sc_hd__buf_12)
                                         net3346 (net)
                  0.03    0.00    1.90 v place3142/A (sky130_fd_sc_hd__buf_16)
    13    0.13    0.08    0.15    2.06 v place3142/X (sky130_fd_sc_hd__buf_16)
                                         net3141 (net)
                  0.09    0.02    2.08 v place3141/A (sky130_fd_sc_hd__buf_16)
    13    0.13    0.08    0.18    2.26 v place3141/X (sky130_fd_sc_hd__buf_16)
                                         net3140 (net)
                  0.09    0.02    2.28 v _13689_/S (sky130_fd_sc_hd__mux2i_1)
     1    0.00    0.06    0.14    2.42 v _13689_/Y (sky130_fd_sc_hd__mux2i_1)
                                         _02237_ (net)
                  0.06    0.00    2.42 v _13690_/A2 (sky130_fd_sc_hd__mux4_2)
     1    0.00    0.08    0.46    2.88 v _13690_/X (sky130_fd_sc_hd__mux4_2)
                                         _02238_ (net)
                  0.08    0.00    2.88 v _13694_/A2 (sky130_fd_sc_hd__a22oi_1)
     2    0.01    0.27    0.29    3.17 ^ _13694_/Y (sky130_fd_sc_hd__a22oi_1)
                                         _02242_ (net)
                  0.27    0.00    3.17 ^ _13695_/A (sky130_fd_sc_hd__nand3_2)
     2    0.05    0.31    0.31    3.48 v _13695_/Y (sky130_fd_sc_hd__nand3_2)
                                         _02243_ (net)
                  0.31    0.00    3.49 v _14739_/A1 (sky130_fd_sc_hd__mux2_1)
     1    0.00    0.06    0.39    3.88 v _14739_/X (sky130_fd_sc_hd__mux2_1)
                                         _03287_ (net)
                  0.06    0.00    3.88 v _14740_/B (sky130_fd_sc_hd__nor2_1)
     1    0.00    0.08    0.09    3.96 ^ _14740_/Y (sky130_fd_sc_hd__nor2_1)
                                         _03288_ (net)
                  0.08    0.00    3.97 ^ _14741_/B1 (sky130_fd_sc_hd__a21oi_1)
     2    0.03    0.25    0.14    4.10 v _14741_/Y (sky130_fd_sc_hd__a21oi_1)
                                         _03289_ (net)
                  0.25    0.00    4.10 v _14743_/A2 (sky130_fd_sc_hd__a21oi_1)
     1    0.00    0.16    0.24    4.34 ^ _14743_/Y (sky130_fd_sc_hd__a21oi_1)
                                         _03291_ (net)
                  0.16    0.00    4.34 ^ alu_adder_result_ex\\ALU_33_0_33_0_33_unused_CO_X_Y[0]_HAN_CARLSON/_568_/A (sky130_fd_sc_hd__xor2_1)
     2    0.01    0.20    0.23    4.57 ^ alu_adder_result_ex\\ALU_33_0_33_0_33_unused_CO_X_Y[0]_HAN_CARLSON/_568_/X (sky130_fd_sc_hd__xor2_1)
                                         alu_adder_result_ex\\ALU_33_0_33_0_33_unused_CO_X_Y[0]_HAN_CARLSON/_260_ (net)
                  0.20    0.00    4.57 ^ alu_adder_result_ex\\ALU_33_0_33_0_33_unused_CO_X_Y[0]_HAN_CARLSON/_570_/B (sky130_fd_sc_hd__xnor2_1)
     2    0.01    0.18    0.17    4.73 ^ alu_adder_result_ex\\ALU_33_0_33_0_33_unused_CO_X_Y[0]_HAN_CARLSON/_570_/Y (sky130_fd_sc_hd__xnor2_1)
                                         alu_adder_result_ex\\ALU_33_0_33_0_33_unused_CO_X_Y[0]_HAN_CARLSON/_262_ (net)
                  0.18    0.00    4.73 ^ alu_adder_result_ex\\ALU_33_0_33_0_33_unused_CO_X_Y[0]_HAN_CARLSON/place2552/A (sky130_fd_sc_hd__buf_4)
     3    0.03    0.08    0.18    4.92 ^ alu_adder_result_ex\\ALU_33_0_33_0_33_unused_CO_X_Y[0]_HAN_CARLSON/place2552/X (sky130_fd_sc_hd__buf_4)
                                         alu_adder_result_ex\\ALU_33_0_33_0_33_unused_CO_X_Y[0]_HAN_CARLSON/net2551 (net)
                  0.08    0.00    4.92 ^ alu_adder_result_ex\\ALU_33_0_33_0_33_unused_CO_X_Y[0]_HAN_CARLSON/_582_/A2 (sky130_fd_sc_hd__o21ai_0)
     2    0.01    0.18    0.16    5.08 v alu_adder_result_ex\\ALU_33_0_33_0_33_unused_CO_X_Y[0]_HAN_CARLSON/_582_/Y (sky130_fd_sc_hd__o21ai_0)
                                         alu_adder_result_ex\\ALU_33_0_33_0_33_unused_CO_X_Y[0]_HAN_CARLSON/_273_ (net)
                  0.18    0.00    5.08 v alu_adder_result_ex\\ALU_33_0_33_0_33_unused_CO_X_Y[0]_HAN_CARLSON/_583_/B1 (sky130_fd_sc_hd__a21oi_1)
     2    0.02    0.39    0.37    5.46 ^ alu_adder_result_ex\\ALU_33_0_33_0_33_unused_CO_X_Y[0]_HAN_CARLSON/_583_/Y (sky130_fd_sc_hd__a21oi_1)
                                         alu_adder_result_ex\\ALU_33_0_33_0_33_unused_CO_X_Y[0]_HAN_CARLSON/_274_ (net)
                  0.39    0.00    5.46 ^ alu_adder_result_ex\\ALU_33_0_33_0_33_unused_CO_X_Y[0]_HAN_CARLSON/_586_/C1 (sky130_fd_sc_hd__o221ai_4)
     2    0.03    0.17    0.23    5.69 v alu_adder_result_ex\\ALU_33_0_33_0_33_unused_CO_X_Y[0]_HAN_CARLSON/_586_/Y (sky130_fd_sc_hd__o221ai_4)
                                         alu_adder_result_ex\\ALU_33_0_33_0_33_unused_CO_X_Y[0]_HAN_CARLSON/_277_ (net)
                  0.17    0.00    5.69 v alu_adder_result_ex\\ALU_33_0_33_0_33_unused_CO_X_Y[0]_HAN_CARLSON/_361_/A1 (sky130_fd_sc_hd__a21oi_1)
     1    0.00    0.11    0.17    5.86 ^ alu_adder_result_ex\\ALU_33_0_33_0_33_unused_CO_X_Y[0]_HAN_CARLSON/_361_/Y (sky130_fd_sc_hd__a21oi_1)
                                         alu_adder_result_ex\\ALU_33_0_33_0_33_unused_CO_X_Y[0]_HAN_CARLSON/_076_ (net)
                  0.11    0.00    5.86 ^ alu_adder_result_ex\\ALU_33_0_33_0_33_unused_CO_X_Y[0]_HAN_CARLSON/place2445/A (sky130_fd_sc_hd__buf_4)
     2    0.02    0.06    0.15    6.01 ^ alu_adder_result_ex\\ALU_33_0_33_0_33_unused_CO_X_Y[0]_HAN_CARLSON/place2445/X (sky130_fd_sc_hd__buf_4)
                                         alu_adder_result_ex\\ALU_33_0_33_0_33_unused_CO_X_Y[0]_HAN_CARLSON/net2444 (net)
                  0.06    0.00    6.01 ^ alu_adder_result_ex\\ALU_33_0_33_0_33_unused_CO_X_Y[0]_HAN_CARLSON/_366_/A (sky130_fd_sc_hd__xor2_2)
     2    0.00    0.04    0.06    6.07 v alu_adder_result_ex\\ALU_33_0_33_0_33_unused_CO_X_Y[0]_HAN_CARLSON/_366_/X (sky130_fd_sc_hd__xor2_2)
                                         net177 (net)
                  0.04    0.00    6.07 v place2398/A (sky130_fd_sc_hd__buf_4)
     8    0.11    0.14    0.23    6.31 v place2398/X (sky130_fd_sc_hd__buf_4)
                                         net2397 (net)
                  0.14    0.01    6.31 v _17838_/A1 (sky130_fd_sc_hd__a22o_1)
     1    0.01    0.05    0.25    6.57 v _17838_/X (sky130_fd_sc_hd__a22o_1)
                                         _06366_ (net)
                  0.05    0.00    6.57 v _17841_/A2 (sky130_fd_sc_hd__a21oi_1)
     2    0.06    1.21    0.94    7.51 ^ _17841_/Y (sky130_fd_sc_hd__a21oi_1)
                                         _06369_ (net)
                  1.21    0.00    7.51 ^ _17844_/A2 (sky130_fd_sc_hd__o31ai_1)
     2    0.01    0.18    0.20    7.71 v _17844_/Y (sky130_fd_sc_hd__o31ai_1)
                                         net245 (net)
                  0.18    0.00    7.71 v output246/A (sky130_fd_sc_hd__clkdlybuf4s50_1)
     1    0.00    0.04    0.46    8.17 v output246/X (sky130_fd_sc_hd__clkdlybuf4s50_1)
                                         instr_addr_o[21] (net)
                  0.04    0.00    8.17 v instr_addr_o[21] (out)
                                  8.17   data arrival time

                         10.00   10.00   clock core_clock (rise edge)
                          0.00   10.00   clock network delay (propagated)
                          0.00   10.00   clock reconvergence pessimism
                         -2.00    8.00   output external delay
                                  8.00   data required time
-----------------------------------------------------------------------------
                                  8.00   data required time
                                 -8.17   data arrival time
-----------------------------------------------------------------------------
                                 -0.17   slack (VIOLATED)



==========================================================================
finish report_check_types -max_slew -max_cap -max_fanout -violators
--------------------------------------------------------------------------

==========================================================================
finish max_slew_check_slack
--------------------------------------------------------------------------
0.26527148485183716

==========================================================================
finish max_slew_check_limit
--------------------------------------------------------------------------
1.4804940223693848

==========================================================================
finish max_slew_check_slack_limit
--------------------------------------------------------------------------
0.1792

==========================================================================
finish max_fanout_check_slack
--------------------------------------------------------------------------
1.0000000150474662e+30

==========================================================================
finish max_fanout_check_limit
--------------------------------------------------------------------------
1.0000000150474662e+30

==========================================================================
finish max_capacitance_check_slack
--------------------------------------------------------------------------
0.011727706529200077

==========================================================================
finish max_capacitance_check_limit
--------------------------------------------------------------------------
0.06592799723148346

==========================================================================
finish max_capacitance_check_slack_limit
--------------------------------------------------------------------------
0.1779

==========================================================================
finish max_slew_violation_count
--------------------------------------------------------------------------
max slew violation count 0

==========================================================================
finish max_fanout_violation_count
--------------------------------------------------------------------------
max fanout violation count 0

==========================================================================
finish max_cap_violation_count
--------------------------------------------------------------------------
max cap violation count 0

==========================================================================
finish setup_violation_count
--------------------------------------------------------------------------
setup violation count 1

==========================================================================
finish hold_violation_count
--------------------------------------------------------------------------
hold violation count 0

==========================================================================
finish report_checks -path_delay max reg to reg
--------------------------------------------------------------------------
Startpoint: if_stage_i.instr_rdata_id_o[22]$_DFFE_PP_
            (rising edge-triggered flip-flop clocked by core_clock)
Endpoint: gen_regfile_ff.register_file_i.rf_reg[115]$_DFFE_PN0P_
          (rising edge-triggered flip-flop clocked by core_clock)
Path Group: core_clock
Path Type: max

  Delay    Time   Description
---------------------------------------------------------
   0.00    0.00   clock core_clock (rise edge)
   0.00    0.00   clock source latency
   0.00    0.00 ^ clk_i (in)
   0.11    0.11 ^ clkbuf_0_clk_i/X (sky130_fd_sc_hd__clkbuf_16)
   0.10    0.22 ^ clkbuf_1_0__f_clk_i/X (sky130_fd_sc_hd__clkbuf_16)
   0.17    0.38 ^ _16765_/X (sky130_fd_sc_hd__and2_0)
   0.28    0.66 ^ clkbuf_0__05313_/X (sky130_fd_sc_hd__clkbuf_16)
   0.29    0.95 ^ clkbuf_3_0_0__05313_/X (sky130_fd_sc_hd__clkbuf_16)
   0.21    1.17 ^ clkbuf_leaf_2__05313_/X (sky130_fd_sc_hd__clkbuf_16)
   0.00    1.17 ^ if_stage_i.instr_rdata_id_o[22]$_DFFE_PP_/CLK (sky130_fd_sc_hd__edfxtp_1)
   0.42    1.59 v if_stage_i.instr_rdata_id_o[22]$_DFFE_PP_/Q (sky130_fd_sc_hd__edfxtp_1)
   0.20    1.78 v place3089/X (sky130_fd_sc_hd__buf_12)
   0.27    2.05 v place3088/X (sky130_fd_sc_hd__buf_4)
   0.35    2.40 ^ _18937_/Y (sky130_fd_sc_hd__nor2b_2)
   0.25    2.66 ^ place3032/X (sky130_fd_sc_hd__buf_4)
   0.35    3.01 ^ place3031/X (sky130_fd_sc_hd__buf_6)
   0.14    3.15 v _13544_/Y (sky130_fd_sc_hd__a22oi_1)
   0.27    3.42 ^ _13545_/Y (sky130_fd_sc_hd__a21oi_1)
   0.06    3.48 v _13557_/Y (sky130_fd_sc_hd__a211oi_4)
   0.28    3.76 v place2918/X (sky130_fd_sc_hd__buf_4)
   0.25    4.01 v place2917/X (sky130_fd_sc_hd__buf_4)
   0.64    4.64 ^ _15168_/Y (sky130_fd_sc_hd__a2bb2oi_2)
   0.14    4.78 v _15410_/Y (sky130_fd_sc_hd__nor2_1)
   0.42    5.21 v _15471_/X (sky130_fd_sc_hd__maj3_1)
   0.44    5.65 v _15525_/X (sky130_fd_sc_hd__maj3_1)
   0.42    6.07 v _15529_/X (sky130_fd_sc_hd__xor3_1)
   0.19    6.26 v _15566_/X (sky130_fd_sc_hd__xor2_1)
   0.18    6.44 v _15567_/Y (sky130_fd_sc_hd__xnor2_1)
   0.44    6.87 v _15682_/X (sky130_fd_sc_hd__maj3_1)
   0.38    7.25 v _16722_/X (sky130_fd_sc_hd__maj3_1)
   0.19    7.44 v _13463_/_277_/X (sky130_fd_sc_hd__xor2_1)
   0.31    7.75 ^ _13463_/_280_/Y (sky130_fd_sc_hd__xnor2_1)
   0.22    7.97 v _13463_/_282_/Y (sky130_fd_sc_hd__o21ai_0)
   0.19    8.16 ^ _13463_/_283_/Y (sky130_fd_sc_hd__a21oi_1)
   0.11    8.27 v _13463_/_285_/Y (sky130_fd_sc_hd__o21ai_0)
   0.18    8.44 v _13463_/_287_/X (sky130_fd_sc_hd__a21o_1)
   0.12    8.56 v _13463_/_491_/Y (sky130_fd_sc_hd__xnor2_1)
   0.37    8.93 v _18473_/X (sky130_fd_sc_hd__a22o_1)
   0.75    9.68 ^ _20088_/Y (sky130_fd_sc_hd__a2111oi_2)
   0.27    9.95 ^ place2102/X (sky130_fd_sc_hd__buf_4)
   0.20   10.14 ^ _20093_/X (sky130_fd_sc_hd__a22o_1)
   0.19   10.33 ^ place2086/X (sky130_fd_sc_hd__buf_12)
   0.13   10.46 v _22485_/Y (sky130_fd_sc_hd__o21ai_0)
   0.00   10.46 v gen_regfile_ff.register_file_i.rf_reg[115]$_DFFE_PN0P_/D (sky130_fd_sc_hd__dfrtp_1)
          10.46   data arrival time

  10.00   10.00   clock core_clock (rise edge)
   0.00   10.00   clock source latency
   0.00   10.00 ^ clk_i (in)
   0.12   10.12 ^ delaybuf_0_core_clock/X (sky130_fd_sc_hd__clkbuf_16)
   0.14   10.26 ^ delaybuf_1_core_clock/X (sky130_fd_sc_hd__clkbuf_16)
   0.12   10.38 ^ clkbuf_regs_0_core_clock/X (sky130_fd_sc_hd__clkbuf_16)
   0.26   10.63 ^ clkbuf_0_clk_i_regs/X (sky130_fd_sc_hd__clkbuf_16)
   0.30   10.93 ^ clkbuf_3_1__f_clk_i_regs/X (sky130_fd_sc_hd__clkbuf_16)
   0.20   11.13 ^ clkbuf_leaf_79_clk_i_regs/X (sky130_fd_sc_hd__clkbuf_16)
   0.00   11.13 ^ gen_regfile_ff.register_file_i.rf_reg[115]$_DFFE_PN0P_/CLK (sky130_fd_sc_hd__dfrtp_1)
   0.00   11.13   clock reconvergence pessimism
  -0.14   10.99   library setup time
          10.99   data required time
---------------------------------------------------------
          10.99   data required time
         -10.46   data arrival time
---------------------------------------------------------
           0.53   slack (MET)



==========================================================================
finish report_checks -path_delay min reg to reg
--------------------------------------------------------------------------
Startpoint: id_stage_i.controller_i.ctrl_fsm_cs[0]$_DFF_PN1_
            (rising edge-triggered flip-flop clocked by core_clock)
Endpoint: id_stage_i.controller_i.ctrl_fsm_cs[5]$_DFF_PN0_
          (rising edge-triggered flip-flop clocked by core_clock)
Path Group: core_clock
Path Type: min

  Delay    Time   Description
---------------------------------------------------------
   0.00    0.00   clock core_clock (rise edge)
   0.00    0.00   clock source latency
   0.00    0.00 ^ clk_i (in)
   0.11    0.11 ^ clkbuf_0_clk_i/X (sky130_fd_sc_hd__clkbuf_16)
   0.10    0.22 ^ clkbuf_1_0__f_clk_i/X (sky130_fd_sc_hd__clkbuf_16)
   0.17    0.38 ^ _16765_/X (sky130_fd_sc_hd__and2_0)
   0.28    0.66 ^ clkbuf_0__05313_/X (sky130_fd_sc_hd__clkbuf_16)
   0.29    0.95 ^ clkbuf_3_0_0__05313_/X (sky130_fd_sc_hd__clkbuf_16)
   0.21    1.16 ^ clkbuf_leaf_15__05313_/X (sky130_fd_sc_hd__clkbuf_16)
   0.00    1.16 ^ id_stage_i.controller_i.ctrl_fsm_cs[0]$_DFF_PN1_/CLK (sky130_fd_sc_hd__dfstp_2)
   0.39    1.54 v id_stage_i.controller_i.ctrl_fsm_cs[0]$_DFF_PN1_/Q (sky130_fd_sc_hd__dfstp_2)
   0.00    1.54 v id_stage_i.controller_i.ctrl_fsm_cs[5]$_DFF_PN0_/D (sky130_fd_sc_hd__dfrtp_1)
           1.54   data arrival time

   0.00    0.00   clock core_clock (rise edge)
   0.00    0.00   clock source latency
   0.00    0.00 ^ clk_i (in)
   0.11    0.11 ^ clkbuf_0_clk_i/X (sky130_fd_sc_hd__clkbuf_16)
   0.10    0.22 ^ clkbuf_1_0__f_clk_i/X (sky130_fd_sc_hd__clkbuf_16)
   0.17    0.38 ^ _16765_/X (sky130_fd_sc_hd__and2_0)
   0.28    0.66 ^ clkbuf_0__05313_/X (sky130_fd_sc_hd__clkbuf_16)
   0.29    0.95 ^ clkbuf_3_0_0__05313_/X (sky130_fd_sc_hd__clkbuf_16)
   0.21    1.16 ^ clkbuf_leaf_14__05313_/X (sky130_fd_sc_hd__clkbuf_16)
   0.00    1.16 ^ id_stage_i.controller_i.ctrl_fsm_cs[5]$_DFF_PN0_/CLK (sky130_fd_sc_hd__dfrtp_1)
   0.00    1.16   clock reconvergence pessimism
  -0.04    1.13   library hold time
           1.13   data required time
---------------------------------------------------------
           1.13   data required time
          -1.54   data arrival time
---------------------------------------------------------
           0.42   slack (MET)



==========================================================================
finish critical path target clock latency max path
--------------------------------------------------------------------------
1.1544

==========================================================================
finish critical path target clock latency min path
--------------------------------------------------------------------------
1.2015

==========================================================================
finish critical path source clock latency min path
--------------------------------------------------------------------------
0.0000

==========================================================================
finish critical path delay
--------------------------------------------------------------------------
8.1701

==========================================================================
finish critical path slack
--------------------------------------------------------------------------
-0.1701

==========================================================================
finish slack div critical path delay
--------------------------------------------------------------------------
-2.081982

==========================================================================
finish report_power
--------------------------------------------------------------------------
Group                  Internal  Switching    Leakage      Total
                          Power      Power      Power      Power (Watts)
----------------------------------------------------------------
Sequential             1.05e-02   2.02e-03   2.52e-08   1.26e-02  18.7%
Combinational          1.57e-02   3.03e-02   3.46e-08   4.60e-02  68.4%
Clock                  4.71e-03   3.93e-03   3.63e-09   8.63e-03  12.8%
Macro                  0.00e+00   0.00e+00   0.00e+00   0.00e+00   0.0%
Pad                    0.00e+00   0.00e+00   0.00e+00   0.00e+00   0.0%
----------------------------------------------------------------
Total                  3.10e-02   3.62e-02   6.34e-08   6.72e-02 100.0%
                          46.1%      53.9%       0.0%
