
==========================================================================
detailed place report_tns
--------------------------------------------------------------------------
tns max 0.00

==========================================================================
detailed place report_wns
--------------------------------------------------------------------------
wns max 0.00

==========================================================================
detailed place report_worst_slack
--------------------------------------------------------------------------
worst slack max 0.01

==========================================================================
detailed place report_clock_min_period
--------------------------------------------------------------------------
clk period_min = 0.81 fmax = 1233.83

==========================================================================
detailed place report_checks -path_delay min
--------------------------------------------------------------------------
Startpoint: u0.r0.rcnt[0]$_SDFF_PP0_
            (rising edge-triggered flip-flop clocked by clk)
Endpoint: u0.r0.out[31]$_SDFF_PP0_
          (rising edge-triggered flip-flop clocked by clk)
Path Group: clk
Path Type: min

Fanout     Cap    Slew   Delay    Time   Description
-----------------------------------------------------------------------------
                  0.00    0.00    0.00   clock clk (rise edge)
                          0.00    0.00   clock network delay (ideal)
                  0.00    0.00    0.00 ^ u0.r0.rcnt[0]$_SDFF_PP0_/CK (DFF_X1)
     3    4.81    0.02    0.07    0.07 v u0.r0.rcnt[0]$_SDFF_PP0_/QN (DFF_X1)
                                         _00838_ (net)
                  0.02    0.00    0.07 v _14692_/A1 (AND4_X1)
     1    1.37    0.01    0.03    0.11 v _14692_/ZN (AND4_X1)
                                         _02150_ (net)
                  0.01    0.00    0.11 v u0.r0.out[31]$_SDFF_PP0_/D (DFF_X1)
                                  0.11   data arrival time

                  0.00    0.00    0.00   clock clk (rise edge)
                          0.00    0.00   clock network delay (ideal)
                          0.00    0.00   clock reconvergence pessimism
                                  0.00 ^ u0.r0.out[31]$_SDFF_PP0_/CK (DFF_X1)
                          0.00    0.00   library hold time
                                  0.00   data required time
-----------------------------------------------------------------------------
                                  0.00   data required time
                                 -0.11   data arrival time
-----------------------------------------------------------------------------
                                  0.10   slack (MET)



==========================================================================
detailed place report_checks -path_delay max
--------------------------------------------------------------------------
Startpoint: u0.u0.d[1]$_DFF_P_ (rising edge-triggered flip-flop clocked by clk)
Endpoint: u0.u3.d[3]$_DFF_P_ (rising edge-triggered flip-flop clocked by clk)
Path Group: clk
Path Type: max

Fanout     Cap    Slew   Delay    Time   Description
-----------------------------------------------------------------------------
                  0.00    0.00    0.00   clock clk (rise edge)
                          0.00    0.00   clock network delay (ideal)
                  0.00    0.00    0.00 ^ u0.u0.d[1]$_DFF_P_/CK (DFF_X1)
     1    4.23    0.01    0.08    0.08 v u0.u0.d[1]$_DFF_P_/Q (DFF_X1)
                                         _00843_ (net)
                  0.01    0.00    0.08 v _18214_/A (XNOR2_X1)
     1    3.73    0.01    0.04    0.12 v _18214_/ZN (XNOR2_X1)
                                         _05672_ (net)
                  0.01    0.00    0.13 v _18234_/B (XNOR2_X1)
     3   22.66    0.11    0.14    0.26 ^ _18234_/ZN (XNOR2_X1)
                                         _05692_ (net)
                  0.11    0.01    0.27 ^ _18291_/S (MUX2_X1)
     2    2.94    0.01    0.07    0.34 v _18291_/Z (MUX2_X1)
                                         _05749_ (net)
                  0.01    0.00    0.34 v _18351_/A3 (OR3_X1)
     3   15.51    0.03    0.11    0.45 v _18351_/ZN (OR3_X1)
                                         _05809_ (net)
                  0.03    0.00    0.45 v place7576/A (BUF_X8)
    23   44.78    0.01    0.04    0.49 v place7576/Z (BUF_X8)
                                         net7576 (net)
                  0.01    0.00    0.49 v _21460_/A1 (NOR2_X1)
     4    9.38    0.05    0.06    0.55 ^ _21460_/ZN (NOR2_X1)
                                         _08918_ (net)
                  0.05    0.00    0.55 ^ place6588/A (BUF_X4)
     4    9.15    0.01    0.03    0.58 ^ place6588/Z (BUF_X4)
                                         net6588 (net)
                  0.01    0.00    0.58 ^ _24401_/A2 (AOI22_X1)
     1    1.24    0.02    0.01    0.60 v _24401_/ZN (AOI22_X1)
                                         _11859_ (net)
                  0.02    0.00    0.60 v _24474_/B (MUX2_X1)
     1    1.62    0.01    0.06    0.66 v _24474_/Z (MUX2_X1)
                                         _11932_ (net)
                  0.01    0.00    0.66 v _24538_/A2 (OAI22_X1)
     1    2.08    0.03    0.03    0.69 ^ _24538_/ZN (OAI22_X1)
                                         _11996_ (net)
                  0.03    0.00    0.69 ^ _24541_/A2 (NOR2_X1)
     1    3.95    0.01    0.02    0.71 v _24541_/ZN (NOR2_X1)
                                         _11999_ (net)
                  0.01    0.00    0.71 v _24557_/A3 (NOR3_X1)
     1    3.15    0.04    0.06    0.77 ^ _24557_/ZN (NOR3_X1)
                                         _12015_ (net)
                  0.04    0.00    0.77 ^ u0.u3.d[3]$_DFF_P_/D (DFF_X1)
                                  0.77   data arrival time

                  0.00    0.82    0.82   clock clk (rise edge)
                          0.00    0.82   clock network delay (ideal)
                          0.00    0.82   clock reconvergence pessimism
                                  0.82 ^ u0.u3.d[3]$_DFF_P_/CK (DFF_X1)
                         -0.04    0.78   library setup time
                                  0.78   data required time
-----------------------------------------------------------------------------
                                  0.78   data required time
                                 -0.77   data arrival time
-----------------------------------------------------------------------------
                                  0.01   slack (MET)



==========================================================================
detailed place report_checks -unconstrained
--------------------------------------------------------------------------
Startpoint: u0.u0.d[1]$_DFF_P_ (rising edge-triggered flip-flop clocked by clk)
Endpoint: u0.u3.d[3]$_DFF_P_ (rising edge-triggered flip-flop clocked by clk)
Path Group: clk
Path Type: max

Fanout     Cap    Slew   Delay    Time   Description
-----------------------------------------------------------------------------
                  0.00    0.00    0.00   clock clk (rise edge)
                          0.00    0.00   clock network delay (ideal)
                  0.00    0.00    0.00 ^ u0.u0.d[1]$_DFF_P_/CK (DFF_X1)
     1    4.23    0.01    0.08    0.08 v u0.u0.d[1]$_DFF_P_/Q (DFF_X1)
                                         _00843_ (net)
                  0.01    0.00    0.08 v _18214_/A (XNOR2_X1)
     1    3.73    0.01    0.04    0.12 v _18214_/ZN (XNOR2_X1)
                                         _05672_ (net)
                  0.01    0.00    0.13 v _18234_/B (XNOR2_X1)
     3   22.66    0.11    0.14    0.26 ^ _18234_/ZN (XNOR2_X1)
                                         _05692_ (net)
                  0.11    0.01    0.27 ^ _18291_/S (MUX2_X1)
     2    2.94    0.01    0.07    0.34 v _18291_/Z (MUX2_X1)
                                         _05749_ (net)
                  0.01    0.00    0.34 v _18351_/A3 (OR3_X1)
     3   15.51    0.03    0.11    0.45 v _18351_/ZN (OR3_X1)
                                         _05809_ (net)
                  0.03    0.00    0.45 v place7576/A (BUF_X8)
    23   44.78    0.01    0.04    0.49 v place7576/Z (BUF_X8)
                                         net7576 (net)
                  0.01    0.00    0.49 v _21460_/A1 (NOR2_X1)
     4    9.38    0.05    0.06    0.55 ^ _21460_/ZN (NOR2_X1)
                                         _08918_ (net)
                  0.05    0.00    0.55 ^ place6588/A (BUF_X4)
     4    9.15    0.01    0.03    0.58 ^ place6588/Z (BUF_X4)
                                         net6588 (net)
                  0.01    0.00    0.58 ^ _24401_/A2 (AOI22_X1)
     1    1.24    0.02    0.01    0.60 v _24401_/ZN (AOI22_X1)
                                         _11859_ (net)
                  0.02    0.00    0.60 v _24474_/B (MUX2_X1)
     1    1.62    0.01    0.06    0.66 v _24474_/Z (MUX2_X1)
                                         _11932_ (net)
                  0.01    0.00    0.66 v _24538_/A2 (OAI22_X1)
     1    2.08    0.03    0.03    0.69 ^ _24538_/ZN (OAI22_X1)
                                         _11996_ (net)
                  0.03    0.00    0.69 ^ _24541_/A2 (NOR2_X1)
     1    3.95    0.01    0.02    0.71 v _24541_/ZN (NOR2_X1)
                                         _11999_ (net)
                  0.01    0.00    0.71 v _24557_/A3 (NOR3_X1)
     1    3.15    0.04    0.06    0.77 ^ _24557_/ZN (NOR3_X1)
                                         _12015_ (net)
                  0.04    0.00    0.77 ^ u0.u3.d[3]$_DFF_P_/D (DFF_X1)
                                  0.77   data arrival time

                  0.00    0.82    0.82   clock clk (rise edge)
                          0.00    0.82   clock network delay (ideal)
                          0.00    0.82   clock reconvergence pessimism
                                  0.82 ^ u0.u3.d[3]$_DFF_P_/CK (DFF_X1)
                         -0.04    0.78   library setup time
                                  0.78   data required time
-----------------------------------------------------------------------------
                                  0.78   data required time
                                 -0.77   data arrival time
-----------------------------------------------------------------------------
                                  0.01   slack (MET)



==========================================================================
detailed place report_check_types -max_slew -max_cap -max_fanout -violators
--------------------------------------------------------------------------

==========================================================================
detailed place max_slew_check_slack
--------------------------------------------------------------------------
0.0874553993344307

==========================================================================
detailed place max_slew_check_limit
--------------------------------------------------------------------------
0.1985349953174591

==========================================================================
detailed place max_slew_check_slack_limit
--------------------------------------------------------------------------
0.4405

==========================================================================
detailed place max_fanout_check_slack
--------------------------------------------------------------------------
1.0000000150474662e+30

==========================================================================
detailed place max_fanout_check_limit
--------------------------------------------------------------------------
1.0000000150474662e+30

==========================================================================
detailed place max_capacitance_check_slack
--------------------------------------------------------------------------
3.351914405822754

==========================================================================
detailed place max_capacitance_check_limit
--------------------------------------------------------------------------
26.016199111938477

==========================================================================
detailed place max_capacitance_check_slack_limit
--------------------------------------------------------------------------
0.1288

==========================================================================
detailed place max_slew_violation_count
--------------------------------------------------------------------------
max slew violation count 0

==========================================================================
detailed place max_fanout_violation_count
--------------------------------------------------------------------------
max fanout violation count 0

==========================================================================
detailed place max_cap_violation_count
--------------------------------------------------------------------------
max cap violation count 0

==========================================================================
detailed place setup_violation_count
--------------------------------------------------------------------------
setup violation count 0

==========================================================================
detailed place hold_violation_count
--------------------------------------------------------------------------
hold violation count 0

==========================================================================
detailed place report_checks -path_delay max reg to reg
--------------------------------------------------------------------------
Startpoint: u0.u0.d[1]$_DFF_P_ (rising edge-triggered flip-flop clocked by clk)
Endpoint: u0.u3.d[3]$_DFF_P_ (rising edge-triggered flip-flop clocked by clk)
Path Group: clk
Path Type: max

  Delay    Time   Description
---------------------------------------------------------
   0.00    0.00   clock clk (rise edge)
   0.00    0.00   clock network delay (ideal)
   0.00    0.00 ^ u0.u0.d[1]$_DFF_P_/CK (DFF_X1)
   0.08    0.08 v u0.u0.d[1]$_DFF_P_/Q (DFF_X1)
   0.04    0.12 v _18214_/ZN (XNOR2_X1)
   0.14    0.26 ^ _18234_/ZN (XNOR2_X1)
   0.07    0.34 v _18291_/Z (MUX2_X1)
   0.11    0.45 v _18351_/ZN (OR3_X1)
   0.04    0.49 v place7576/Z (BUF_X8)
   0.06    0.55 ^ _21460_/ZN (NOR2_X1)
   0.03    0.58 ^ place6588/Z (BUF_X4)
   0.01    0.60 v _24401_/ZN (AOI22_X1)
   0.06    0.66 v _24474_/Z (MUX2_X1)
   0.03    0.69 ^ _24538_/ZN (OAI22_X1)
   0.02    0.71 v _24541_/ZN (NOR2_X1)
   0.06    0.77 ^ _24557_/ZN (NOR3_X1)
   0.00    0.77 ^ u0.u3.d[3]$_DFF_P_/D (DFF_X1)
           0.77   data arrival time

   0.82    0.82   clock clk (rise edge)
   0.00    0.82   clock network delay (ideal)
   0.00    0.82   clock reconvergence pessimism
           0.82 ^ u0.u3.d[3]$_DFF_P_/CK (DFF_X1)
  -0.04    0.78   library setup time
           0.78   data required time
---------------------------------------------------------
           0.78   data required time
          -0.77   data arrival time
---------------------------------------------------------
           0.01   slack (MET)



==========================================================================
detailed place report_checks -path_delay min reg to reg
--------------------------------------------------------------------------
Startpoint: u0.r0.rcnt[0]$_SDFF_PP0_
            (rising edge-triggered flip-flop clocked by clk)
Endpoint: u0.r0.out[31]$_SDFF_PP0_
          (rising edge-triggered flip-flop clocked by clk)
Path Group: clk
Path Type: min

  Delay    Time   Description
---------------------------------------------------------
   0.00    0.00   clock clk (rise edge)
   0.00    0.00   clock network delay (ideal)
   0.00    0.00 ^ u0.r0.rcnt[0]$_SDFF_PP0_/CK (DFF_X1)
   0.07    0.07 v u0.r0.rcnt[0]$_SDFF_PP0_/QN (DFF_X1)
   0.03    0.11 v _14692_/ZN (AND4_X1)
   0.00    0.11 v u0.r0.out[31]$_SDFF_PP0_/D (DFF_X1)
           0.11   data arrival time

   0.00    0.00   clock clk (rise edge)
   0.00    0.00   clock network delay (ideal)
   0.00    0.00   clock reconvergence pessimism
           0.00 ^ u0.r0.out[31]$_SDFF_PP0_/CK (DFF_X1)
   0.00    0.00   library hold time
           0.00   data required time
---------------------------------------------------------
           0.00   data required time
          -0.11   data arrival time
---------------------------------------------------------
           0.10   slack (MET)



==========================================================================
detailed place critical path target clock latency max path
--------------------------------------------------------------------------
0.0000

==========================================================================
detailed place critical path target clock latency min path
--------------------------------------------------------------------------
0.0000

==========================================================================
detailed place critical path source clock latency min path
--------------------------------------------------------------------------
0.0000

==========================================================================
detailed place critical path delay
--------------------------------------------------------------------------
0.7715

==========================================================================
detailed place critical path slack
--------------------------------------------------------------------------
0.0095

==========================================================================
detailed place slack div critical path delay
--------------------------------------------------------------------------
1.231367

==========================================================================
detailed place report_power
--------------------------------------------------------------------------
Group                  Internal  Switching    Leakage      Total
                          Power      Power      Power      Power (Watts)
----------------------------------------------------------------
Sequential             9.01e-03   3.58e-03   4.45e-05   1.26e-02   4.3%
Combinational          1.27e-01   1.52e-01   4.56e-04   2.80e-01  95.7%
Clock                  0.00e+00   0.00e+00   0.00e+00   0.00e+00   0.0%
Macro                  0.00e+00   0.00e+00   0.00e+00   0.00e+00   0.0%
Pad                    0.00e+00   0.00e+00   0.00e+00   0.00e+00   0.0%
----------------------------------------------------------------
Total                  1.36e-01   1.55e-01   5.01e-04   2.92e-01 100.0%
                          46.6%      53.2%       0.2%
