
==========================================================================
global place report_tns
--------------------------------------------------------------------------
tns max 0.00

==========================================================================
global place report_wns
--------------------------------------------------------------------------
wns max 0.00

==========================================================================
global place report_worst_slack
--------------------------------------------------------------------------
worst slack max 0.01

==========================================================================
global place report_clock_min_period
--------------------------------------------------------------------------
clk period_min = 0.81 fmax = 1228.58

==========================================================================
global place report_checks -path_delay min
--------------------------------------------------------------------------
Startpoint: u0.r0.rcnt[0]$_SDFF_PP0_
            (rising edge-triggered flip-flop clocked by clk)
Endpoint: u0.r0.out[31]$_SDFF_PP0_
          (rising edge-triggered flip-flop clocked by clk)
Path Group: clk
Path Type: min

Fanout     Cap    Slew   Delay    Time   Description
-----------------------------------------------------------------------------
                  0.00    0.00    0.00   clock clk (rise edge)
                          0.00    0.00   clock network delay (ideal)
                  0.00    0.00    0.00 ^ u0.r0.rcnt[0]$_SDFF_PP0_/CK (DFF_X1)
     3    4.49    0.01    0.07    0.07 v u0.r0.rcnt[0]$_SDFF_PP0_/QN (DFF_X1)
                                         _00838_ (net)
                  0.01    0.00    0.07 v _14692_/A1 (AND4_X1)
     1    1.53    0.01    0.04    0.11 v _14692_/ZN (AND4_X1)
                                         _02150_ (net)
                  0.01    0.00    0.11 v u0.r0.out[31]$_SDFF_PP0_/D (DFF_X1)
                                  0.11   data arrival time

                  0.00    0.00    0.00   clock clk (rise edge)
                          0.00    0.00   clock network delay (ideal)
                          0.00    0.00   clock reconvergence pessimism
                                  0.00 ^ u0.r0.out[31]$_SDFF_PP0_/CK (DFF_X1)
                          0.00    0.00   library hold time
                                  0.00   data required time
-----------------------------------------------------------------------------
                                  0.00   data required time
                                 -0.11   data arrival time
-----------------------------------------------------------------------------
                                  0.10   slack (MET)



==========================================================================
global place report_checks -path_delay max
--------------------------------------------------------------------------
Startpoint: u0.u0.d[1]$_DFF_P_ (rising edge-triggered flip-flop clocked by clk)
Endpoint: u0.u3.d[7]$_DFF_P_ (rising edge-triggered flip-flop clocked by clk)
Path Group: clk
Path Type: max

Fanout     Cap    Slew   Delay    Time   Description
-----------------------------------------------------------------------------
                  0.00    0.00    0.00   clock clk (rise edge)
                          0.00    0.00   clock network delay (ideal)
                  0.00    0.00    0.00 ^ u0.u0.d[1]$_DFF_P_/CK (DFF_X1)
     1    4.22    0.01    0.08    0.08 v u0.u0.d[1]$_DFF_P_/Q (DFF_X1)
                                         _00843_ (net)
                  0.01    0.00    0.08 v _18214_/A (XNOR2_X1)
     1    3.52    0.01    0.04    0.12 v _18214_/ZN (XNOR2_X1)
                                         _05672_ (net)
                  0.01    0.00    0.12 v _18234_/B (XNOR2_X1)
     3   23.16    0.11    0.14    0.26 ^ _18234_/ZN (XNOR2_X1)
                                         _05692_ (net)
                  0.11    0.01    0.27 ^ _18291_/S (MUX2_X1)
     2    2.92    0.01    0.07    0.34 v _18291_/Z (MUX2_X1)
                                         _05749_ (net)
                  0.01    0.00    0.34 v _18351_/A3 (OR3_X1)
     3   16.06    0.03    0.11    0.45 v _18351_/ZN (OR3_X1)
                                         _05809_ (net)
                  0.03    0.00    0.45 v place7576/A (BUF_X8)
    23   45.84    0.01    0.04    0.49 v place7576/Z (BUF_X8)
                                         net7576 (net)
                  0.01    0.00    0.49 v _21460_/A1 (NOR2_X1)
     4    9.15    0.05    0.06    0.55 ^ _21460_/ZN (NOR2_X1)
                                         _08918_ (net)
                  0.05    0.00    0.55 ^ place6587/A (BUF_X1)
     3    5.91    0.02    0.04    0.60 ^ place6587/Z (BUF_X1)
                                         net6587 (net)
                  0.02    0.00    0.60 ^ _21608_/A2 (OAI22_X1)
     1    3.09    0.01    0.02    0.62 v _21608_/ZN (OAI22_X1)
                                         _09066_ (net)
                  0.01    0.00    0.62 v _21621_/B (MUX2_X1)
     1    1.81    0.01    0.06    0.68 v _21621_/Z (MUX2_X1)
                                         _09079_ (net)
                  0.01    0.00    0.68 v _21649_/B1 (AOI22_X1)
     1    4.13    0.04    0.05    0.73 ^ _21649_/ZN (AOI22_X1)
                                         _09107_ (net)
                  0.04    0.00    0.73 ^ _22290_/A1 (NAND4_X1)
     1    2.39    0.02    0.03    0.77 v _22290_/ZN (NAND4_X1)
                                         _09748_ (net)
                  0.02    0.00    0.77 v u0.u3.d[7]$_DFF_P_/D (DFF_X1)
                                  0.77   data arrival time

                  0.00    0.82    0.82   clock clk (rise edge)
                          0.00    0.82   clock network delay (ideal)
                          0.00    0.82   clock reconvergence pessimism
                                  0.82 ^ u0.u3.d[7]$_DFF_P_/CK (DFF_X1)
                         -0.05    0.77   library setup time
                                  0.77   data required time
-----------------------------------------------------------------------------
                                  0.77   data required time
                                 -0.77   data arrival time
-----------------------------------------------------------------------------
                                  0.01   slack (MET)



==========================================================================
global place report_checks -unconstrained
--------------------------------------------------------------------------
Startpoint: u0.u0.d[1]$_DFF_P_ (rising edge-triggered flip-flop clocked by clk)
Endpoint: u0.u3.d[7]$_DFF_P_ (rising edge-triggered flip-flop clocked by clk)
Path Group: clk
Path Type: max

Fanout     Cap    Slew   Delay    Time   Description
-----------------------------------------------------------------------------
                  0.00    0.00    0.00   clock clk (rise edge)
                          0.00    0.00   clock network delay (ideal)
                  0.00    0.00    0.00 ^ u0.u0.d[1]$_DFF_P_/CK (DFF_X1)
     1    4.22    0.01    0.08    0.08 v u0.u0.d[1]$_DFF_P_/Q (DFF_X1)
                                         _00843_ (net)
                  0.01    0.00    0.08 v _18214_/A (XNOR2_X1)
     1    3.52    0.01    0.04    0.12 v _18214_/ZN (XNOR2_X1)
                                         _05672_ (net)
                  0.01    0.00    0.12 v _18234_/B (XNOR2_X1)
     3   23.16    0.11    0.14    0.26 ^ _18234_/ZN (XNOR2_X1)
                                         _05692_ (net)
                  0.11    0.01    0.27 ^ _18291_/S (MUX2_X1)
     2    2.92    0.01    0.07    0.34 v _18291_/Z (MUX2_X1)
                                         _05749_ (net)
                  0.01    0.00    0.34 v _18351_/A3 (OR3_X1)
     3   16.06    0.03    0.11    0.45 v _18351_/ZN (OR3_X1)
                                         _05809_ (net)
                  0.03    0.00    0.45 v place7576/A (BUF_X8)
    23   45.84    0.01    0.04    0.49 v place7576/Z (BUF_X8)
                                         net7576 (net)
                  0.01    0.00    0.49 v _21460_/A1 (NOR2_X1)
     4    9.15    0.05    0.06    0.55 ^ _21460_/ZN (NOR2_X1)
                                         _08918_ (net)
                  0.05    0.00    0.55 ^ place6587/A (BUF_X1)
     3    5.91    0.02    0.04    0.60 ^ place6587/Z (BUF_X1)
                                         net6587 (net)
                  0.02    0.00    0.60 ^ _21608_/A2 (OAI22_X1)
     1    3.09    0.01    0.02    0.62 v _21608_/ZN (OAI22_X1)
                                         _09066_ (net)
                  0.01    0.00    0.62 v _21621_/B (MUX2_X1)
     1    1.81    0.01    0.06    0.68 v _21621_/Z (MUX2_X1)
                                         _09079_ (net)
                  0.01    0.00    0.68 v _21649_/B1 (AOI22_X1)
     1    4.13    0.04    0.05    0.73 ^ _21649_/ZN (AOI22_X1)
                                         _09107_ (net)
                  0.04    0.00    0.73 ^ _22290_/A1 (NAND4_X1)
     1    2.39    0.02    0.03    0.77 v _22290_/ZN (NAND4_X1)
                                         _09748_ (net)
                  0.02    0.00    0.77 v u0.u3.d[7]$_DFF_P_/D (DFF_X1)
                                  0.77   data arrival time

                  0.00    0.82    0.82   clock clk (rise edge)
                          0.00    0.82   clock network delay (ideal)
                          0.00    0.82   clock reconvergence pessimism
                                  0.82 ^ u0.u3.d[7]$_DFF_P_/CK (DFF_X1)
                         -0.05    0.77   library setup time
                                  0.77   data required time
-----------------------------------------------------------------------------
                                  0.77   data required time
                                 -0.77   data arrival time
-----------------------------------------------------------------------------
                                  0.01   slack (MET)



==========================================================================
global place report_power
--------------------------------------------------------------------------
Group                  Internal  Switching    Leakage      Total
                          Power      Power      Power      Power (Watts)
----------------------------------------------------------------
Sequential             9.01e-03   3.60e-03   4.45e-05   1.26e-02   4.3%
Combinational          1.27e-01   1.54e-01   4.56e-04   2.82e-01  95.7%
Clock                  0.00e+00   0.00e+00   0.00e+00   0.00e+00   0.0%
Macro                  0.00e+00   0.00e+00   0.00e+00   0.00e+00   0.0%
Pad                    0.00e+00   0.00e+00   0.00e+00   0.00e+00   0.0%
----------------------------------------------------------------
Total                  1.36e-01   1.58e-01   5.01e-04   2.95e-01 100.0%
                          46.3%      53.5%       0.2%
