
==========================================================================
cts final report_tns
--------------------------------------------------------------------------
tns max 0.00

==========================================================================
cts final report_wns
--------------------------------------------------------------------------
wns max 0.00

==========================================================================
cts final report_worst_slack
--------------------------------------------------------------------------
worst slack max 0.01

==========================================================================
cts final report_clock_min_period
--------------------------------------------------------------------------
clk period_min = 0.81 fmax = 1237.73

==========================================================================
cts final report_clock_skew
--------------------------------------------------------------------------
Clock clk
   0.20 source latency sa21_sr[6]$_DFF_P_/CK ^
  -0.15 target latency text_out[78]$_DFF_P_/CK ^
   0.00 CRPR
--------------
   0.04 setup skew


==========================================================================
cts final report_checks -path_delay min
--------------------------------------------------------------------------
Startpoint: text_in[127] (input port clocked by clk)
Endpoint: text_in_r[127]$_DFFE_PP_
          (rising edge-triggered flip-flop clocked by clk)
Path Group: clk
Path Type: min

Fanout     Cap    Slew   Delay    Time   Description
-----------------------------------------------------------------------------
                          0.00    0.00   clock clk (rise edge)
                          0.00    0.00   clock network delay (propagated)
                          0.16    0.16 ^ input external delay
     1    2.49    0.00    0.00    0.16 ^ text_in[127] (in)
                                         text_in[127] (net)
                  0.00    0.00    0.16 ^ input161/A (BUF_X1)
     1    1.12    0.01    0.02    0.18 ^ input161/Z (BUF_X1)
                                         net161 (net)
                  0.01    0.00    0.18 ^ _14935_/B (MUX2_X1)
     1    1.52    0.01    0.03    0.21 ^ _14935_/Z (MUX2_X1)
                                         _02393_ (net)
                  0.01    0.00    0.21 ^ text_in_r[127]$_DFFE_PP_/D (DFF_X1)
                                  0.21   data arrival time

                          0.00    0.00   clock clk (rise edge)
                          0.00    0.00   clock source latency
     1   22.29    0.00    0.00    0.00 ^ clk (in)
                                         clk (net)
                  0.00    0.00    0.00 ^ clkbuf_0_clk/A (CLKBUF_X3)
     8   61.56    0.05    0.07    0.08 ^ clkbuf_0_clk/Z (CLKBUF_X3)
                                         clknet_0_clk (net)
                  0.05    0.00    0.08 ^ clkbuf_3_4__f_clk/A (CLKBUF_X3)
    15   45.74    0.04    0.08    0.16 ^ clkbuf_3_4__f_clk/Z (CLKBUF_X3)
                                         clknet_3_4__leaf_clk (net)
                  0.04    0.00    0.16 ^ clkbuf_leaf_66_clk/A (CLKBUF_X3)
     9   11.05    0.01    0.05    0.21 ^ clkbuf_leaf_66_clk/Z (CLKBUF_X3)
                                         clknet_leaf_66_clk (net)
                  0.01    0.00    0.21 ^ text_in_r[127]$_DFFE_PP_/CK (DFF_X1)
                          0.00    0.21   clock reconvergence pessimism
                          0.01    0.21   library hold time
                                  0.21   data required time
-----------------------------------------------------------------------------
                                  0.21   data required time
                                 -0.21   data arrival time
-----------------------------------------------------------------------------
                                  0.00   slack (MET)



==========================================================================
cts final report_checks -path_delay max
--------------------------------------------------------------------------
Startpoint: sa33_sr[2]$_DFF_P_ (rising edge-triggered flip-flop clocked by clk)
Endpoint: sa21_sr[1]$_DFF_P_ (rising edge-triggered flip-flop clocked by clk)
Path Group: clk
Path Type: max

Fanout     Cap    Slew   Delay    Time   Description
-----------------------------------------------------------------------------
                          0.00    0.00   clock clk (rise edge)
                          0.00    0.00   clock source latency
     1   22.29    0.00    0.00    0.00 ^ clk (in)
                                         clk (net)
                  0.00    0.00    0.00 ^ clkbuf_0_clk/A (CLKBUF_X3)
     8   61.56    0.05    0.07    0.08 ^ clkbuf_0_clk/Z (CLKBUF_X3)
                                         clknet_0_clk (net)
                  0.05    0.00    0.08 ^ clkbuf_3_6__f_clk/A (CLKBUF_X3)
    14   47.23    0.04    0.08    0.16 ^ clkbuf_3_6__f_clk/Z (CLKBUF_X3)
                                         clknet_3_6__leaf_clk (net)
                  0.04    0.00    0.16 ^ clkbuf_leaf_25_clk/A (CLKBUF_X3)
     8   10.07    0.01    0.05    0.21 ^ clkbuf_leaf_25_clk/Z (CLKBUF_X3)
                                         clknet_leaf_25_clk (net)
                  0.01    0.00    0.21 ^ sa33_sr[2]$_DFF_P_/CK (DFF_X1)
     5   28.11    0.06    0.14    0.35 ^ sa33_sr[2]$_DFF_P_/Q (DFF_X1)
                                         _00695_ (net)
                  0.06    0.01    0.36 ^ _18980_/A (XNOR2_X1)
     4    9.88    0.06    0.07    0.43 ^ _18980_/ZN (XNOR2_X1)
                                         _06438_ (net)
                  0.06    0.00    0.43 ^ _18984_/B (XNOR2_X1)
     1    3.92    0.03    0.05    0.49 ^ _18984_/ZN (XNOR2_X1)
                                         _06442_ (net)
                  0.03    0.00    0.49 ^ _18986_/A (XNOR2_X1)
     2    5.58    0.04    0.05    0.54 ^ _18986_/ZN (XNOR2_X1)
                                         _06444_ (net)
                  0.04    0.00    0.54 ^ _18992_/S (MUX2_X1)
     2    4.00    0.01    0.07    0.61 v _18992_/Z (MUX2_X1)
                                         _06450_ (net)
                  0.01    0.00    0.61 v _18998_/A1 (NOR2_X2)
     7   20.44    0.05    0.07    0.67 ^ _18998_/ZN (NOR2_X2)
                                         _06456_ (net)
                  0.05    0.00    0.68 ^ place6848/A (BUF_X2)
    11   22.30    0.03    0.05    0.73 ^ place6848/Z (BUF_X2)
                                         net6848 (net)
                  0.03    0.00    0.73 ^ _19264_/A1 (NOR2_X1)
     2    4.62    0.01    0.02    0.75 v _19264_/ZN (NOR2_X1)
                                         _06722_ (net)
                  0.01    0.00    0.75 v _19569_/C2 (AOI221_X1)
     1    1.95    0.04    0.06    0.80 ^ _19569_/ZN (AOI221_X1)
                                         _07027_ (net)
                  0.04    0.00    0.80 ^ _19573_/B1 (OAI221_X1)
     1    2.88    0.02    0.04    0.84 v _19573_/ZN (OAI221_X1)
                                         _07031_ (net)
                  0.02    0.00    0.84 v _19574_/A2 (AND2_X1)
     1    1.87    0.01    0.04    0.88 v _19574_/ZN (AND2_X1)
                                         _07032_ (net)
                  0.01    0.00    0.88 v _19603_/B1 (AOI221_X1)
     1    3.62    0.05    0.08    0.96 ^ _19603_/ZN (AOI221_X1)
                                         _07061_ (net)
                  0.05    0.00    0.96 ^ sa21_sr[1]$_DFF_P_/D (DFF_X1)
                                  0.96   data arrival time

                          0.82    0.82   clock clk (rise edge)
                          0.00    0.82   clock source latency
     1   22.29    0.00    0.00    0.82 ^ clk (in)
                                         clk (net)
                  0.00    0.00    0.82 ^ clkbuf_0_clk/A (CLKBUF_X3)
     8   61.56    0.05    0.07    0.90 ^ clkbuf_0_clk/Z (CLKBUF_X3)
                                         clknet_0_clk (net)
                  0.05    0.00    0.90 ^ clkbuf_3_3__f_clk/A (CLKBUF_X3)
    11   38.79    0.03    0.07    0.97 ^ clkbuf_3_3__f_clk/Z (CLKBUF_X3)
                                         clknet_3_3__leaf_clk (net)
                  0.03    0.00    0.97 ^ clkbuf_leaf_6_clk/A (CLKBUF_X3)
     7    9.16    0.01    0.04    1.01 ^ clkbuf_leaf_6_clk/Z (CLKBUF_X3)
                                         clknet_leaf_6_clk (net)
                  0.01    0.00    1.01 ^ sa21_sr[1]$_DFF_P_/CK (DFF_X1)
                          0.00    1.01   clock reconvergence pessimism
                         -0.04    0.97   library setup time
                                  0.97   data required time
-----------------------------------------------------------------------------
                                  0.97   data required time
                                 -0.96   data arrival time
-----------------------------------------------------------------------------
                                  0.01   slack (MET)



==========================================================================
cts final report_checks -unconstrained
--------------------------------------------------------------------------
Startpoint: sa33_sr[2]$_DFF_P_ (rising edge-triggered flip-flop clocked by clk)
Endpoint: sa21_sr[1]$_DFF_P_ (rising edge-triggered flip-flop clocked by clk)
Path Group: clk
Path Type: max

Fanout     Cap    Slew   Delay    Time   Description
-----------------------------------------------------------------------------
                          0.00    0.00   clock clk (rise edge)
                          0.00    0.00   clock source latency
     1   22.29    0.00    0.00    0.00 ^ clk (in)
                                         clk (net)
                  0.00    0.00    0.00 ^ clkbuf_0_clk/A (CLKBUF_X3)
     8   61.56    0.05    0.07    0.08 ^ clkbuf_0_clk/Z (CLKBUF_X3)
                                         clknet_0_clk (net)
                  0.05    0.00    0.08 ^ clkbuf_3_6__f_clk/A (CLKBUF_X3)
    14   47.23    0.04    0.08    0.16 ^ clkbuf_3_6__f_clk/Z (CLKBUF_X3)
                                         clknet_3_6__leaf_clk (net)
                  0.04    0.00    0.16 ^ clkbuf_leaf_25_clk/A (CLKBUF_X3)
     8   10.07    0.01    0.05    0.21 ^ clkbuf_leaf_25_clk/Z (CLKBUF_X3)
                                         clknet_leaf_25_clk (net)
                  0.01    0.00    0.21 ^ sa33_sr[2]$_DFF_P_/CK (DFF_X1)
     5   28.11    0.06    0.14    0.35 ^ sa33_sr[2]$_DFF_P_/Q (DFF_X1)
                                         _00695_ (net)
                  0.06    0.01    0.36 ^ _18980_/A (XNOR2_X1)
     4    9.88    0.06    0.07    0.43 ^ _18980_/ZN (XNOR2_X1)
                                         _06438_ (net)
                  0.06    0.00    0.43 ^ _18984_/B (XNOR2_X1)
     1    3.92    0.03    0.05    0.49 ^ _18984_/ZN (XNOR2_X1)
                                         _06442_ (net)
                  0.03    0.00    0.49 ^ _18986_/A (XNOR2_X1)
     2    5.58    0.04    0.05    0.54 ^ _18986_/ZN (XNOR2_X1)
                                         _06444_ (net)
                  0.04    0.00    0.54 ^ _18992_/S (MUX2_X1)
     2    4.00    0.01    0.07    0.61 v _18992_/Z (MUX2_X1)
                                         _06450_ (net)
                  0.01    0.00    0.61 v _18998_/A1 (NOR2_X2)
     7   20.44    0.05    0.07    0.67 ^ _18998_/ZN (NOR2_X2)
                                         _06456_ (net)
                  0.05    0.00    0.68 ^ place6848/A (BUF_X2)
    11   22.30    0.03    0.05    0.73 ^ place6848/Z (BUF_X2)
                                         net6848 (net)
                  0.03    0.00    0.73 ^ _19264_/A1 (NOR2_X1)
     2    4.62    0.01    0.02    0.75 v _19264_/ZN (NOR2_X1)
                                         _06722_ (net)
                  0.01    0.00    0.75 v _19569_/C2 (AOI221_X1)
     1    1.95    0.04    0.06    0.80 ^ _19569_/ZN (AOI221_X1)
                                         _07027_ (net)
                  0.04    0.00    0.80 ^ _19573_/B1 (OAI221_X1)
     1    2.88    0.02    0.04    0.84 v _19573_/ZN (OAI221_X1)
                                         _07031_ (net)
                  0.02    0.00    0.84 v _19574_/A2 (AND2_X1)
     1    1.87    0.01    0.04    0.88 v _19574_/ZN (AND2_X1)
                                         _07032_ (net)
                  0.01    0.00    0.88 v _19603_/B1 (AOI221_X1)
     1    3.62    0.05    0.08    0.96 ^ _19603_/ZN (AOI221_X1)
                                         _07061_ (net)
                  0.05    0.00    0.96 ^ sa21_sr[1]$_DFF_P_/D (DFF_X1)
                                  0.96   data arrival time

                          0.82    0.82   clock clk (rise edge)
                          0.00    0.82   clock source latency
     1   22.29    0.00    0.00    0.82 ^ clk (in)
                                         clk (net)
                  0.00    0.00    0.82 ^ clkbuf_0_clk/A (CLKBUF_X3)
     8   61.56    0.05    0.07    0.90 ^ clkbuf_0_clk/Z (CLKBUF_X3)
                                         clknet_0_clk (net)
                  0.05    0.00    0.90 ^ clkbuf_3_3__f_clk/A (CLKBUF_X3)
    11   38.79    0.03    0.07    0.97 ^ clkbuf_3_3__f_clk/Z (CLKBUF_X3)
                                         clknet_3_3__leaf_clk (net)
                  0.03    0.00    0.97 ^ clkbuf_leaf_6_clk/A (CLKBUF_X3)
     7    9.16    0.01    0.04    1.01 ^ clkbuf_leaf_6_clk/Z (CLKBUF_X3)
                                         clknet_leaf_6_clk (net)
                  0.01    0.00    1.01 ^ sa21_sr[1]$_DFF_P_/CK (DFF_X1)
                          0.00    1.01   clock reconvergence pessimism
                         -0.04    0.97   library setup time
                                  0.97   data required time
-----------------------------------------------------------------------------
                                  0.97   data required time
                                 -0.96   data arrival time
-----------------------------------------------------------------------------
                                  0.01   slack (MET)



==========================================================================
cts final report_check_types -max_slew -max_cap -max_fanout -violators
--------------------------------------------------------------------------

==========================================================================
cts final max_slew_check_slack
--------------------------------------------------------------------------
0.09024515002965927

==========================================================================
cts final max_slew_check_limit
--------------------------------------------------------------------------
0.1985349953174591

==========================================================================
cts final max_slew_check_slack_limit
--------------------------------------------------------------------------
0.4546

==========================================================================
cts final max_fanout_check_slack
--------------------------------------------------------------------------
1.0000000150474662e+30

==========================================================================
cts final max_fanout_check_limit
--------------------------------------------------------------------------
1.0000000150474662e+30

==========================================================================
cts final max_capacitance_check_slack
--------------------------------------------------------------------------
3.899653196334839

==========================================================================
cts final max_capacitance_check_limit
--------------------------------------------------------------------------
11.482199668884277

==========================================================================
cts final max_capacitance_check_slack_limit
--------------------------------------------------------------------------
0.3396

==========================================================================
cts final max_slew_violation_count
--------------------------------------------------------------------------
max slew violation count 0

==========================================================================
cts final max_fanout_violation_count
--------------------------------------------------------------------------
max fanout violation count 0

==========================================================================
cts final max_cap_violation_count
--------------------------------------------------------------------------
max cap violation count 0

==========================================================================
cts final setup_violation_count
--------------------------------------------------------------------------
setup violation count 0

==========================================================================
cts final hold_violation_count
--------------------------------------------------------------------------
hold violation count 0

==========================================================================
cts final report_checks -path_delay max reg to reg
--------------------------------------------------------------------------
Startpoint: sa33_sr[2]$_DFF_P_ (rising edge-triggered flip-flop clocked by clk)
Endpoint: sa21_sr[1]$_DFF_P_ (rising edge-triggered flip-flop clocked by clk)
Path Group: clk
Path Type: max

  Delay    Time   Description
---------------------------------------------------------
   0.00    0.00   clock clk (rise edge)
   0.00    0.00   clock source latency
   0.00    0.00 ^ clk (in)
   0.08    0.08 ^ clkbuf_0_clk/Z (CLKBUF_X3)
   0.08    0.16 ^ clkbuf_3_6__f_clk/Z (CLKBUF_X3)
   0.05    0.21 ^ clkbuf_leaf_25_clk/Z (CLKBUF_X3)
   0.00    0.21 ^ sa33_sr[2]$_DFF_P_/CK (DFF_X1)
   0.14    0.35 ^ sa33_sr[2]$_DFF_P_/Q (DFF_X1)
   0.08    0.43 ^ _18980_/ZN (XNOR2_X1)
   0.05    0.49 ^ _18984_/ZN (XNOR2_X1)
   0.05    0.54 ^ _18986_/ZN (XNOR2_X1)
   0.07    0.61 v _18992_/Z (MUX2_X1)
   0.07    0.67 ^ _18998_/ZN (NOR2_X2)
   0.05    0.73 ^ place6848/Z (BUF_X2)
   0.02    0.75 v _19264_/ZN (NOR2_X1)
   0.06    0.80 ^ _19569_/ZN (AOI221_X1)
   0.04    0.84 v _19573_/ZN (OAI221_X1)
   0.04    0.88 v _19574_/ZN (AND2_X1)
   0.08    0.96 ^ _19603_/ZN (AOI221_X1)
   0.00    0.96 ^ sa21_sr[1]$_DFF_P_/D (DFF_X1)
           0.96   data arrival time

   0.82    0.82   clock clk (rise edge)
   0.00    0.82   clock source latency
   0.00    0.82 ^ clk (in)
   0.08    0.90 ^ clkbuf_0_clk/Z (CLKBUF_X3)
   0.08    0.97 ^ clkbuf_3_3__f_clk/Z (CLKBUF_X3)
   0.04    1.01 ^ clkbuf_leaf_6_clk/Z (CLKBUF_X3)
   0.00    1.01 ^ sa21_sr[1]$_DFF_P_/CK (DFF_X1)
   0.00    1.01   clock reconvergence pessimism
  -0.04    0.97   library setup time
           0.97   data required time
---------------------------------------------------------
           0.97   data required time
          -0.96   data arrival time
---------------------------------------------------------
           0.01   slack (MET)



==========================================================================
cts final report_checks -path_delay min reg to reg
--------------------------------------------------------------------------
Startpoint: u0.r0.rcnt[0]$_SDFF_PP0_
            (rising edge-triggered flip-flop clocked by clk)
Endpoint: u0.r0.out[25]$_SDFF_PP0_
          (rising edge-triggered flip-flop clocked by clk)
Path Group: clk
Path Type: min

  Delay    Time   Description
---------------------------------------------------------
   0.00    0.00   clock clk (rise edge)
   0.00    0.00   clock source latency
   0.00    0.00 ^ clk (in)
   0.08    0.08 ^ clkbuf_0_clk/Z (CLKBUF_X3)
   0.08    0.15 ^ clkbuf_3_1__f_clk/Z (CLKBUF_X3)
   0.04    0.20 ^ clkbuf_leaf_87_clk/Z (CLKBUF_X3)
   0.00    0.20 ^ u0.r0.rcnt[0]$_SDFF_PP0_/CK (DFF_X1)
   0.08    0.27 ^ u0.r0.rcnt[0]$_SDFF_PP0_/QN (DFF_X1)
   0.02    0.29 v _13856_/ZN (INV_X1)
   0.03    0.32 ^ _14708_/ZN (AOI21_X1)
   0.00    0.32 ^ u0.r0.out[25]$_SDFF_PP0_/D (DFF_X1)
           0.32   data arrival time

   0.00    0.00   clock clk (rise edge)
   0.00    0.00   clock source latency
   0.00    0.00 ^ clk (in)
   0.08    0.08 ^ clkbuf_0_clk/Z (CLKBUF_X3)
   0.08    0.16 ^ clkbuf_3_4__f_clk/Z (CLKBUF_X3)
   0.05    0.21 ^ clkbuf_leaf_71_clk/Z (CLKBUF_X3)
   0.00    0.21 ^ u0.r0.out[25]$_SDFF_PP0_/CK (DFF_X1)
   0.00    0.21   clock reconvergence pessimism
   0.01    0.22   library hold time
           0.22   data required time
---------------------------------------------------------
           0.22   data required time
          -0.32   data arrival time
---------------------------------------------------------
           0.10   slack (MET)



==========================================================================
cts final critical path target clock latency max path
--------------------------------------------------------------------------
0.1962

==========================================================================
cts final critical path target clock latency min path
--------------------------------------------------------------------------
0.2051

==========================================================================
cts final critical path source clock latency min path
--------------------------------------------------------------------------
0.0000

==========================================================================
cts final critical path delay
--------------------------------------------------------------------------
0.9624

==========================================================================
cts final critical path slack
--------------------------------------------------------------------------
0.0121

==========================================================================
cts final slack div critical path delay
--------------------------------------------------------------------------
1.257273

==========================================================================
cts final report_power
--------------------------------------------------------------------------
Group                  Internal  Switching    Leakage      Total
                          Power      Power      Power      Power (Watts)
----------------------------------------------------------------
Sequential             8.97e-03   3.61e-03   4.45e-05   1.26e-02   4.3%
Combinational          1.27e-01   1.52e-01   4.56e-04   2.80e-01  94.5%
Clock                  1.67e-03   2.02e-03   4.94e-06   3.70e-03   1.2%
Macro                  0.00e+00   0.00e+00   0.00e+00   0.00e+00   0.0%
Pad                    0.00e+00   0.00e+00   0.00e+00   0.00e+00   0.0%
----------------------------------------------------------------
Total                  1.38e-01   1.58e-01   5.06e-04   2.96e-01 100.0%
                          46.5%      53.3%       0.2%
