
==========================================================================
finish report_tns
--------------------------------------------------------------------------
tns max -0.02

==========================================================================
finish report_wns
--------------------------------------------------------------------------
wns max -0.01

==========================================================================
finish report_worst_slack
--------------------------------------------------------------------------
worst slack max -0.01

==========================================================================
finish report_clock_min_period
--------------------------------------------------------------------------
clk period_min = 0.83 fmax = 1210.14

==========================================================================
finish report_clock_skew
--------------------------------------------------------------------------
Clock clk
   0.19 source latency u0.w[1][14]$_DFF_P_/CK ^
  -0.14 target latency text_out[78]$_DFF_P_/CK ^
   0.00 CRPR
--------------
   0.04 setup skew


==========================================================================
finish report_checks -path_delay min
--------------------------------------------------------------------------
Startpoint: text_in[127] (input port clocked by clk)
Endpoint: text_in_r[127]$_DFFE_PP_
          (rising edge-triggered flip-flop clocked by clk)
Path Group: clk
Path Type: min

Fanout     Cap    Slew   Delay    Time   Description
-----------------------------------------------------------------------------
                          0.00    0.00   clock clk (rise edge)
                          0.00    0.00   clock network delay (propagated)
                          0.16    0.16 ^ input external delay
     1    2.17    0.00    0.00    0.16 ^ text_in[127] (in)
                                         text_in[127] (net)
                  0.00    0.00    0.16 ^ input161/A (BUF_X1)
     1    1.07    0.01    0.02    0.18 ^ input161/Z (BUF_X1)
                                         net161 (net)
                  0.01    0.00    0.18 ^ _14935_/B (MUX2_X1)
     1    1.55    0.01    0.03    0.21 ^ _14935_/Z (MUX2_X1)
                                         _02393_ (net)
                  0.01    0.00    0.21 ^ text_in_r[127]$_DFFE_PP_/D (DFF_X1)
                                  0.21   data arrival time

                          0.00    0.00   clock clk (rise edge)
                          0.00    0.00   clock source latency
     1   17.49    0.00    0.00    0.00 ^ clk (in)
                                         clk (net)
                  0.00    0.00    0.00 ^ clkbuf_0_clk/A (CLKBUF_X3)
     8   51.64    0.04    0.06    0.07 ^ clkbuf_0_clk/Z (CLKBUF_X3)
                                         clknet_0_clk (net)
                  0.04    0.00    0.07 ^ clkbuf_3_4__f_clk/A (CLKBUF_X3)
    15   46.26    0.04    0.08    0.15 ^ clkbuf_3_4__f_clk/Z (CLKBUF_X3)
                                         clknet_3_4__leaf_clk (net)
                  0.04    0.00    0.15 ^ clkbuf_leaf_66_clk/A (CLKBUF_X3)
     9   10.73    0.01    0.05    0.20 ^ clkbuf_leaf_66_clk/Z (CLKBUF_X3)
                                         clknet_leaf_66_clk (net)
                  0.01    0.00    0.20 ^ text_in_r[127]$_DFFE_PP_/CK (DFF_X1)
                          0.00    0.20   clock reconvergence pessimism
                          0.01    0.21   library hold time
                                  0.21   data required time
-----------------------------------------------------------------------------
                                  0.21   data required time
                                 -0.21   data arrival time
-----------------------------------------------------------------------------
                                  0.01   slack (MET)



==========================================================================
finish report_checks -path_delay max
--------------------------------------------------------------------------
Startpoint: sa00_sr[1]$_DFF_P_ (rising edge-triggered flip-flop clocked by clk)
Endpoint: sa31_sr[5]$_DFF_P_ (rising edge-triggered flip-flop clocked by clk)
Path Group: clk
Path Type: max

Fanout     Cap    Slew   Delay    Time   Description
-----------------------------------------------------------------------------
                          0.00    0.00   clock clk (rise edge)
                          0.00    0.00   clock source latency
     1   17.49    0.00    0.00    0.00 ^ clk (in)
                                         clk (net)
                  0.00    0.00    0.00 ^ clkbuf_0_clk/A (CLKBUF_X3)
     8   51.64    0.04    0.06    0.07 ^ clkbuf_0_clk/Z (CLKBUF_X3)
                                         clknet_0_clk (net)
                  0.04    0.00    0.07 ^ clkbuf_3_4__f_clk/A (CLKBUF_X3)
    15   46.26    0.04    0.08    0.15 ^ clkbuf_3_4__f_clk/Z (CLKBUF_X3)
                                         clknet_3_4__leaf_clk (net)
                  0.04    0.00    0.15 ^ clkbuf_leaf_65_clk/A (CLKBUF_X3)
     6   15.29    0.02    0.05    0.20 ^ clkbuf_leaf_65_clk/Z (CLKBUF_X3)
                                         clknet_leaf_65_clk (net)
                  0.02    0.00    0.20 ^ sa00_sr[1]$_DFF_P_/CK (DFF_X1)
     4   19.64    0.05    0.13    0.33 ^ sa00_sr[1]$_DFF_P_/Q (DFF_X1)
                                         _00574_ (net)
                  0.05    0.00    0.33 ^ _16326_/B (XNOR2_X1)
     3    9.14    0.03    0.05    0.38 v _16326_/ZN (XNOR2_X1)
                                         _03784_ (net)
                  0.03    0.00    0.38 v _16327_/B (XOR2_X1)
     1    2.74    0.02    0.06    0.44 v _16327_/Z (XOR2_X1)
                                         _03785_ (net)
                  0.02    0.00    0.44 v _16330_/A (XNOR2_X1)
     2   19.38    0.10    0.12    0.56 ^ _16330_/ZN (XNOR2_X1)
                                         _03788_ (net)
                  0.10    0.00    0.57 ^ _16336_/S (MUX2_X1)
     3    8.98    0.02    0.08    0.65 v _16336_/Z (MUX2_X1)
                                         _03794_ (net)
                  0.02    0.00    0.65 v _16341_/A1 (NOR2_X4)
    17   43.12    0.05    0.07    0.72 ^ _16341_/ZN (NOR2_X4)
                                         _03799_ (net)
                  0.05    0.00    0.72 ^ _16437_/A2 (NOR2_X1)
     3    5.08    0.02    0.02    0.74 v _16437_/ZN (NOR2_X1)
                                         _03895_ (net)
                  0.02    0.00    0.74 v _16564_/A2 (AND2_X2)
     1    3.98    0.01    0.03    0.78 v _16564_/ZN (AND2_X2)
                                         _04022_ (net)
                  0.01    0.00    0.78 v _16567_/A3 (OR4_X4)
     1    4.71    0.02    0.10    0.88 v _16567_/ZN (OR4_X4)
                                         _04025_ (net)
                  0.02    0.00    0.88 v _16578_/B1 (AOI221_X2)
     1    4.54    0.05    0.08    0.96 ^ _16578_/ZN (AOI221_X2)
                                         _04036_ (net)
                  0.05    0.00    0.96 ^ _16613_/B1 (AOI21_X1)
     1    1.67    0.01    0.02    0.98 v _16613_/ZN (AOI21_X1)
                                         _04071_ (net)
                  0.01    0.00    0.98 v sa31_sr[5]$_DFF_P_/D (DFF_X1)
                                  0.98   data arrival time

                          0.82    0.82   clock clk (rise edge)
                          0.00    0.82   clock source latency
     1   17.49    0.00    0.00    0.82 ^ clk (in)
                                         clk (net)
                  0.00    0.00    0.82 ^ clkbuf_0_clk/A (CLKBUF_X3)
     8   51.64    0.04    0.06    0.89 ^ clkbuf_0_clk/Z (CLKBUF_X3)
                                         clknet_0_clk (net)
                  0.04    0.00    0.89 ^ clkbuf_3_7__f_clk/A (CLKBUF_X3)
    15   40.83    0.03    0.07    0.96 ^ clkbuf_3_7__f_clk/Z (CLKBUF_X3)
                                         clknet_3_7__leaf_clk (net)
                  0.03    0.00    0.96 ^ clkbuf_leaf_35_clk/A (CLKBUF_X3)
     8    9.95    0.01    0.04    1.01 ^ clkbuf_leaf_35_clk/Z (CLKBUF_X3)
                                         clknet_leaf_35_clk (net)
                  0.01    0.00    1.01 ^ sa31_sr[5]$_DFF_P_/CK (DFF_X1)
                          0.00    1.01   clock reconvergence pessimism
                         -0.04    0.97   library setup time
                                  0.97   data required time
-----------------------------------------------------------------------------
                                  0.97   data required time
                                 -0.98   data arrival time
-----------------------------------------------------------------------------
                                 -0.01   slack (VIOLATED)



==========================================================================
finish report_checks -unconstrained
--------------------------------------------------------------------------
Startpoint: sa00_sr[1]$_DFF_P_ (rising edge-triggered flip-flop clocked by clk)
Endpoint: sa31_sr[5]$_DFF_P_ (rising edge-triggered flip-flop clocked by clk)
Path Group: clk
Path Type: max

Fanout     Cap    Slew   Delay    Time   Description
-----------------------------------------------------------------------------
                          0.00    0.00   clock clk (rise edge)
                          0.00    0.00   clock source latency
     1   17.49    0.00    0.00    0.00 ^ clk (in)
                                         clk (net)
                  0.00    0.00    0.00 ^ clkbuf_0_clk/A (CLKBUF_X3)
     8   51.64    0.04    0.06    0.07 ^ clkbuf_0_clk/Z (CLKBUF_X3)
                                         clknet_0_clk (net)
                  0.04    0.00    0.07 ^ clkbuf_3_4__f_clk/A (CLKBUF_X3)
    15   46.26    0.04    0.08    0.15 ^ clkbuf_3_4__f_clk/Z (CLKBUF_X3)
                                         clknet_3_4__leaf_clk (net)
                  0.04    0.00    0.15 ^ clkbuf_leaf_65_clk/A (CLKBUF_X3)
     6   15.29    0.02    0.05    0.20 ^ clkbuf_leaf_65_clk/Z (CLKBUF_X3)
                                         clknet_leaf_65_clk (net)
                  0.02    0.00    0.20 ^ sa00_sr[1]$_DFF_P_/CK (DFF_X1)
     4   19.64    0.05    0.13    0.33 ^ sa00_sr[1]$_DFF_P_/Q (DFF_X1)
                                         _00574_ (net)
                  0.05    0.00    0.33 ^ _16326_/B (XNOR2_X1)
     3    9.14    0.03    0.05    0.38 v _16326_/ZN (XNOR2_X1)
                                         _03784_ (net)
                  0.03    0.00    0.38 v _16327_/B (XOR2_X1)
     1    2.74    0.02    0.06    0.44 v _16327_/Z (XOR2_X1)
                                         _03785_ (net)
                  0.02    0.00    0.44 v _16330_/A (XNOR2_X1)
     2   19.38    0.10    0.12    0.56 ^ _16330_/ZN (XNOR2_X1)
                                         _03788_ (net)
                  0.10    0.00    0.57 ^ _16336_/S (MUX2_X1)
     3    8.98    0.02    0.08    0.65 v _16336_/Z (MUX2_X1)
                                         _03794_ (net)
                  0.02    0.00    0.65 v _16341_/A1 (NOR2_X4)
    17   43.12    0.05    0.07    0.72 ^ _16341_/ZN (NOR2_X4)
                                         _03799_ (net)
                  0.05    0.00    0.72 ^ _16437_/A2 (NOR2_X1)
     3    5.08    0.02    0.02    0.74 v _16437_/ZN (NOR2_X1)
                                         _03895_ (net)
                  0.02    0.00    0.74 v _16564_/A2 (AND2_X2)
     1    3.98    0.01    0.03    0.78 v _16564_/ZN (AND2_X2)
                                         _04022_ (net)
                  0.01    0.00    0.78 v _16567_/A3 (OR4_X4)
     1    4.71    0.02    0.10    0.88 v _16567_/ZN (OR4_X4)
                                         _04025_ (net)
                  0.02    0.00    0.88 v _16578_/B1 (AOI221_X2)
     1    4.54    0.05    0.08    0.96 ^ _16578_/ZN (AOI221_X2)
                                         _04036_ (net)
                  0.05    0.00    0.96 ^ _16613_/B1 (AOI21_X1)
     1    1.67    0.01    0.02    0.98 v _16613_/ZN (AOI21_X1)
                                         _04071_ (net)
                  0.01    0.00    0.98 v sa31_sr[5]$_DFF_P_/D (DFF_X1)
                                  0.98   data arrival time

                          0.82    0.82   clock clk (rise edge)
                          0.00    0.82   clock source latency
     1   17.49    0.00    0.00    0.82 ^ clk (in)
                                         clk (net)
                  0.00    0.00    0.82 ^ clkbuf_0_clk/A (CLKBUF_X3)
     8   51.64    0.04    0.06    0.89 ^ clkbuf_0_clk/Z (CLKBUF_X3)
                                         clknet_0_clk (net)
                  0.04    0.00    0.89 ^ clkbuf_3_7__f_clk/A (CLKBUF_X3)
    15   40.83    0.03    0.07    0.96 ^ clkbuf_3_7__f_clk/Z (CLKBUF_X3)
                                         clknet_3_7__leaf_clk (net)
                  0.03    0.00    0.96 ^ clkbuf_leaf_35_clk/A (CLKBUF_X3)
     8    9.95    0.01    0.04    1.01 ^ clkbuf_leaf_35_clk/Z (CLKBUF_X3)
                                         clknet_leaf_35_clk (net)
                  0.01    0.00    1.01 ^ sa31_sr[5]$_DFF_P_/CK (DFF_X1)
                          0.00    1.01   clock reconvergence pessimism
                         -0.04    0.97   library setup time
                                  0.97   data required time
-----------------------------------------------------------------------------
                                  0.97   data required time
                                 -0.98   data arrival time
-----------------------------------------------------------------------------
                                 -0.01   slack (VIOLATED)



==========================================================================
finish report_check_types -max_slew -max_cap -max_fanout -violators
--------------------------------------------------------------------------

==========================================================================
finish max_slew_check_slack
--------------------------------------------------------------------------
0.08132104575634003

==========================================================================
finish max_slew_check_limit
--------------------------------------------------------------------------
0.1985349953174591

==========================================================================
finish max_slew_check_slack_limit
--------------------------------------------------------------------------
0.4096

==========================================================================
finish max_fanout_check_slack
--------------------------------------------------------------------------
1.0000000150474662e+30

==========================================================================
finish max_fanout_check_limit
--------------------------------------------------------------------------
1.0000000150474662e+30

==========================================================================
finish max_capacitance_check_slack
--------------------------------------------------------------------------
2.0172359943389893

==========================================================================
finish max_capacitance_check_limit
--------------------------------------------------------------------------
26.702899932861328

==========================================================================
finish max_capacitance_check_slack_limit
--------------------------------------------------------------------------
0.0755

==========================================================================
finish max_slew_violation_count
--------------------------------------------------------------------------
max slew violation count 0

==========================================================================
finish max_fanout_violation_count
--------------------------------------------------------------------------
max fanout violation count 0

==========================================================================
finish max_cap_violation_count
--------------------------------------------------------------------------
max cap violation count 0

==========================================================================
finish setup_violation_count
--------------------------------------------------------------------------
setup violation count 4

==========================================================================
finish hold_violation_count
--------------------------------------------------------------------------
hold violation count 0

==========================================================================
finish report_checks -path_delay max reg to reg
--------------------------------------------------------------------------
Startpoint: sa00_sr[1]$_DFF_P_ (rising edge-triggered flip-flop clocked by clk)
Endpoint: sa31_sr[5]$_DFF_P_ (rising edge-triggered flip-flop clocked by clk)
Path Group: clk
Path Type: max

  Delay    Time   Description
---------------------------------------------------------
   0.00    0.00   clock clk (rise edge)
   0.00    0.00   clock source latency
   0.00    0.00 ^ clk (in)
   0.07    0.07 ^ clkbuf_0_clk/Z (CLKBUF_X3)
   0.08    0.15 ^ clkbuf_3_4__f_clk/Z (CLKBUF_X3)
   0.05    0.20 ^ clkbuf_leaf_65_clk/Z (CLKBUF_X3)
   0.00    0.20 ^ sa00_sr[1]$_DFF_P_/CK (DFF_X1)
   0.13    0.33 ^ sa00_sr[1]$_DFF_P_/Q (DFF_X1)
   0.05    0.38 v _16326_/ZN (XNOR2_X1)
   0.06    0.44 v _16327_/Z (XOR2_X1)
   0.12    0.56 ^ _16330_/ZN (XNOR2_X1)
   0.08    0.65 v _16336_/Z (MUX2_X1)
   0.07    0.72 ^ _16341_/ZN (NOR2_X4)
   0.03    0.74 v _16437_/ZN (NOR2_X1)
   0.03    0.78 v _16564_/ZN (AND2_X2)
   0.10    0.88 v _16567_/ZN (OR4_X4)
   0.08    0.96 ^ _16578_/ZN (AOI221_X2)
   0.02    0.98 v _16613_/ZN (AOI21_X1)
   0.00    0.98 v sa31_sr[5]$_DFF_P_/D (DFF_X1)
           0.98   data arrival time

   0.82    0.82   clock clk (rise edge)
   0.00    0.82   clock source latency
   0.00    0.82 ^ clk (in)
   0.07    0.89 ^ clkbuf_0_clk/Z (CLKBUF_X3)
   0.08    0.96 ^ clkbuf_3_7__f_clk/Z (CLKBUF_X3)
   0.05    1.01 ^ clkbuf_leaf_35_clk/Z (CLKBUF_X3)
   0.00    1.01 ^ sa31_sr[5]$_DFF_P_/CK (DFF_X1)
   0.00    1.01   clock reconvergence pessimism
  -0.04    0.97   library setup time
           0.97   data required time
---------------------------------------------------------
           0.97   data required time
          -0.98   data arrival time
---------------------------------------------------------
          -0.01   slack (VIOLATED)



==========================================================================
finish report_checks -path_delay min reg to reg
--------------------------------------------------------------------------
Startpoint: u0.r0.rcnt[0]$_SDFF_PP0_
            (rising edge-triggered flip-flop clocked by clk)
Endpoint: u0.r0.out[25]$_SDFF_PP0_
          (rising edge-triggered flip-flop clocked by clk)
Path Group: clk
Path Type: min

  Delay    Time   Description
---------------------------------------------------------
   0.00    0.00   clock clk (rise edge)
   0.00    0.00   clock source latency
   0.00    0.00 ^ clk (in)
   0.07    0.07 ^ clkbuf_0_clk/Z (CLKBUF_X3)
   0.07    0.14 ^ clkbuf_3_1__f_clk/Z (CLKBUF_X3)
   0.04    0.19 ^ clkbuf_leaf_87_clk/Z (CLKBUF_X3)
   0.00    0.19 ^ u0.r0.rcnt[0]$_SDFF_PP0_/CK (DFF_X1)
   0.08    0.26 ^ u0.r0.rcnt[0]$_SDFF_PP0_/QN (DFF_X1)
   0.02    0.28 v _13856_/ZN (INV_X1)
   0.03    0.31 ^ _14708_/ZN (AOI21_X1)
   0.00    0.31 ^ u0.r0.out[25]$_SDFF_PP0_/D (DFF_X1)
           0.31   data arrival time

   0.00    0.00   clock clk (rise edge)
   0.00    0.00   clock source latency
   0.00    0.00 ^ clk (in)
   0.07    0.07 ^ clkbuf_0_clk/Z (CLKBUF_X3)
   0.08    0.15 ^ clkbuf_3_4__f_clk/Z (CLKBUF_X3)
   0.05    0.20 ^ clkbuf_leaf_71_clk/Z (CLKBUF_X3)
   0.00    0.20 ^ u0.r0.out[25]$_SDFF_PP0_/CK (DFF_X1)
   0.00    0.20   clock reconvergence pessimism
   0.01    0.21   library hold time
           0.21   data required time
---------------------------------------------------------
           0.21   data required time
          -0.31   data arrival time
---------------------------------------------------------
           0.10   slack (MET)



==========================================================================
finish critical path target clock latency max path
--------------------------------------------------------------------------
0.1836

==========================================================================
finish critical path target clock latency min path
--------------------------------------------------------------------------
0.1960

==========================================================================
finish critical path source clock latency min path
--------------------------------------------------------------------------
0.0000

==========================================================================
finish critical path delay
--------------------------------------------------------------------------
0.9765

==========================================================================
finish critical path slack
--------------------------------------------------------------------------
-0.0063

==========================================================================
finish slack div critical path delay
--------------------------------------------------------------------------
-0.645161

==========================================================================
finish report_power
--------------------------------------------------------------------------
Group                  Internal  Switching    Leakage      Total
                          Power      Power      Power      Power (Watts)
----------------------------------------------------------------
Sequential             8.97e-03   3.62e-03   4.45e-05   1.26e-02   4.2%
Combinational          1.28e-01   1.58e-01   4.56e-04   2.86e-01  94.6%
Clock                  1.67e-03   1.97e-03   4.94e-06   3.64e-03   1.2%
Macro                  0.00e+00   0.00e+00   0.00e+00   0.00e+00   0.0%
Pad                    0.00e+00   0.00e+00   0.00e+00   0.00e+00   0.0%
----------------------------------------------------------------
Total                  1.38e-01   1.64e-01   5.06e-04   3.03e-01 100.0%
                          45.7%      54.1%       0.2%
