
==========================================================================
finish report_tns
--------------------------------------------------------------------------
tns max 0.00

==========================================================================
finish report_wns
--------------------------------------------------------------------------
wns max 0.00

==========================================================================
finish report_worst_slack
--------------------------------------------------------------------------
worst slack max 0.06

==========================================================================
finish report_clock_min_period
--------------------------------------------------------------------------
clk period_min = 4.44 fmax = 225.11

==========================================================================
finish report_clock_skew
--------------------------------------------------------------------------
Clock clk
   0.72 source latency u0.u1.d[6]$_DFF_P_/CLK ^
  -0.93 target latency u0.u0.d[4]$_DFF_P_/CLK ^
   0.00 CRPR
--------------
  -0.21 setup skew


==========================================================================
finish report_checks -path_delay min
--------------------------------------------------------------------------
Startpoint: ld (input port clocked by clk)
Endpoint: text_in_r[105]$_DFFE_PP_
          (rising edge-triggered flip-flop clocked by clk)
Path Group: clk
Path Type: min

Fanout     Cap    Slew   Delay    Time   Description
-----------------------------------------------------------------------------
                          0.00    0.00   clock clk (rise edge)
                          0.00    0.00   clock network delay (propagated)
                          0.90    0.90 v input external delay
     1    0.01    0.00    0.00    0.90 v ld (in)
                                         ld (net)
                  0.00    0.00    0.90 v input129/A (sky130_fd_sc_hd__buf_8)
    19    0.22    0.15    0.17    1.07 v input129/X (sky130_fd_sc_hd__buf_8)
                                         net129 (net)
                  0.15    0.01    1.08 v text_in_r[105]$_DFFE_PP_/DE (sky130_fd_sc_hd__edfxtp_1)
                                  1.08   data arrival time

                          0.00    0.00   clock clk (rise edge)
                          0.00    0.00   clock source latency
     1    0.09    0.00    0.00    0.00 ^ clk (in)
                                         clk (net)
                  0.01    0.00    0.00 ^ clkbuf_0_clk/A (sky130_fd_sc_hd__clkbuf_16)
     4    0.18    0.19    0.22    0.23 ^ clkbuf_0_clk/X (sky130_fd_sc_hd__clkbuf_16)
                                         clknet_0_clk (net)
                  0.19    0.01    0.23 ^ clkbuf_2_3_0_clk/A (sky130_fd_sc_hd__clkbuf_16)
     4    0.12    0.14    0.25    0.49 ^ clkbuf_2_3_0_clk/X (sky130_fd_sc_hd__clkbuf_16)
                                         clknet_2_3_0_clk (net)
                  0.14    0.00    0.49 ^ clkbuf_4_13__f_clk/A (sky130_fd_sc_hd__clkbuf_16)
    11    0.13    0.15    0.24    0.73 ^ clkbuf_4_13__f_clk/X (sky130_fd_sc_hd__clkbuf_16)
                                         clknet_4_13__leaf_clk (net)
                  0.15    0.00    0.73 ^ clkbuf_leaf_68_clk/A (sky130_fd_sc_hd__clkbuf_16)
     9    0.03    0.05    0.17    0.90 ^ clkbuf_leaf_68_clk/X (sky130_fd_sc_hd__clkbuf_16)
                                         clknet_leaf_68_clk (net)
                  0.05    0.00    0.90 ^ text_in_r[105]$_DFFE_PP_/CLK (sky130_fd_sc_hd__edfxtp_1)
                          0.00    0.90   clock reconvergence pessimism
                         -0.21    0.70   library hold time
                                  0.70   data required time
-----------------------------------------------------------------------------
                                  0.70   data required time
                                 -1.08   data arrival time
-----------------------------------------------------------------------------
                                  0.38   slack (MET)



==========================================================================
finish report_checks -path_delay max
--------------------------------------------------------------------------
Startpoint: sa10_sr[7]$_DFF_P_ (rising edge-triggered flip-flop clocked by clk)
Endpoint: sa13_sr[5]$_DFF_P_ (rising edge-triggered flip-flop clocked by clk)
Path Group: clk
Path Type: max

Fanout     Cap    Slew   Delay    Time   Description
-----------------------------------------------------------------------------
                          0.00    0.00   clock clk (rise edge)
                          0.00    0.00   clock source latency
     1    0.09    0.00    0.00    0.00 ^ clk (in)
                                         clk (net)
                  0.01    0.00    0.00 ^ clkbuf_0_clk/A (sky130_fd_sc_hd__clkbuf_16)
     4    0.18    0.19    0.22    0.23 ^ clkbuf_0_clk/X (sky130_fd_sc_hd__clkbuf_16)
                                         clknet_0_clk (net)
                  0.19    0.01    0.23 ^ clkbuf_2_3_0_clk/A (sky130_fd_sc_hd__clkbuf_16)
     4    0.12    0.14    0.25    0.49 ^ clkbuf_2_3_0_clk/X (sky130_fd_sc_hd__clkbuf_16)
                                         clknet_2_3_0_clk (net)
                  0.14    0.00    0.49 ^ clkbuf_4_14__f_clk/A (sky130_fd_sc_hd__clkbuf_16)
    10    0.15    0.16    0.25    0.74 ^ clkbuf_4_14__f_clk/X (sky130_fd_sc_hd__clkbuf_16)
                                         clknet_4_14__leaf_clk (net)
                  0.16    0.00    0.74 ^ clkbuf_leaf_59_clk/A (sky130_fd_sc_hd__clkbuf_16)
     6    0.03    0.05    0.18    0.92 ^ clkbuf_leaf_59_clk/X (sky130_fd_sc_hd__clkbuf_16)
                                         clknet_leaf_59_clk (net)
                  0.05    0.00    0.92 ^ sa10_sr[7]$_DFF_P_/CLK (sky130_fd_sc_hd__dfxtp_1)
     6    0.06    0.55    0.66    1.58 ^ sa10_sr[7]$_DFF_P_/Q (sky130_fd_sc_hd__dfxtp_1)
                                         _00051_ (net)
                  0.55    0.01    1.59 ^ _13248_/B (sky130_fd_sc_hd__xnor2_1)
     3    0.02    0.37    0.28    1.86 ^ _13248_/Y (sky130_fd_sc_hd__xnor2_1)
                                         _02707_ (net)
                  0.37    0.00    1.86 ^ _16745_/A (sky130_fd_sc_hd__xnor3_1)
     1    0.05    0.30    0.70    2.57 v _16745_/X (sky130_fd_sc_hd__xnor3_1)
                                         _06204_ (net)
                  0.30    0.01    2.58 v _16746_/A0 (sky130_fd_sc_hd__mux2i_1)
     2    0.02    0.41    0.43    3.01 ^ _16746_/Y (sky130_fd_sc_hd__mux2i_1)
                                         _06205_ (net)
                  0.41    0.00    3.01 ^ _16748_/B (sky130_fd_sc_hd__xnor2_2)
     1    0.01    0.09    0.13    3.13 v _16748_/Y (sky130_fd_sc_hd__xnor2_2)
                                         _06207_ (net)
                  0.09    0.00    3.13 v place4230/A (sky130_fd_sc_hd__buf_12)
    32    0.16    0.09    0.18    3.31 v place4230/X (sky130_fd_sc_hd__buf_12)
                                         net4230 (net)
                  0.12    0.04    3.35 v _16887_/A (sky130_fd_sc_hd__nor2_1)
     4    0.05    0.79    0.65    4.00 ^ _16887_/Y (sky130_fd_sc_hd__nor2_1)
                                         _06346_ (net)
                  0.79    0.00    4.00 ^ _16983_/B1 (sky130_fd_sc_hd__a32oi_1)
     1    0.01    0.18    0.14    4.14 v _16983_/Y (sky130_fd_sc_hd__a32oi_1)
                                         _06442_ (net)
                  0.18    0.00    4.14 v _16987_/A2 (sky130_fd_sc_hd__o211ai_1)
     1    0.02    0.46    0.45    4.59 ^ _16987_/Y (sky130_fd_sc_hd__o211ai_1)
                                         _06446_ (net)
                  0.46    0.00    4.59 ^ _16999_/A2 (sky130_fd_sc_hd__a211oi_1)
     1    0.01    0.12    0.18    4.77 v _16999_/Y (sky130_fd_sc_hd__a211oi_1)
                                         _06458_ (net)
                  0.12    0.00    4.77 v place2327/A (sky130_fd_sc_hd__buf_4)
     2    0.01    0.03    0.17    4.93 v place2327/X (sky130_fd_sc_hd__buf_4)
                                         net2327 (net)
                  0.03    0.00    4.93 v _17028_/C1 (sky130_fd_sc_hd__a211oi_1)
     1    0.00    0.19    0.17    5.10 ^ _17028_/Y (sky130_fd_sc_hd__a211oi_1)
                                         _06487_ (net)
                  0.19    0.00    5.10 ^ _17042_/B (sky130_fd_sc_hd__nor3_1)
     1    0.01    0.10    0.10    5.21 v _17042_/Y (sky130_fd_sc_hd__nor3_1)
                                         _06501_ (net)
                  0.10    0.00    5.21 v sa13_sr[5]$_DFF_P_/D (sky130_fd_sc_hd__dfxtp_1)
                                  5.21   data arrival time

                          4.50    4.50   clock clk (rise edge)
                          0.00    4.50   clock source latency
     1    0.09    0.00    0.00    4.50 ^ clk (in)
                                         clk (net)
                  0.01    0.00    4.50 ^ clkbuf_0_clk/A (sky130_fd_sc_hd__clkbuf_16)
     4    0.18    0.19    0.22    4.73 ^ clkbuf_0_clk/X (sky130_fd_sc_hd__clkbuf_16)
                                         clknet_0_clk (net)
                  0.19    0.01    4.73 ^ clkbuf_2_0_0_clk/A (sky130_fd_sc_hd__clkbuf_16)
     4    0.12    0.13    0.25    4.98 ^ clkbuf_2_0_0_clk/X (sky130_fd_sc_hd__clkbuf_16)
                                         clknet_2_0_0_clk (net)
                  0.13    0.00    4.99 ^ clkbuf_4_0__f_clk/A (sky130_fd_sc_hd__clkbuf_16)
     8    0.12    0.14    0.23    5.22 ^ clkbuf_4_0__f_clk/X (sky130_fd_sc_hd__clkbuf_16)
                                         clknet_4_0__leaf_clk (net)
                  0.14    0.01    5.22 ^ clkbuf_leaf_131_clk/A (sky130_fd_sc_hd__clkbuf_16)
     4    0.04    0.06    0.17    5.40 ^ clkbuf_leaf_131_clk/X (sky130_fd_sc_hd__clkbuf_16)
                                         clknet_leaf_131_clk (net)
                  0.06    0.00    5.40 ^ sa13_sr[5]$_DFF_P_/CLK (sky130_fd_sc_hd__dfxtp_1)
                          0.00    5.40   clock reconvergence pessimism
                         -0.13    5.26   library setup time
                                  5.26   data required time
-----------------------------------------------------------------------------
                                  5.26   data required time
                                 -5.21   data arrival time
-----------------------------------------------------------------------------
                                  0.06   slack (MET)



==========================================================================
finish report_checks -unconstrained
--------------------------------------------------------------------------
Startpoint: sa10_sr[7]$_DFF_P_ (rising edge-triggered flip-flop clocked by clk)
Endpoint: sa13_sr[5]$_DFF_P_ (rising edge-triggered flip-flop clocked by clk)
Path Group: clk
Path Type: max

Fanout     Cap    Slew   Delay    Time   Description
-----------------------------------------------------------------------------
                          0.00    0.00   clock clk (rise edge)
                          0.00    0.00   clock source latency
     1    0.09    0.00    0.00    0.00 ^ clk (in)
                                         clk (net)
                  0.01    0.00    0.00 ^ clkbuf_0_clk/A (sky130_fd_sc_hd__clkbuf_16)
     4    0.18    0.19    0.22    0.23 ^ clkbuf_0_clk/X (sky130_fd_sc_hd__clkbuf_16)
                                         clknet_0_clk (net)
                  0.19    0.01    0.23 ^ clkbuf_2_3_0_clk/A (sky130_fd_sc_hd__clkbuf_16)
     4    0.12    0.14    0.25    0.49 ^ clkbuf_2_3_0_clk/X (sky130_fd_sc_hd__clkbuf_16)
                                         clknet_2_3_0_clk (net)
                  0.14    0.00    0.49 ^ clkbuf_4_14__f_clk/A (sky130_fd_sc_hd__clkbuf_16)
    10    0.15    0.16    0.25    0.74 ^ clkbuf_4_14__f_clk/X (sky130_fd_sc_hd__clkbuf_16)
                                         clknet_4_14__leaf_clk (net)
                  0.16    0.00    0.74 ^ clkbuf_leaf_59_clk/A (sky130_fd_sc_hd__clkbuf_16)
     6    0.03    0.05    0.18    0.92 ^ clkbuf_leaf_59_clk/X (sky130_fd_sc_hd__clkbuf_16)
                                         clknet_leaf_59_clk (net)
                  0.05    0.00    0.92 ^ sa10_sr[7]$_DFF_P_/CLK (sky130_fd_sc_hd__dfxtp_1)
     6    0.06    0.55    0.66    1.58 ^ sa10_sr[7]$_DFF_P_/Q (sky130_fd_sc_hd__dfxtp_1)
                                         _00051_ (net)
                  0.55    0.01    1.59 ^ _13248_/B (sky130_fd_sc_hd__xnor2_1)
     3    0.02    0.37    0.28    1.86 ^ _13248_/Y (sky130_fd_sc_hd__xnor2_1)
                                         _02707_ (net)
                  0.37    0.00    1.86 ^ _16745_/A (sky130_fd_sc_hd__xnor3_1)
     1    0.05    0.30    0.70    2.57 v _16745_/X (sky130_fd_sc_hd__xnor3_1)
                                         _06204_ (net)
                  0.30    0.01    2.58 v _16746_/A0 (sky130_fd_sc_hd__mux2i_1)
     2    0.02    0.41    0.43    3.01 ^ _16746_/Y (sky130_fd_sc_hd__mux2i_1)
                                         _06205_ (net)
                  0.41    0.00    3.01 ^ _16748_/B (sky130_fd_sc_hd__xnor2_2)
     1    0.01    0.09    0.13    3.13 v _16748_/Y (sky130_fd_sc_hd__xnor2_2)
                                         _06207_ (net)
                  0.09    0.00    3.13 v place4230/A (sky130_fd_sc_hd__buf_12)
    32    0.16    0.09    0.18    3.31 v place4230/X (sky130_fd_sc_hd__buf_12)
                                         net4230 (net)
                  0.12    0.04    3.35 v _16887_/A (sky130_fd_sc_hd__nor2_1)
     4    0.05    0.79    0.65    4.00 ^ _16887_/Y (sky130_fd_sc_hd__nor2_1)
                                         _06346_ (net)
                  0.79    0.00    4.00 ^ _16983_/B1 (sky130_fd_sc_hd__a32oi_1)
     1    0.01    0.18    0.14    4.14 v _16983_/Y (sky130_fd_sc_hd__a32oi_1)
                                         _06442_ (net)
                  0.18    0.00    4.14 v _16987_/A2 (sky130_fd_sc_hd__o211ai_1)
     1    0.02    0.46    0.45    4.59 ^ _16987_/Y (sky130_fd_sc_hd__o211ai_1)
                                         _06446_ (net)
                  0.46    0.00    4.59 ^ _16999_/A2 (sky130_fd_sc_hd__a211oi_1)
     1    0.01    0.12    0.18    4.77 v _16999_/Y (sky130_fd_sc_hd__a211oi_1)
                                         _06458_ (net)
                  0.12    0.00    4.77 v place2327/A (sky130_fd_sc_hd__buf_4)
     2    0.01    0.03    0.17    4.93 v place2327/X (sky130_fd_sc_hd__buf_4)
                                         net2327 (net)
                  0.03    0.00    4.93 v _17028_/C1 (sky130_fd_sc_hd__a211oi_1)
     1    0.00    0.19    0.17    5.10 ^ _17028_/Y (sky130_fd_sc_hd__a211oi_1)
                                         _06487_ (net)
                  0.19    0.00    5.10 ^ _17042_/B (sky130_fd_sc_hd__nor3_1)
     1    0.01    0.10    0.10    5.21 v _17042_/Y (sky130_fd_sc_hd__nor3_1)
                                         _06501_ (net)
                  0.10    0.00    5.21 v sa13_sr[5]$_DFF_P_/D (sky130_fd_sc_hd__dfxtp_1)
                                  5.21   data arrival time

                          4.50    4.50   clock clk (rise edge)
                          0.00    4.50   clock source latency
     1    0.09    0.00    0.00    4.50 ^ clk (in)
                                         clk (net)
                  0.01    0.00    4.50 ^ clkbuf_0_clk/A (sky130_fd_sc_hd__clkbuf_16)
     4    0.18    0.19    0.22    4.73 ^ clkbuf_0_clk/X (sky130_fd_sc_hd__clkbuf_16)
                                         clknet_0_clk (net)
                  0.19    0.01    4.73 ^ clkbuf_2_0_0_clk/A (sky130_fd_sc_hd__clkbuf_16)
     4    0.12    0.13    0.25    4.98 ^ clkbuf_2_0_0_clk/X (sky130_fd_sc_hd__clkbuf_16)
                                         clknet_2_0_0_clk (net)
                  0.13    0.00    4.99 ^ clkbuf_4_0__f_clk/A (sky130_fd_sc_hd__clkbuf_16)
     8    0.12    0.14    0.23    5.22 ^ clkbuf_4_0__f_clk/X (sky130_fd_sc_hd__clkbuf_16)
                                         clknet_4_0__leaf_clk (net)
                  0.14    0.01    5.22 ^ clkbuf_leaf_131_clk/A (sky130_fd_sc_hd__clkbuf_16)
     4    0.04    0.06    0.17    5.40 ^ clkbuf_leaf_131_clk/X (sky130_fd_sc_hd__clkbuf_16)
                                         clknet_leaf_131_clk (net)
                  0.06    0.00    5.40 ^ sa13_sr[5]$_DFF_P_/CLK (sky130_fd_sc_hd__dfxtp_1)
                          0.00    5.40   clock reconvergence pessimism
                         -0.13    5.26   library setup time
                                  5.26   data required time
-----------------------------------------------------------------------------
                                  5.26   data required time
                                 -5.21   data arrival time
-----------------------------------------------------------------------------
                                  0.06   slack (MET)



==========================================================================
finish report_check_types -max_slew -max_cap -max_fanout -violators
--------------------------------------------------------------------------

==========================================================================
finish max_slew_check_slack
--------------------------------------------------------------------------
0.47291073203086853

==========================================================================
finish max_slew_check_limit
--------------------------------------------------------------------------
1.4944789409637451

==========================================================================
finish max_slew_check_slack_limit
--------------------------------------------------------------------------
0.3164

==========================================================================
finish max_fanout_check_slack
--------------------------------------------------------------------------
1.0000000150474662e+30

==========================================================================
finish max_fanout_check_limit
--------------------------------------------------------------------------
1.0000000150474662e+30

==========================================================================
finish max_capacitance_check_slack
--------------------------------------------------------------------------
0.00892125628888607

==========================================================================
finish max_capacitance_check_limit
--------------------------------------------------------------------------
0.021067000925540924

==========================================================================
finish max_capacitance_check_slack_limit
--------------------------------------------------------------------------
0.4235

==========================================================================
finish max_slew_violation_count
--------------------------------------------------------------------------
max slew violation count 0

==========================================================================
finish max_fanout_violation_count
--------------------------------------------------------------------------
max fanout violation count 0

==========================================================================
finish max_cap_violation_count
--------------------------------------------------------------------------
max cap violation count 0

==========================================================================
finish setup_violation_count
--------------------------------------------------------------------------
setup violation count 0

==========================================================================
finish hold_violation_count
--------------------------------------------------------------------------
hold violation count 0

==========================================================================
finish report_checks -path_delay max reg to reg
--------------------------------------------------------------------------
Startpoint: sa10_sr[7]$_DFF_P_ (rising edge-triggered flip-flop clocked by clk)
Endpoint: sa13_sr[5]$_DFF_P_ (rising edge-triggered flip-flop clocked by clk)
Path Group: clk
Path Type: max

  Delay    Time   Description
---------------------------------------------------------
   0.00    0.00   clock clk (rise edge)
   0.00    0.00   clock source latency
   0.00    0.00 ^ clk (in)
   0.23    0.23 ^ clkbuf_0_clk/X (sky130_fd_sc_hd__clkbuf_16)
   0.26    0.49 ^ clkbuf_2_3_0_clk/X (sky130_fd_sc_hd__clkbuf_16)
   0.26    0.74 ^ clkbuf_4_14__f_clk/X (sky130_fd_sc_hd__clkbuf_16)
   0.18    0.92 ^ clkbuf_leaf_59_clk/X (sky130_fd_sc_hd__clkbuf_16)
   0.00    0.92 ^ sa10_sr[7]$_DFF_P_/CLK (sky130_fd_sc_hd__dfxtp_1)
   0.66    1.58 ^ sa10_sr[7]$_DFF_P_/Q (sky130_fd_sc_hd__dfxtp_1)
   0.29    1.86 ^ _13248_/Y (sky130_fd_sc_hd__xnor2_1)
   0.70    2.57 v _16745_/X (sky130_fd_sc_hd__xnor3_1)
   0.44    3.01 ^ _16746_/Y (sky130_fd_sc_hd__mux2i_1)
   0.13    3.13 v _16748_/Y (sky130_fd_sc_hd__xnor2_2)
   0.18    3.31 v place4230/X (sky130_fd_sc_hd__buf_12)
   0.69    4.00 ^ _16887_/Y (sky130_fd_sc_hd__nor2_1)
   0.14    4.14 v _16983_/Y (sky130_fd_sc_hd__a32oi_1)
   0.45    4.59 ^ _16987_/Y (sky130_fd_sc_hd__o211ai_1)
   0.18    4.77 v _16999_/Y (sky130_fd_sc_hd__a211oi_1)
   0.17    4.93 v place2327/X (sky130_fd_sc_hd__buf_4)
   0.17    5.10 ^ _17028_/Y (sky130_fd_sc_hd__a211oi_1)
   0.10    5.21 v _17042_/Y (sky130_fd_sc_hd__nor3_1)
   0.00    5.21 v sa13_sr[5]$_DFF_P_/D (sky130_fd_sc_hd__dfxtp_1)
           5.21   data arrival time

   4.50    4.50   clock clk (rise edge)
   0.00    4.50   clock source latency
   0.00    4.50 ^ clk (in)
   0.23    4.73 ^ clkbuf_0_clk/X (sky130_fd_sc_hd__clkbuf_16)
   0.25    4.98 ^ clkbuf_2_0_0_clk/X (sky130_fd_sc_hd__clkbuf_16)
   0.23    5.22 ^ clkbuf_4_0__f_clk/X (sky130_fd_sc_hd__clkbuf_16)
   0.18    5.40 ^ clkbuf_leaf_131_clk/X (sky130_fd_sc_hd__clkbuf_16)
   0.00    5.40 ^ sa13_sr[5]$_DFF_P_/CLK (sky130_fd_sc_hd__dfxtp_1)
   0.00    5.40   clock reconvergence pessimism
  -0.13    5.26   library setup time
           5.26   data required time
---------------------------------------------------------
           5.26   data required time
          -5.21   data arrival time
---------------------------------------------------------
           0.06   slack (MET)



==========================================================================
finish report_checks -path_delay min reg to reg
--------------------------------------------------------------------------
Startpoint: u0.u1.d[6]$_DFF_P_ (rising edge-triggered flip-flop clocked by clk)
Endpoint: u0.w[0][22]$_DFF_P_ (rising edge-triggered flip-flop clocked by clk)
Path Group: clk
Path Type: min

  Delay    Time   Description
---------------------------------------------------------
   0.00    0.00   clock clk (rise edge)
   0.00    0.00   clock source latency
   0.00    0.00 ^ clk (in)
   0.23    0.23 ^ clkbuf_0_clk/X (sky130_fd_sc_hd__clkbuf_16)
   0.25    0.47 ^ clkbuf_2_2_0_clk/X (sky130_fd_sc_hd__clkbuf_16)
   0.24    0.71 ^ clkbuf_4_11__f_clk/X (sky130_fd_sc_hd__clkbuf_16)
   0.00    0.72 ^ u0.u1.d[6]$_DFF_P_/CLK (sky130_fd_sc_hd__dfxtp_1)
   0.35    1.07 v u0.u1.d[6]$_DFF_P_/Q (sky130_fd_sc_hd__dfxtp_1)
   0.12    1.19 ^ _13741_/X (sky130_fd_sc_hd__xor2_1)
   0.12    1.31 ^ _15902_/X (sky130_fd_sc_hd__mux2_1)
   0.00    1.31 ^ u0.w[0][22]$_DFF_P_/D (sky130_fd_sc_hd__dfxtp_1)
           1.31   data arrival time

   0.00    0.00   clock clk (rise edge)
   0.00    0.00   clock source latency
   0.00    0.00 ^ clk (in)
   0.23    0.23 ^ clkbuf_0_clk/X (sky130_fd_sc_hd__clkbuf_16)
   0.26    0.49 ^ clkbuf_2_3_0_clk/X (sky130_fd_sc_hd__clkbuf_16)
   0.26    0.74 ^ clkbuf_4_14__f_clk/X (sky130_fd_sc_hd__clkbuf_16)
   0.18    0.92 ^ clkbuf_leaf_54_clk/X (sky130_fd_sc_hd__clkbuf_16)
   0.00    0.92 ^ u0.w[0][22]$_DFF_P_/CLK (sky130_fd_sc_hd__dfxtp_1)
   0.00    0.92   clock reconvergence pessimism
  -0.03    0.89   library hold time
           0.89   data required time
---------------------------------------------------------
           0.89   data required time
          -1.31   data arrival time
---------------------------------------------------------
           0.42   slack (MET)



==========================================================================
finish critical path target clock latency max path
--------------------------------------------------------------------------
0.9171

==========================================================================
finish critical path target clock latency min path
--------------------------------------------------------------------------
0.9043

==========================================================================
finish critical path source clock latency min path
--------------------------------------------------------------------------
0.0000

==========================================================================
finish critical path delay
--------------------------------------------------------------------------
5.2072

==========================================================================
finish critical path slack
--------------------------------------------------------------------------
0.0578

==========================================================================
finish slack div critical path delay
--------------------------------------------------------------------------
1.110002

==========================================================================
finish report_power
--------------------------------------------------------------------------
Group                  Internal  Switching    Leakage      Total
                          Power      Power      Power      Power (Watts)
----------------------------------------------------------------
Sequential             8.15e-03   3.80e-03   4.91e-09   1.19e-02   2.9%
Combinational          1.45e-01   2.53e-01   3.82e-08   3.97e-01  94.9%
Clock                  5.43e-03   4.00e-03   1.93e-09   9.43e-03   2.3%
Macro                  0.00e+00   0.00e+00   0.00e+00   0.00e+00   0.0%
Pad                    0.00e+00   0.00e+00   0.00e+00   0.00e+00   0.0%
----------------------------------------------------------------
Total                  1.58e-01   2.60e-01   4.51e-08   4.19e-01 100.0%
                          37.8%      62.2%       0.0%
